Microchip Technology Inc, vv1_11 (A) „

Tool Name:
  c:\program files (x86)\microchip\xc16\v1.11\bin\bin\..\bin/elf-ld.exe

Command:
  -p24HJ128GP204 \
  -o \
  dist/default/production/72-IMU.production.elf \
  -Lc:/program files (x86)/microchip/xc16/v1.11/bin/bin/.. \
  -Lc:/program files (x86)/microchip/xc16/v1.11/bin/bin/../../lib \
  -Lc:/program files (x86)/microchip/xc16/v1.11/bin/bin/../../lib/PIC24E \
  -Lc:/program files (x86)/microchip/xc16/v1.11/bin/bin/../../support/PIC24E/gld \
  -Lc:/program files (x86)/microchip/xc16/v1.11/bin/bin/../../lib/PIC24F \
  -Lc:/program files (x86)/microchip/xc16/v1.11/bin/bin/../../support/PIC24F/gld \
  -Lc:/program files (x86)/microchip/xc16/v1.11/bin/bin/../../lib/PIC24H \
  -Lc:/program files (x86)/microchip/xc16/v1.11/bin/bin/../../support/PIC24H/gld \
  -Lc:/program files (x86)/microchip/xc16/v1.11/bin/bin/../../lib/dsPIC30F \
  -Lc:/program files (x86)/microchip/xc16/v1.11/bin/bin/../../support/dsPIC30F/gld \
  -Lc:/program files (x86)/microchip/xc16/v1.11/bin/bin/../../lib/dsPIC33E \
  -Lc:/program files (x86)/microchip/xc16/v1.11/bin/bin/../../support/dsPIC33E/gld \
  -Lc:/program files (x86)/microchip/xc16/v1.11/bin/bin/../../lib/dsPIC33F \
  -Lc:/program files (x86)/microchip/xc16/v1.11/bin/bin/../../support/dsPIC33F/gld \
  build/default/production/_ext/261189241/BLI.o \
  build/default/production/_ext/261189241/BLIInit.o \
  build/default/production/_ext/261189241/BLILocal.o \
  build/default/production/_ext/261189241/BLIMorse.o \
  build/default/production/_ext/261190851/DBG.o \
  build/default/production/_ext/261190888/DCM.o \
  build/default/production/_ext/261190888/DCMBaseVectors.o \
  build/default/production/_ext/261190888/DCMConstructors.o \
  build/default/production/_ext/261190888/DCMLocal.o \
  build/default/production/_ext/261190888/DCMMethods.o \
  build/default/production/_ext/1219465957/HMCMAG_Async.o \
  build/default/production/_ext/1219465957/HMCMAG_Init.o \
  build/default/production/_ext/1219465957/HMCMAG_ISR_INT2.o \
  build/default/production/_ext/1219465957/HMCMAG_Local.o \
  build/default/production/_ext/1219465957/HMCMAG_Mgmt.o \
  build/default/production/_ext/1219465957/HMCMAG_Sync.o \
  build/default/production/_ext/261195156/I2C_Async.o \
  build/default/production/_ext/261195156/I2C_Init.o \
  build/default/production/_ext/261195156/I2C_ISR.o \
  build/default/production/_ext/261195156/I2C_Local.o \
  build/default/production/_ext/261195156/I2C_Sync.o \
  build/default/production/_ext/261195156/I2C_SyncRead.o \
  build/default/production/_ext/261195156/I2C_SyncWrite.o \
  build/default/production/_ext/261196011/IMU.o \
  build/default/production/_ext/261196011/IMUInit.o \
  build/default/production/_ext/492825802/Init.o \
  build/default/production/_ext/261199537/MCM.o \
  build/default/production/_ext/261199537/MCMInit.o \
  build/default/production/_ext/261199537/MCMLocal.o \
  build/default/production/_ext/1095620897/MPU6050_Async.o \
  build/default/production/_ext/1095620897/MPU6050_Init.o \
  build/default/production/_ext/1095620897/MPU6050_ISR_INT1.o \
  build/default/production/_ext/1095620897/MPU6050_Local.o \
  build/default/production/_ext/1095620897/MPU6050_Mgmt.o \
  build/default/production/_ext/1095620897/MPU6050_Reset.o \
  build/default/production/_ext/1095620897/MPU6050_Sync.o \
  build/default/production/_ext/1099952713/RC.o \
  build/default/production/_ext/1099952713/RCInit.o \
  build/default/production/_ext/1099952713/RCLocal.o \
  build/default/production/_ext/1099952713/RC_ISR.o \
  build/default/production/_ext/261206579/TMR.o \
  build/default/production/_ext/261206579/TMRInit.o \
  build/default/production/_ext/261206579/TMRLocal.o \
  build/default/production/_ext/261206579/TMR_ISR.o \
  build/default/production/_ext/492512300/UART_Local.o \
  build/default/production/_ext/492512300/UART_TX_API.o \
  build/default/production/_ext/492512300/UART_TX_Init.o \
  build/default/production/_ext/492512300/UART_TX_ISR.o \
  build/default/production/main.o \
  --defsym=__MPLAB_BUILD=1 \
  -Tp24HJ128GP204.gld.00 \
  --stack=16 \
  --check-sections \
  --data-init \
  --pack-data \
  --handles \
  --isr \
  --no-gc-sections \
  --fill-upper=0 \
  --stackguard=16 \
  --no-force-link \
  --smart-io \
  -Map=dist/default/production/72-IMU.production.map \
  --report-mem \
  -start-group \
  --library=pic30-elf \
  --library=fastm-elf \
  --library=c-elf \
  -end-group \

Archive member included because of file (symbol)

c:/program files (x86)/microchip/xc16/v1.11/bin/bin/../../lib\libpic30-elf.a(crt0_standard.o)
                              (__resetPRI)
c:/program files (x86)/microchip/xc16/v1.11/bin/bin/../../lib\libpic30-elf.a(data_init_standard.o)
                              c:/program files (x86)/microchip/xc16/v1.11/bin/bin/../../lib\libpic30-elf.a(crt0_standard.o) (__data_init_standard)
c:/program files (x86)/microchip/xc16/v1.11/bin/bin/../../lib\libfastm-elf.a(atan2f.eo)
[...]
Memory Configuration

Name             Origin             Length             Attributes
data             0x000800           0x002000           a !xr
reset            0x000000           0x000004  
ivt              0x000004           0x0000fc  
_reserved        0x000100           0x000004  
aivt             0x000104           0x0000fc  
program          0x000200           0x0155fe           xr
FBS              0xf80000           0x000002  
FSS              0xf80002           0x000002  
FGS              0xf80004           0x000002  
FOSCSEL          0xf80006           0x000002  
FOSC             0xf80008           0x000002  
FWDT             0xf8000a           0x000002  
FPOR             0xf8000c           0x000002  
FICD             0xf8000e           0x000002  
FUID0            0xf80010           0x000002  
FUID1            0xf80012           0x000002  
FUID2            0xf80014           0x000002  
FUID3            0xf80016           0x000002  
*default*        0x000000           0xffffffff  

Linker script and memory map

LOAD build/default/production/_ext/261189241/BLI.o
LOAD build/default/production/_ext/261189241/BLIInit.o
LOAD build/default/production/_ext/261189241/BLILocal.o
LOAD build/default/production/_ext/261189241/BLIMorse.o
LOAD build/default/production/_ext/261190851/DBG.o
LOAD build/default/production/_ext/261190888/DCM.o
LOAD build/default/production/_ext/261190888/DCMBaseVectors.o
LOAD build/default/production/_ext/261190888/DCMConstructors.o
LOAD build/default/production/_ext/261190888/DCMLocal.o
LOAD build/default/production/_ext/261190888/DCMMethods.o
LOAD build/default/production/_ext/1219465957/HMCMAG_Async.o
LOAD build/default/production/_ext/1219465957/HMCMAG_Init.o
LOAD build/default/production/_ext/1219465957/HMCMAG_ISR_INT2.o
LOAD build/default/production/_ext/1219465957/HMCMAG_Local.o
LOAD build/default/production/_ext/1219465957/HMCMAG_Mgmt.o
LOAD build/default/production/_ext/1219465957/HMCMAG_Sync.o
LOAD build/default/production/_ext/261195156/I2C_Async.o
LOAD build/default/production/_ext/261195156/I2C_Init.o
LOAD build/default/production/_ext/261195156/I2C_ISR.o
LOAD build/default/production/_ext/261195156/I2C_Local.o
LOAD build/default/production/_ext/261195156/I2C_Sync.o
LOAD build/default/production/_ext/261195156/I2C_SyncRead.o
LOAD build/default/production/_ext/261195156/I2C_SyncWrite.o
LOAD build/default/production/_ext/261196011/IMU.o
LOAD build/default/production/_ext/261196011/IMUInit.o
LOAD build/default/production/_ext/492825802/Init.o
LOAD build/default/production/_ext/261199537/MCM.o
LOAD build/default/production/_ext/261199537/MCMInit.o
LOAD build/default/production/_ext/261199537/MCMLocal.o
LOAD build/default/production/_ext/1095620897/MPU6050_Async.o
LOAD build/default/production/_ext/1095620897/MPU6050_Init.o
LOAD build/default/production/_ext/1095620897/MPU6050_ISR_INT1.o
LOAD build/default/production/_ext/1095620897/MPU6050_Local.o
LOAD build/default/production/_ext/1095620897/MPU6050_Mgmt.o
LOAD build/default/production/_ext/1095620897/MPU6050_Reset.o
LOAD build/default/production/_ext/1095620897/MPU6050_Sync.o
LOAD build/default/production/_ext/1099952713/RC.o
LOAD build/default/production/_ext/1099952713/RCInit.o
LOAD build/default/production/_ext/1099952713/RCLocal.o
LOAD build/default/production/_ext/1099952713/RC_ISR.o
LOAD build/default/production/_ext/261206579/TMR.o
LOAD build/default/production/_ext/261206579/TMRInit.o
LOAD build/default/production/_ext/261206579/TMRLocal.o
LOAD build/default/production/_ext/261206579/TMR_ISR.o
LOAD build/default/production/_ext/492512300/UART_Local.o
LOAD build/default/production/_ext/492512300/UART_TX_API.o
LOAD build/default/production/_ext/492512300/UART_TX_Init.o
LOAD build/default/production/_ext/492512300/UART_TX_ISR.o
LOAD build/default/production/main.o
                    0x0001                  __MPLAB_BUILD = 0x1
LOAD c:/program files (x86)/microchip/xc16/v1.11/bin/bin/../../lib/PIC24H\libp24HJ128GP204-elf.a
                    0xf80000                  __FBS = 0xf80000
                    0xf80002                  __FSS = 0xf80002
                    0xf80004                  __FGS = 0xf80004
                    0xf80006                  __FOSCSEL = 0xf80006
                    0xf80008                  __FOSC = 0xf80008
                    0xf8000a                  __FWDT = 0xf8000a
                    0xf8000c                  __FPOR = 0xf8000c
                    0xf8000e                  __FICD = 0xf8000e
                    0xf80010                  __FUID0 = 0xf80010
                    0xf80012                  __FUID1 = 0xf80012
                    0xf80014                  __FUID2 = 0xf80014
                    0xf80016                  __FUID3 = 0xf80016
                    0x0004                  __IVT_BASE = 0x4
                    0x0104                  __AIVT_BASE = 0x104
                    0x0800                  __DATA_BASE = 0x800
                    0x2000                  __DATA_LENGTH = 0x2000
                    0x2000                  __DMA_BASE = 0x2000
                    0x27ff                  __DMA_END = 0x27ff
                    0x0200                  __CODE_BASE = 0x200
                    0x15600                  __CODE_LENGTH = 0x15600

.reset            0x000000          0x4
                  0x000000          0x2 SHORT 0x200 ABSOLUTE (__reset)
                  0x000001          0x2 SHORT 0x4
                  0x000002          0x2 SHORT 0x0 ((ABSOLUTE (__reset) >> 0x10) & 0x7f)
                  0x000003          0x2 SHORT 0x0

.text             0x000200       0x1b50
 *(.init)
 .init            0x000200         0x32 c:/program files (x86)/microchip/xc16/v1.11/bin/bin/../../lib\libpic30-elf.a(crt0_standard.o)
                  0x000200                  __resetPRI
                  0x000200                  __reset
                  0x000222                  __psv_init
 .init            0x000232         0x5e c:/program files (x86)/microchip/xc16/v1.11/bin/bin/../../lib\libpic30-elf.a(data_init_standard.o)
                  0x000232                  __data_init_standard
                  0x000232                  __data_init
 *(.user_init)
 *(.handle)
 .handle          0x000290          0xc jump_table
 *(.isr*)
 .isr.text        0x00029c        0x196 build/default/production/_ext/1219465957/HMCMAG_ISR_INT2.o
                  0x00029c                  __INT2Interrupt
                  0x0002c6                  __HMCCallBack
 .isr.text        0x000432         0x72 build/default/production/_ext/261195156/I2C_ISR.o
                  0x000432                  __MI2C1Interrupt
                  0x00049c                  __SI2C1Interrupt
 .isr.text        0x0004a4        0x23e build/default/production/_ext/1095620897/MPU6050_ISR_INT1.o
                  0x0004a4                  __INT1Interrupt
                  0x0004ce                  __MPUCallBack
 .isr.text        0x0006e2        0x390 build/default/production/_ext/1099952713/RC_ISR.o
                  0x0006e2                  __T3Interrupt
                  0x000712                  __CNInterrupt
 .isr.text        0x000a72         0x64 build/default/production/_ext/261206579/TMR_ISR.o
                  0x000a72                  __T1Interrupt
                  0x000aac                  __RTCCInterrupt
 .isr.text        0x000ad6         0x56 build/default/production/_ext/492512300/UART_TX_ISR.o
                  0x000ad6                  __U1TXInterrupt
 .isr             0x000b2c          0x4 default_isr
                  0x000b2c                  __DefaultInterrupt
 *(.libc)
 *(.libm)
 *(.libdsp)
 *(.lib*)
 .libm.atanf      0x000b30         0x3a c:/program files (x86)/microchip/xc16/v1.11/bin/bin/../../lib\libfastm-elf.a(atan2f.eo)
                  0x000b30                  _atan2f
 .libm.eqsf2      0x000b6a          0x4 c:/program files (x86)/microchip/xc16/v1.11/bin/bin/../../lib\libfastm-elf.a(feqltle.eo)
                  0x000b6a                  ___eqsf2
                  0x000b6a                  ___ltsf2
                  0x000b6a                  ___lesf2
 .libm.gtsf2      0x000b6e          0x4 c:/program files (x86)/microchip/xc16/v1.11/bin/bin/../../lib\libfastm-elf.a(fgtge.eo)
                  0x000b6e                  ___gesf2
                  0x000b6e                  ___gtsf2
 .libm.fixunssfsi
                  0x000b72         0x36 c:/program files (x86)/microchip/xc16/v1.11/bin/bin/../../lib\libfastm-elf.a(fixunssfsi.eo)
                  0x000b72                  ___fixunssfsi
 .libm.floatsisf
                  0x000ba8          0x6 c:/program files (x86)/microchip/xc16/v1.11/bin/bin/../../lib\libfastm-elf.a(floatsisf.eo)
                  0x000ba8                  ___floatsisf
 .libm.floatunsisf
                  0x000bae          0x4 c:/program files (x86)/microchip/xc16/v1.11/bin/bin/../../lib\libfastm-elf.a(floatunsisf.eo)
                  0x000bae                  ___floatunsisf
 .libm.floorf     0x000bb2         0x10 c:/program files (x86)/microchip/xc16/v1.11/bin/bin/../../lib\libfastm-elf.a(floorf.eo)
                  0x000bb2                  _floorf
 .libm.funpack    0x000bc2         0x2a c:/program files (x86)/microchip/xc16/v1.11/bin/bin/../../lib\libfastm-elf.a(funpack.eo)
                  0x000bc2                  __funpack
 .libm.funpack2
                  0x000bec         0x10 c:/program files (x86)/microchip/xc16/v1.11/bin/bin/../../lib\libfastm-elf.a(funpack2.eo)
                  0x000bec                  __funpack2
 .libm.fPropagateNaN
                  0x000bfc         0x12 c:/program files (x86)/microchip/xc16/v1.11/bin/bin/../../lib\libfastm-elf.a(futil.eo)
                  0x000bfc                  __fPropagateNaN
 .libm.fbobExit
                  0x000c0e          0x8 c:/program files (x86)/microchip/xc16/v1.11/bin/bin/../../lib\libfastm-elf.a(futil.eo)
                  0x000c0e                  __fbopExit
 .libm.fbopReturnNaN
                  0x000c16          0x6 c:/program files (x86)/microchip/xc16/v1.11/bin/bin/../../lib\libfastm-elf.a(futil.eo)
                  0x000c16                  __fbopReturnNaN
 .libmx           0x000c1c        0x1dc c:/program files (x86)/microchip/xc16/v1.11/bin/bin/../../lib\libfastm-elf.a(addsf3x.eo)
                  0x000c1c                  ___subsf3x
                  0x000c1c                  ___subsf3
                  0x000c2e                  ___addsf3x
                  0x000c2e                  ___addsf3
 .libmx           0x000df8        0x10c c:/program files (x86)/microchip/xc16/v1.11/bin/bin/../../lib\libfastm-elf.a(mulsf3x.eo)
                  0x000df8                  ___mulsf3x
                  0x000df8                  ___mulsf3
 .libmx           0x000f04        0x16c c:/program files (x86)/microchip/xc16/v1.11/bin/bin/../../lib\libfastm-elf.a(asinfx.eo)
                  0x000f04                  _asinf
                  0x000f04                  _asinfx
                  0x000fac                  __asinredf
                  0x001040                  __sasinf
 .libmx           0x001070        0x11e c:/program files (x86)/microchip/xc16/v1.11/bin/bin/../../lib\libfastm-elf.a(atanfx.eo)
                  0x001070                  _atanfx
                  0x001070                  _atanf
 .libmx           0x00118e        0x130 c:/program files (x86)/microchip/xc16/v1.11/bin/bin/../../lib\libfastm-elf.a(smaddfx.eo)
                  0x00118e                  __srmsubf
                  0x001194                  __smsubf
                  0x001198                  __smaddf
 .libmx           0x0012be         0x1c c:/program files (x86)/microchip/xc16/v1.11/bin/bin/../../lib\libfastm-elf.a(spolyfx.eo)
                  0x0012be                  __spolyf
 .libmx           0x0012da         0x5e c:/program files (x86)/microchip/xc16/v1.11/bin/bin/../../lib\libfastm-elf.a(unpackdnrmfx.eo)
                  0x0012da                  __unpackdnrmf
 .libmx           0x001338        0x1be c:/program files (x86)/microchip/xc16/v1.11/bin/bin/../../lib\libfastm-elf.a(divsf3x.eo)
                  0x001338                  ___divsf3x
                  0x001338                  ___divsf3
                  0x0014ca                  __sdivf
 .libmx           0x0014f6         0x12 c:/program files (x86)/microchip/xc16/v1.11/bin/bin/../../lib\libfastm-elf.a(propnanfx.eo)
                  0x0014f6                  __propnanf
 .libmx           0x001508         0x56 c:/program files (x86)/microchip/xc16/v1.11/bin/bin/../../lib\libfastm-elf.a(smulfx.eo)
                  0x001508                  __smulf
 .libmx           0x00155e         0x7c c:/program files (x86)/microchip/xc16/v1.11/bin/bin/../../lib\libfastm-elf.a(sqrtfx.eo)
                  0x00155e                  _sqrtf
                  0x00155e                  _sqrtfx
 .libmx           0x0015da         0x66 c:/program files (x86)/microchip/xc16/v1.11/bin/bin/../../lib\libfastm-elf.a(unpackfx.eo)
                  0x0015da                  __unpackf
 .libmx           0x001640         0x54 c:/program files (x86)/microchip/xc16/v1.11/bin/bin/../../lib\libfastm-elf.a(dnrmpackfx.eo)
                  0x001640                  __dnrmpackf
 .libmx           0x001694         0xa0 c:/program files (x86)/microchip/xc16/v1.11/bin/bin/../../lib\libfastm-elf.a(saddfx.eo)
                  0x001694                  __srsubf
                  0x00169a                  __ssubf
                  0x00169e                  __saddf
 .libmx           0x001734         0xa6 c:/program files (x86)/microchip/xc16/v1.11/bin/bin/../../lib\libfastm-elf.a(spackfx.eo)
                  0x001734                  __spackf
 .libmx           0x0017da         0xd6 c:/program files (x86)/microchip/xc16/v1.11/bin/bin/../../lib\libfastm-elf.a(ssqrtfx.eo)
                  0x0017da                  __ssqrtf
 .libmx           0x0018b0         0x54 c:/program files (x86)/microchip/xc16/v1.11/bin/bin/../../lib\libfastm-elf.a(sfloatfsix.eo)
                  0x0018b0                  __sfloatfsi
 .libmx           0x001904         0x46 c:/program files (x86)/microchip/xc16/v1.11/bin/bin/../../lib\libfastm-elf.a(spolyf0x.eo)
                  0x001904                  __spolyf0
 .libm.fchop      0x00194a         0x4e c:/program files (x86)/microchip/xc16/v1.11/bin/bin/../../lib\libfastm-elf.a(fchop.eo)
                  0x00194a                  __fchop
 .libm.fcompare
                  0x001998         0x36 c:/program files (x86)/microchip/xc16/v1.11/bin/bin/../../lib\libfastm-elf.a(fcompare.eo)
                  0x001998                  __fcompare
 .libm.floatdisf
                  0x0019ce         0x20 c:/program files (x86)/microchip/xc16/v1.11/bin/bin/../../lib\libfastm-elf.a(floatdisf.eo)
                  0x0019ce                  ___floatdisf
 .libm.floatundisf
                  0x0019ee         0x5e c:/program files (x86)/microchip/xc16/v1.11/bin/bin/../../lib\libfastm-elf.a(floatundisf.eo)
                  0x0019ee                  ___floatundisf
 .libm.fpack      0x001a4c         0x4c c:/program files (x86)/microchip/xc16/v1.11/bin/bin/../../lib\libfastm-elf.a(fpack.eo)
                  0x001a4c                  __fpack
 .libmx           0x001a98         0x4a c:/program files (x86)/microchip/xc16/v1.11/bin/bin/../../lib\libfastm-elf.a(spolyf1x.eo)
                  0x001a98                  __spolyf1
 .libmx           0x001ae2         0x34 c:/program files (x86)/microchip/xc16/v1.11/bin/bin/../../lib\libfastm-elf.a(typefx.eo)
                  0x001ae2                  __typef
 .libmx           0x001b16         0x62 c:/program files (x86)/microchip/xc16/v1.11/bin/bin/../../lib\libfastm-elf.a(sintrndfx.eo)
                  0x001b16                  __sintrndf
 .libmx           0x001b78         0x86 c:/program files (x86)/microchip/xc16/v1.11/bin/bin/../../lib\libfastm-elf.a(spolyfbx.eo)
                  0x001b78                  __spolyfb
 .libmx           0x001bfe         0x48 c:/program files (x86)/microchip/xc16/v1.11/bin/bin/../../lib\libfastm-elf.a(norm3sx.eo)
                  0x001bfe                  __norm3s
 .libmx           0x001c46         0x3a c:/program files (x86)/microchip/xc16/v1.11/bin/bin/../../lib\libfastm-elf.a(slmulx.eo)
                  0x001c46                  __slmul
 .libmx           0x001c80         0x4c c:/program files (x86)/microchip/xc16/v1.11/bin/bin/../../lib\libfastm-elf.a(spolyfm1x.eo)
                  0x001c80                  __spolyfm1
 .libmx           0x001ccc         0x74 c:/program files (x86)/microchip/xc16/v1.11/bin/bin/../../lib\libfastm-elf.a(norm4sx.eo)
                  0x001ccc                  __norm4s
 .libc.memcpy.memcpy
                  0x001d40         0x10 c:/program files (x86)/microchip/xc16/v1.11/bin/bin/../../lib\libc-elf.a(memcpy.eo)
                  0x001d40                  _memcpy

usercode
 *(usercode)

__FBS
 *(__FBS.sec*)

__FSS
 *(__FSS.sec*)

__FGS
 *(__FGS.sec*)

__FOSCSEL         0xf80006          0x2
 *(__FOSCSEL.sec*)
 __FOSCSEL.sec    0xf80006          0x2 build/default/production/_ext/492825802/Init.o

__FOSC            0xf80008          0x2
 *(__FOSC.sec*)
 __FOSC.sec       0xf80008          0x2 build/default/production/_ext/492825802/Init.o

__FWDT            0xf8000a          0x2
 *(__FWDT.sec*)
 __FWDT.sec       0xf8000a          0x2 build/default/production/_ext/492825802/Init.o

__FPOR            0xf8000c          0x2
 *(__FPOR.sec*)
 __FPOR.sec       0xf8000c          0x2 build/default/production/_ext/492825802/Init.o

__FICD            0xf8000e          0x2
 *(__FICD.sec*)
 __FICD.sec       0xf8000e          0x2 build/default/production/_ext/492825802/Init.o

__FUID0
 *(__FUID0.sec*)

__FUID1
 *(__FUID1.sec*)

__FUID2
 *(__FUID2.sec*)

__FUID3
 *(__FUID3.sec*)

.comment
 *(.comment)

.debug_info       0x000000      0x14803
 *(.debug_info)
 .debug_info      0x000000        0x39b build/default/production/_ext/261189241/BLI.o
 .debug_info      0x00039b        0x34d build/default/production/_ext/261189241/BLIInit.o
 .debug_info      0x0006e8        0x2e6 build/default/production/_ext/261189241/BLILocal.o
 .debug_info      0x0009ce        0x5fc build/default/production/_ext/261189241/BLIMorse.o
 .debug_info      0x000fca        0x5a3 build/default/production/_ext/261190851/DBG.o
 .debug_info      0x00156d        0x7d2 build/default/production/_ext/261190888/DCM.o
 .debug_info      0x001d3f        0x38c build/default/production/_ext/261190888/DCMBaseVectors.o
 .debug_info      0x0020cb        0x296 build/default/production/_ext/261190888/DCMConstructors.o
 .debug_info      0x002361        0x2e5 build/default/production/_ext/261190888/DCMLocal.o
 .debug_info      0x002646        0x36d build/default/production/_ext/261190888/DCMMethods.o
 .debug_info      0x0029b3        0x87c build/default/production/_ext/1219465957/HMCMAG_Async.o
 .debug_info      0x00322f        0xae5 build/default/production/_ext/1219465957/HMCMAG_Init.o
 .debug_info      0x003d14        0x7bb build/default/production/_ext/1219465957/HMCMAG_ISR_INT2.o
 .debug_info      0x0044cf        0x39c build/default/production/_ext/1219465957/HMCMAG_Local.o
 .debug_info      0x00486b        0x2e9 build/default/production/_ext/1219465957/HMCMAG_Mgmt.o
 .debug_info      0x004b54        0x61a build/default/production/_ext/1219465957/HMCMAG_Sync.o
 .debug_info      0x00516e        0xa6d build/default/production/_ext/261195156/I2C_Async.o
 .debug_info      0x005bdb        0xbae build/default/production/_ext/261195156/I2C_Init.o
 .debug_info      0x006789        0x68d build/default/production/_ext/261195156/I2C_ISR.o
 .debug_info      0x006e16        0x20e build/default/production/_ext/261195156/I2C_Local.o
 .debug_info      0x007024        0x50e build/default/production/_ext/261195156/I2C_Sync.o
 .debug_info      0x007532        0x71b build/default/production/_ext/261195156/I2C_SyncRead.o
 .debug_info      0x007c4d        0x6f9 build/default/production/_ext/261195156/I2C_SyncWrite.o
 .debug_info      0x008346        0x32c build/default/production/_ext/261196011/IMU.o
 .debug_info      0x008672        0x2be build/default/production/_ext/261196011/IMUInit.o
 .debug_info      0x008930        0x871 build/default/production/_ext/492825802/Init.o
 .debug_info      0x0091a1        0x284 build/default/production/_ext/261199537/MCM.o
 .debug_info      0x009425       0x17d2 build/default/production/_ext/261199537/MCMInit.o
 .debug_info      0x00abf7        0x18a build/default/production/_ext/261199537/MCMLocal.o
 .debug_info      0x00ad81        0xa04 build/default/production/_ext/1095620897/MPU6050_Async.o
 .debug_info      0x00b785        0x97e build/default/production/_ext/1095620897/MPU6050_Init.o
 .debug_info      0x00c103        0x7f8 build/default/production/_ext/1095620897/MPU6050_ISR_INT1.o
 .debug_info      0x00c8fb        0x55a build/default/production/_ext/1095620897/MPU6050_Local.o
 .debug_info      0x00ce55        0x215 build/default/production/_ext/1095620897/MPU6050_Mgmt.o
 .debug_info      0x00d06a        0x469 build/default/production/_ext/1095620897/MPU6050_Reset.o
 .debug_info      0x00d4d3        0x777 build/default/production/_ext/1095620897/MPU6050_Sync.o
 .debug_info      0x00dc4a        0x595 build/default/production/_ext/1099952713/RC.o
 .debug_info      0x00e1df       0x159b build/default/production/_ext/1099952713/RCInit.o
 .debug_info      0x00f77a        0x454 build/default/production/_ext/1099952713/RCLocal.o
 .debug_info      0x00fbce        0xdda build/default/production/_ext/1099952713/RC_ISR.o
 .debug_info      0x0109a8        0x653 build/default/production/_ext/261206579/TMR.o
 .debug_info      0x010ffb       0x10c8 build/default/production/_ext/261206579/TMRInit.o
 .debug_info      0x0120c3        0x1e9 build/default/production/_ext/261206579/TMRLocal.o
 .debug_info      0x0122ac        0x3b0 build/default/production/_ext/261206579/TMR_ISR.o
 .debug_info      0x01265c        0x208 build/default/production/_ext/492512300/UART_Local.o
 .debug_info      0x012864        0x3ff build/default/production/_ext/492512300/UART_TX_API.o
 .debug_info      0x012c63       0x10fa build/default/production/_ext/492512300/UART_TX_Init.o
 .debug_info      0x013d5d        0x6b0 build/default/production/_ext/492512300/UART_TX_ISR.o
 .debug_info      0x01440d        0x3f6 build/default/production/main.o
 *(.gnu.linkonce.wi.*)

.debug_abbrev     0x000000       0x2ca4
 *(.debug_abbrev)
 .debug_abbrev    0x000000         0xdc build/default/production/_ext/261189241/BLI.o
 .debug_abbrev    0x0000dc         0x99 build/default/production/_ext/261189241/BLIInit.o
 .debug_abbrev    0x000175         0xcf build/default/production/_ext/261189241/BLILocal.o
 .debug_abbrev    0x000244         0xd1 build/default/production/_ext/261189241/BLIMorse.o
 .debug_abbrev    0x000315         0x7b build/default/production/_ext/261190851/DBG.o
 .debug_abbrev    0x000390         0xf3 build/default/production/_ext/261190888/DCM.o
 .debug_abbrev    0x000483         0xae build/default/production/_ext/261190888/DCMBaseVectors.o
 .debug_abbrev    0x000531         0x79 build/default/production/_ext/261190888/DCMConstructors.o
 .debug_abbrev    0x0005aa         0x60 build/default/production/_ext/261190888/DCMLocal.o
 .debug_abbrev    0x00060a         0x9f build/default/production/_ext/261190888/DCMMethods.o
 .debug_abbrev    0x0006a9        0x157 build/default/production/_ext/1219465957/HMCMAG_Async.o
 .debug_abbrev    0x000800        0x145 build/default/production/_ext/1219465957/HMCMAG_Init.o
 .debug_abbrev    0x000945        0x161 build/default/production/_ext/1219465957/HMCMAG_ISR_INT2.o
 .debug_abbrev    0x000aa6         0x79 build/default/production/_ext/1219465957/HMCMAG_Local.o
 .debug_abbrev    0x000b1f         0x74 build/default/production/_ext/1219465957/HMCMAG_Mgmt.o
 .debug_abbrev    0x000b93        0x11c build/default/production/_ext/1219465957/HMCMAG_Sync.o
 .debug_abbrev    0x000caf        0x1a4 build/default/production/_ext/261195156/I2C_Async.o
 .debug_abbrev    0x000e53        0x136 build/default/production/_ext/261195156/I2C_Init.o
 .debug_abbrev    0x000f89        0x139 build/default/production/_ext/261195156/I2C_ISR.o
 .debug_abbrev    0x0010c2         0x7a build/default/production/_ext/261195156/I2C_Local.o
 .debug_abbrev    0x00113c         0xca build/default/production/_ext/261195156/I2C_Sync.o
 .debug_abbrev    0x001206        0x15c build/default/production/_ext/261195156/I2C_SyncRead.o
 .debug_abbrev    0x001362        0x15c build/default/production/_ext/261195156/I2C_SyncWrite.o
 .debug_abbrev    0x0014be         0xa0 build/default/production/_ext/261196011/IMU.o
 .debug_abbrev    0x00155e         0x97 build/default/production/_ext/261196011/IMUInit.o
 .debug_abbrev    0x0015f5         0xda build/default/production/_ext/492825802/Init.o
 .debug_abbrev    0x0016cf         0xaf build/default/production/_ext/261199537/MCM.o
 .debug_abbrev    0x00177e        0x156 build/default/production/_ext/261199537/MCMInit.o
 .debug_abbrev    0x0018d4         0x3d build/default/production/_ext/261199537/MCMLocal.o
 .debug_abbrev    0x001911        0x157 build/default/production/_ext/1095620897/MPU6050_Async.o
 .debug_abbrev    0x001a68        0x136 build/default/production/_ext/1095620897/MPU6050_Init.o
 .debug_abbrev    0x001b9e        0x15c build/default/production/_ext/1095620897/MPU6050_ISR_INT1.o
 .debug_abbrev    0x001cfa         0x79 build/default/production/_ext/1095620897/MPU6050_Local.o
 .debug_abbrev    0x001d73         0x74 build/default/production/_ext/1095620897/MPU6050_Mgmt.o
 .debug_abbrev    0x001de7         0xb5 build/default/production/_ext/1095620897/MPU6050_Reset.o
 .debug_abbrev    0x001e9c        0x113 build/default/production/_ext/1095620897/MPU6050_Sync.o
 .debug_abbrev    0x001faf        0x164 build/default/production/_ext/1099952713/RC.o
 .debug_abbrev    0x002113        0x13d build/default/production/_ext/1099952713/RCInit.o
 .debug_abbrev    0x002250         0x9a build/default/production/_ext/1099952713/RCLocal.o
 .debug_abbrev    0x0022ea        0x19a build/default/production/_ext/1099952713/RC_ISR.o
 .debug_abbrev    0x002484        0x1a8 build/default/production/_ext/261206579/TMR.o
 .debug_abbrev    0x00262c        0x149 build/default/production/_ext/261206579/TMRInit.o
 .debug_abbrev    0x002775         0x54 build/default/production/_ext/261206579/TMRLocal.o
 .debug_abbrev    0x0027c9         0xb3 build/default/production/_ext/261206579/TMR_ISR.o
 .debug_abbrev    0x00287c         0x5d build/default/production/_ext/492512300/UART_Local.o
 .debug_abbrev    0x0028d9         0xf4 build/default/production/_ext/492512300/UART_TX_API.o
 .debug_abbrev    0x0029cd        0x10b build/default/production/_ext/492512300/UART_TX_Init.o
 .debug_abbrev    0x002ad8        0x113 build/default/production/_ext/492512300/UART_TX_ISR.o
 .debug_abbrev    0x002beb         0xb9 build/default/production/main.o

.debug_line       0x000000       0x60d6
 *(.debug_line)
 .debug_line      0x000000        0x23b build/default/production/_ext/261189241/BLI.o
 .debug_line      0x00023b        0x137 build/default/production/_ext/261189241/BLIInit.o
 .debug_line      0x000372        0x148 build/default/production/_ext/261189241/BLILocal.o
 .debug_line      0x0004ba        0x1d6 build/default/production/_ext/261189241/BLIMorse.o
 .debug_line      0x000690         0xe7 build/default/production/_ext/261190851/DBG.o
 .debug_line      0x000777        0x474 build/default/production/_ext/261190888/DCM.o
 .debug_line      0x000beb        0x13d build/default/production/_ext/261190888/DCMBaseVectors.o
 .debug_line      0x000d28        0x100 build/default/production/_ext/261190888/DCMConstructors.o
 .debug_line      0x000e28         0xae build/default/production/_ext/261190888/DCMLocal.o
 .debug_line      0x000ed6        0x25f build/default/production/_ext/261190888/DCMMethods.o
 .debug_line      0x001135        0x38b build/default/production/_ext/1219465957/HMCMAG_Async.o
 .debug_line      0x0014c0        0x2f3 build/default/production/_ext/1219465957/HMCMAG_Init.o
 .debug_line      0x0017b3        0x332 build/default/production/_ext/1219465957/HMCMAG_ISR_INT2.o
 .debug_line      0x001ae5         0xc2 build/default/production/_ext/1219465957/HMCMAG_Local.o
 .debug_line      0x001ba7        0x18b build/default/production/_ext/1219465957/HMCMAG_Mgmt.o
 .debug_line      0x001d32        0x390 build/default/production/_ext/1219465957/HMCMAG_Sync.o
 .debug_line      0x0020c2        0x1f9 build/default/production/_ext/261195156/I2C_Async.o
 .debug_line      0x0022bb        0x1ba build/default/production/_ext/261195156/I2C_Init.o
 .debug_line      0x002475        0x185 build/default/production/_ext/261195156/I2C_ISR.o
 .debug_line      0x0025fa         0xb7 build/default/production/_ext/261195156/I2C_Local.o
 .debug_line      0x0026b1        0x25c build/default/production/_ext/261195156/I2C_Sync.o
 .debug_line      0x00290d        0x264 build/default/production/_ext/261195156/I2C_SyncRead.o
 .debug_line      0x002b71        0x223 build/default/production/_ext/261195156/I2C_SyncWrite.o
 .debug_line      0x002d94        0x1a1 build/default/production/_ext/261196011/IMU.o
 .debug_line      0x002f35        0x1a1 build/default/production/_ext/261196011/IMUInit.o
 .debug_line      0x0030d6        0x171 build/default/production/_ext/492825802/Init.o
 .debug_line      0x003247        0x186 build/default/production/_ext/261199537/MCM.o
 .debug_line      0x0033cd        0x364 build/default/production/_ext/261199537/MCMInit.o
 .debug_line      0x003731         0x62 build/default/production/_ext/261199537/MCMLocal.o
 .debug_line      0x003793        0x405 build/default/production/_ext/1095620897/MPU6050_Async.o
 .debug_line      0x003b98        0x197 build/default/production/_ext/1095620897/MPU6050_Init.o
 .debug_line      0x003d2f        0x3d7 build/default/production/_ext/1095620897/MPU6050_ISR_INT1.o
 .debug_line      0x004106         0xa0 build/default/production/_ext/1095620897/MPU6050_Local.o
 .debug_line      0x0041a6         0xf6 build/default/production/_ext/1095620897/MPU6050_Mgmt.o
 .debug_line      0x00429c        0x324 build/default/production/_ext/1095620897/MPU6050_Reset.o
 .debug_line      0x0045c0        0x416 build/default/production/_ext/1095620897/MPU6050_Sync.o
 .debug_line      0x0049d6        0x29c build/default/production/_ext/1099952713/RC.o
 .debug_line      0x004c72        0x1ef build/default/production/_ext/1099952713/RCInit.o
 .debug_line      0x004e61         0x80 build/default/production/_ext/1099952713/RCLocal.o
 .debug_line      0x004ee1        0x449 build/default/production/_ext/1099952713/RC_ISR.o
 .debug_line      0x00532a        0x22e build/default/production/_ext/261206579/TMR.o
 .debug_line      0x005558        0x222 build/default/production/_ext/261206579/TMRInit.o
 .debug_line      0x00577a         0x81 build/default/production/_ext/261206579/TMRLocal.o
 .debug_line      0x0057fb        0x174 build/default/production/_ext/261206579/TMR_ISR.o
 .debug_line      0x00596f         0x66 build/default/production/_ext/492512300/UART_Local.o
 .debug_line      0x0059d5        0x19b build/default/production/_ext/492512300/UART_TX_API.o
 .debug_line      0x005b70        0x240 build/default/production/_ext/492512300/UART_TX_Init.o
 .debug_line      0x005db0        0x167 build/default/production/_ext/492512300/UART_TX_ISR.o
 .debug_line      0x005f17        0x1bf build/default/production/main.o

.debug_frame      0x000000        0xb18
 *(.debug_frame)
 .debug_frame     0x000000         0x74 build/default/production/_ext/261189241/BLI.o
 .debug_frame     0x000074         0x24 build/default/production/_ext/261189241/BLIInit.o
 .debug_frame     0x000098         0x24 build/default/production/_ext/261189241/BLILocal.o
 .debug_frame     0x0000bc         0x24 build/default/production/_ext/261189241/BLIMorse.o
 .debug_frame     0x0000e0         0x24 build/default/production/_ext/261190851/DBG.o
 .debug_frame     0x000104         0xe4 build/default/production/_ext/261190888/DCM.o
 .debug_frame     0x0001e8         0x64 build/default/production/_ext/261190888/DCMBaseVectors.o
 .debug_frame     0x00024c         0x34 build/default/production/_ext/261190888/DCMConstructors.o
 .debug_frame     0x000280         0x54 build/default/production/_ext/261190888/DCMMethods.o
 .debug_frame     0x0002d4         0x84 build/default/production/_ext/1219465957/HMCMAG_Async.o
 .debug_frame     0x000358         0x34 build/default/production/_ext/1219465957/HMCMAG_Init.o
 .debug_frame     0x00038c         0x34 build/default/production/_ext/1219465957/HMCMAG_ISR_INT2.o
 .debug_frame     0x0003c0         0x94 build/default/production/_ext/1219465957/HMCMAG_Mgmt.o
 .debug_frame     0x000454         0x74 build/default/production/_ext/1219465957/HMCMAG_Sync.o
 .debug_frame     0x0004c8         0x44 build/default/production/_ext/261195156/I2C_Async.o
 .debug_frame     0x00050c         0x24 build/default/production/_ext/261195156/I2C_Init.o
 .debug_frame     0x000530         0x34 build/default/production/_ext/261195156/I2C_ISR.o
 .debug_frame     0x000564         0x24 build/default/production/_ext/261195156/I2C_Local.o
 .debug_frame     0x000588         0x74 build/default/production/_ext/261195156/I2C_Sync.o
 .debug_frame     0x0005fc         0x24 build/default/production/_ext/261195156/I2C_SyncRead.o
 .debug_frame     0x000620         0x24 build/default/production/_ext/261195156/I2C_SyncWrite.o
 .debug_frame     0x000644         0x44 build/default/production/_ext/261196011/IMU.o
 .debug_frame     0x000688         0x24 build/default/production/_ext/261196011/IMUInit.o
 .debug_frame     0x0006ac         0x24 build/default/production/_ext/492825802/Init.o
 .debug_frame     0x0006d0         0x24 build/default/production/_ext/261199537/MCM.o
 .debug_frame     0x0006f4         0x44 build/default/production/_ext/261199537/MCMInit.o
 .debug_frame     0x000738         0x84 build/default/production/_ext/1095620897/MPU6050_Async.o
 .debug_frame     0x0007bc         0x24 build/default/production/_ext/1095620897/MPU6050_Init.o
 .debug_frame     0x0007e0         0x34 build/default/production/_ext/1095620897/MPU6050_ISR_INT1.o
 .debug_frame     0x000814         0x54 build/default/production/_ext/1095620897/MPU6050_Mgmt.o
 .debug_frame     0x000868         0x34 build/default/production/_ext/1095620897/MPU6050_Reset.o
 .debug_frame     0x00089c         0x64 build/default/production/_ext/1095620897/MPU6050_Sync.o
 .debug_frame     0x000900         0x54 build/default/production/_ext/1099952713/RC.o
 .debug_frame     0x000954         0x24 build/default/production/_ext/1099952713/RCInit.o
 .debug_frame     0x000978         0x34 build/default/production/_ext/1099952713/RC_ISR.o
 .debug_frame     0x0009ac         0x64 build/default/production/_ext/261206579/TMR.o
 .debug_frame     0x000a10         0x34 build/default/production/_ext/261206579/TMRInit.o
 .debug_frame     0x000a44         0x34 build/default/production/_ext/261206579/TMR_ISR.o
 .debug_frame     0x000a78         0x34 build/default/production/_ext/492512300/UART_TX_API.o
 .debug_frame     0x000aac         0x24 build/default/production/_ext/492512300/UART_TX_Init.o
 .debug_frame     0x000ad0         0x24 build/default/production/_ext/492512300/UART_TX_ISR.o
 .debug_frame     0x000af4         0x24 build/default/production/main.o

.debug_str        0x000000        0xffd
 *(.debug_str)
 .debug_str       0x000000         0x38 build/default/production/_ext/261189241/BLI.o
 .debug_str       0x000038         0x1c build/default/production/_ext/261189241/BLIInit.o
 .debug_str       0x000054         0x2f build/default/production/_ext/261189241/BLILocal.o
 .debug_str       0x000083        0x137 build/default/production/_ext/261189241/BLIMorse.o
 .debug_str       0x0001ba         0x20 build/default/production/_ext/261190851/DBG.o
 .debug_str       0x0001da         0x5c build/default/production/_ext/261190888/DCM.o
 .debug_str       0x000236          0x9 build/default/production/_ext/261190888/DCMBaseVectors.o
 .debug_str       0x00023f         0xa1 build/default/production/_ext/1219465957/HMCMAG_Async.o
 .debug_str       0x0002e0         0x62 build/default/production/_ext/1219465957/HMCMAG_Init.o
 .debug_str       0x000342         0x7d build/default/production/_ext/1219465957/HMCMAG_ISR_INT2.o
 .debug_str       0x0003bf         0x81 build/default/production/_ext/1219465957/HMCMAG_Sync.o
 .debug_str       0x000440         0x6b build/default/production/_ext/261195156/I2C_Async.o
 .debug_str       0x0004ab         0x43 build/default/production/_ext/261195156/I2C_Init.o
 .debug_str       0x0004ee         0x41 build/default/production/_ext/261195156/I2C_ISR.o
 .debug_str       0x00052f         0x19 build/default/production/_ext/261195156/I2C_Sync.o
 .debug_str       0x000548         0x45 build/default/production/_ext/261195156/I2C_SyncRead.o
 .debug_str       0x00058d         0x45 build/default/production/_ext/261195156/I2C_SyncWrite.o
 .debug_str       0x0005d2         0x1e build/default/production/_ext/261196011/IMU.o
 .debug_str       0x0005f0          0x9 build/default/production/_ext/261196011/IMUInit.o
 .debug_str       0x0005f9         0x21 build/default/production/_ext/492825802/Init.o
 .debug_str       0x00061a         0x19 build/default/production/_ext/261199537/MCM.o
 .debug_str       0x000633         0xf1 build/default/production/_ext/261199537/MCMInit.o
 .debug_str       0x000724        0x1a0 build/default/production/_ext/1095620897/MPU6050_Async.o
 .debug_str       0x0008c4         0x46 build/default/production/_ext/1095620897/MPU6050_Init.o
 .debug_str       0x00090a         0x7d build/default/production/_ext/1095620897/MPU6050_ISR_INT1.o
 .debug_str       0x000987         0x88 build/default/production/_ext/1095620897/MPU6050_Reset.o
 .debug_str       0x000a0f        0x18b build/default/production/_ext/1095620897/MPU6050_Sync.o
 .debug_str       0x000b9a         0x89 build/default/production/_ext/1099952713/RC.o
 .debug_str       0x000c23         0x92 build/default/production/_ext/1099952713/RCInit.o
 .debug_str       0x000cb5         0xea build/default/production/_ext/1099952713/RC_ISR.o
 .debug_str       0x000d9f         0x62 build/default/production/_ext/261206579/TMR.o
 .debug_str       0x000e01         0x78 build/default/production/_ext/261206579/TMRInit.o
 .debug_str       0x000e79         0x4e build/default/production/_ext/261206579/TMR_ISR.o
 .debug_str       0x000ec7         0x55 build/default/production/_ext/492512300/UART_TX_API.o
 .debug_str       0x000f1c         0x71 build/default/production/_ext/492512300/UART_TX_Init.o
 .debug_str       0x000f8d         0x67 build/default/production/_ext/492512300/UART_TX_ISR.o
 .debug_str       0x000ff4          0x9 build/default/production/main.o

.debug_loc
 *(.debug_loc)

.debug_macinfo
 *(.debug_macinfo)

.debug_pubnames
                  0x000000       0x12ad
 *(.debug_pubnames)
 .debug_pubnames
                  0x000000         0x78 build/default/production/_ext/261189241/BLI.o
 .debug_pubnames
                  0x000078         0x1e build/default/production/_ext/261189241/BLIInit.o
 .debug_pubnames
                  0x000096         0x6d build/default/production/_ext/261189241/BLILocal.o
 .debug_pubnames
                  0x000103        0x1a5 build/default/production/_ext/261189241/BLIMorse.o
 .debug_pubnames
                  0x0002a8         0x1e build/default/production/_ext/261190851/DBG.o
 .debug_pubnames
                  0x0002c6         0x32 build/default/production/_ext/261190888/DCM.o
 .debug_pubnames
                  0x0002f8         0x23 build/default/production/_ext/261190888/DCMBaseVectors.o
 .debug_pubnames
                  0x00031b         0x33 build/default/production/_ext/261190888/DCMConstructors.o
 .debug_pubnames
                  0x00034e         0x9c build/default/production/_ext/261190888/DCMLocal.o
 .debug_pubnames
                  0x0003ea         0x50 build/default/production/_ext/261190888/DCMMethods.o
 .debug_pubnames
                  0x00043a         0x72 build/default/production/_ext/1219465957/HMCMAG_Async.o
 .debug_pubnames
                  0x0004ac         0x2b build/default/production/_ext/1219465957/HMCMAG_Init.o
 .debug_pubnames
                  0x0004d7         0x36 build/default/production/_ext/1219465957/HMCMAG_ISR_INT2.o
 .debug_pubnames
                  0x00050d        0x119 build/default/production/_ext/1219465957/HMCMAG_Local.o
 .debug_pubnames
                  0x000626         0x8c build/default/production/_ext/1219465957/HMCMAG_Mgmt.o
 .debug_pubnames
                  0x0006b2         0x53 build/default/production/_ext/1219465957/HMCMAG_Sync.o
 .debug_pubnames
                  0x000705         0x48 build/default/production/_ext/261195156/I2C_Async.o
 .debug_pubnames
                  0x00074d         0x1e build/default/production/_ext/261195156/I2C_Init.o
 .debug_pubnames
                  0x00076b         0x3a build/default/production/_ext/261195156/I2C_ISR.o
 .debug_pubnames
                  0x0007a5         0x75 build/default/production/_ext/261195156/I2C_Local.o
 .debug_pubnames
                  0x00081a         0x73 build/default/production/_ext/261195156/I2C_Sync.o
 .debug_pubnames
                  0x00088d         0x22 build/default/production/_ext/261195156/I2C_SyncRead.o
 .debug_pubnames
                  0x0008af         0x23 build/default/production/_ext/261195156/I2C_SyncWrite.o
 .debug_pubnames
                  0x0008d2         0x59 build/default/production/_ext/261196011/IMU.o
 .debug_pubnames
                  0x00092b         0x2b build/default/production/_ext/261196011/IMUInit.o
 .debug_pubnames
                  0x000956         0x50 build/default/production/_ext/492825802/Init.o
 .debug_pubnames
                  0x0009a6         0x1d build/default/production/_ext/261199537/MCM.o
 .debug_pubnames
                  0x0009c3         0x3d build/default/production/_ext/261199537/MCMInit.o
 .debug_pubnames
                  0x000a00         0x52 build/default/production/_ext/261199537/MCMLocal.o
 .debug_pubnames
                  0x000a52         0x8a build/default/production/_ext/1095620897/MPU6050_Async.o
 .debug_pubnames
                  0x000adc         0x1e build/default/production/_ext/1095620897/MPU6050_Init.o
 .debug_pubnames
                  0x000afa         0x36 build/default/production/_ext/1095620897/MPU6050_ISR_INT1.o
 .debug_pubnames
                  0x000b30        0x24c build/default/production/_ext/1095620897/MPU6050_Local.o
 .debug_pubnames
                  0x000d7c         0x4d build/default/production/_ext/1095620897/MPU6050_Mgmt.o
 .debug_pubnames
                  0x000dc9         0x30 build/default/production/_ext/1095620897/MPU6050_Reset.o
 .debug_pubnames
                  0x000df9         0x53 build/default/production/_ext/1095620897/MPU6050_Sync.o
 .debug_pubnames
                  0x000e4c         0x5e build/default/production/_ext/1099952713/RC.o
 .debug_pubnames
                  0x000eaa         0x1d build/default/production/_ext/1099952713/RCInit.o
 .debug_pubnames
                  0x000ec7        0x145 build/default/production/_ext/1099952713/RCLocal.o
 .debug_pubnames
                  0x00100c         0x34 build/default/production/_ext/1099952713/RC_ISR.o
 .debug_pubnames
                  0x001040         0x66 build/default/production/_ext/261206579/TMR.o
 .debug_pubnames
                  0x0010a6         0x31 build/default/production/_ext/261206579/TMRInit.o
 .debug_pubnames
                  0x0010d7         0x72 build/default/production/_ext/261206579/TMRLocal.o
 .debug_pubnames
                  0x001149         0x36 build/default/production/_ext/261206579/TMR_ISR.o
 .debug_pubnames
                  0x00117f         0x91 build/default/production/_ext/492512300/UART_Local.o
 .debug_pubnames
                  0x001210         0x3c build/default/production/_ext/492512300/UART_TX_API.o
 .debug_pubnames
                  0x00124c         0x21 build/default/production/_ext/492512300/UART_TX_Init.o
 .debug_pubnames
                  0x00126d         0x25 build/default/production/_ext/492512300/UART_TX_ISR.o
 .debug_pubnames
                  0x001292         0x1b build/default/production/main.o

.debug_ranges
 *(.debug_ranges)

.debug_aranges    0x000000        0x3f0
 *(.debug_aranges)
 .debug_aranges
                  0x000000         0x18 build/default/production/_ext/261189241/BLI.o
 .debug_aranges
                  0x000018         0x18 build/default/production/_ext/261189241/BLIInit.o
 .debug_aranges
                  0x000030         0x18 build/default/production/_ext/261189241/BLILocal.o
 .debug_aranges
                  0x000048         0x18 build/default/production/_ext/261189241/BLIMorse.o
 .debug_aranges
                  0x000060         0x18 build/default/production/_ext/261190851/DBG.o
 .debug_aranges
                  0x000078         0x18 build/default/production/_ext/261190888/DCM.o
 .debug_aranges
                  0x000090         0x18 build/default/production/_ext/261190888/DCMBaseVectors.o
 .debug_aranges
                  0x0000a8         0x18 build/default/production/_ext/261190888/DCMConstructors.o
 .debug_aranges
                  0x0000c0         0x18 build/default/production/_ext/261190888/DCMMethods.o
 .debug_aranges
                  0x0000d8         0x18 build/default/production/_ext/1219465957/HMCMAG_Async.o
 .debug_aranges
                  0x0000f0         0x18 build/default/production/_ext/1219465957/HMCMAG_Init.o
 .debug_aranges
                  0x000108         0x18 build/default/production/_ext/1219465957/HMCMAG_ISR_INT2.o
 .debug_aranges
                  0x000120         0x18 build/default/production/_ext/1219465957/HMCMAG_Mgmt.o
 .debug_aranges
                  0x000138         0x18 build/default/production/_ext/1219465957/HMCMAG_Sync.o
 .debug_aranges
                  0x000150         0x18 build/default/production/_ext/261195156/I2C_Async.o
 .debug_aranges
                  0x000168         0x18 build/default/production/_ext/261195156/I2C_Init.o
 .debug_aranges
                  0x000180         0x18 build/default/production/_ext/261195156/I2C_ISR.o
 .debug_aranges
                  0x000198         0x18 build/default/production/_ext/261195156/I2C_Local.o
 .debug_aranges
                  0x0001b0         0x18 build/default/production/_ext/261195156/I2C_Sync.o
 .debug_aranges
                  0x0001c8         0x18 build/default/production/_ext/261195156/I2C_SyncRead.o
 .debug_aranges
                  0x0001e0         0x18 build/default/production/_ext/261195156/I2C_SyncWrite.o
 .debug_aranges
                  0x0001f8         0x18 build/default/production/_ext/261196011/IMU.o
 .debug_aranges
                  0x000210         0x18 build/default/production/_ext/261196011/IMUInit.o
 .debug_aranges
                  0x000228         0x18 build/default/production/_ext/492825802/Init.o
 .debug_aranges
                  0x000240         0x18 build/default/production/_ext/261199537/MCM.o
 .debug_aranges
                  0x000258         0x18 build/default/production/_ext/261199537/MCMInit.o
 .debug_aranges
                  0x000270         0x18 build/default/production/_ext/1095620897/MPU6050_Async.o
 .debug_aranges
                  0x000288         0x18 build/default/production/_ext/1095620897/MPU6050_Init.o
 .debug_aranges
                  0x0002a0         0x18 build/default/production/_ext/1095620897/MPU6050_ISR_INT1.o
 .debug_aranges
                  0x0002b8         0x18 build/default/production/_ext/1095620897/MPU6050_Mgmt.o
 .debug_aranges
                  0x0002d0         0x18 build/default/production/_ext/1095620897/MPU6050_Reset.o
 .debug_aranges
                  0x0002e8         0x18 build/default/production/_ext/1095620897/MPU6050_Sync.o
 .debug_aranges
                  0x000300         0x18 build/default/production/_ext/1099952713/RC.o
 .debug_aranges
                  0x000318         0x18 build/default/production/_ext/1099952713/RCInit.o
 .debug_aranges
                  0x000330         0x18 build/default/production/_ext/1099952713/RC_ISR.o
 .debug_aranges
                  0x000348         0x18 build/default/production/_ext/261206579/TMR.o
 .debug_aranges
                  0x000360         0x18 build/default/production/_ext/261206579/TMRInit.o
 .debug_aranges
                  0x000378         0x18 build/default/production/_ext/261206579/TMR_ISR.o
 .debug_aranges
                  0x000390         0x18 build/default/production/_ext/492512300/UART_TX_API.o
 .debug_aranges
                  0x0003a8         0x18 build/default/production/_ext/492512300/UART_TX_Init.o
 .debug_aranges
                  0x0003c0         0x18 build/default/production/_ext/492512300/UART_TX_ISR.o
 .debug_aranges
                  0x0003d8         0x18 build/default/production/main.o

.ivt              0x000004         0xfc
                  0x000004          0x4 LONG 0xb2c DEFINED (__ReservedTrap0)?ABSOLUTE (__ReservedTrap0):ABSOLUTE (__DefaultInterrupt)
                  0x000006          0x4 LONG 0xb2c DEFINED (__OscillatorFail)?ABSOLUTE (__OscillatorFail):ABSOLUTE (__DefaultInterrupt)
                  0x000008          0x4 LONG 0xb2c DEFINED (__AddressError)?ABSOLUTE (__AddressError):ABSOLUTE (__DefaultInterrupt)
                  0x00000a          0x4 LONG 0xb2c DEFINED (__StackError)?ABSOLUTE (__StackError):ABSOLUTE (__DefaultInterrupt)
                  0x00000c          0x4 LONG 0xb2c DEFINED (__MathError)?ABSOLUTE (__MathError):ABSOLUTE (__DefaultInterrupt)
                  0x00000e          0x4 LONG 0xb2c DEFINED (__DMACError)?ABSOLUTE (__DMACError):ABSOLUTE (__DefaultInterrupt)
                  0x000010          0x4 LONG 0xb2c DEFINED (__ReservedTrap6)?ABSOLUTE (__ReservedTrap6):ABSOLUTE (__DefaultInterrupt)
                  0x000012          0x4 LONG 0xb2c DEFINED (__ReservedTrap7)?ABSOLUTE (__ReservedTrap7):ABSOLUTE (__DefaultInterrupt)
                  0x000014          0x4 LONG 0xb2c DEFINED (__INT0Interrupt)?ABSOLUTE (__INT0Interrupt):ABSOLUTE (__DefaultInterrupt)
                  0x000016          0x4 LONG 0xb2c DEFINED (__IC1Interrupt)?ABSOLUTE (__IC1Interrupt):ABSOLUTE (__DefaultInterrupt)
                  0x000018          0x4 LONG 0xb2c DEFINED (__OC1Interrupt)?ABSOLUTE (__OC1Interrupt):ABSOLUTE (__DefaultInterrupt)
                  0x00001a          0x4 LONG 0xa72 DEFINED (__T1Interrupt)?ABSOLUTE (__T1Interrupt):ABSOLUTE (__DefaultInterrupt)
                  0x00001c          0x4 LONG 0xb2c DEFINED (__DMA0Interrupt)?ABSOLUTE (__DMA0Interrupt):ABSOLUTE (__DefaultInterrupt)
                  0x00001e          0x4 LONG 0xb2c DEFINED (__IC2Interrupt)?ABSOLUTE (__IC2Interrupt):ABSOLUTE (__DefaultInterrupt)
                  0x000020          0x4 LONG 0xb2c DEFINED (__OC2Interrupt)?ABSOLUTE (__OC2Interrupt):ABSOLUTE (__DefaultInterrupt)
                  0x000022          0x4 LONG 0xb2c DEFINED (__T2Interrupt)?ABSOLUTE (__T2Interrupt):ABSOLUTE (__DefaultInterrupt)
                  0x000024          0x4 LONG 0x6e2 DEFINED (__T3Interrupt)?ABSOLUTE (__T3Interrupt):ABSOLUTE (__DefaultInterrupt)
                  0x000026          0x4 LONG 0xb2c DEFINED (__SPI1ErrInterrupt)?ABSOLUTE (__SPI1ErrInterrupt):ABSOLUTE (__DefaultInterrupt)
                  0x000028          0x4 LONG 0xb2c DEFINED (__SPI1Interrupt)?ABSOLUTE (__SPI1Interrupt):ABSOLUTE (__DefaultInterrupt)
                  0x00002a          0x4 LONG 0xb2c DEFINED (__U1RXInterrupt)?ABSOLUTE (__U1RXInterrupt):ABSOLUTE (__DefaultInterrupt)
                  0x00002c          0x4 LONG 0xad6 DEFINED (__U1TXInterrupt)?ABSOLUTE (__U1TXInterrupt):ABSOLUTE (__DefaultInterrupt)
                  0x00002e          0x4 LONG 0xb2c DEFINED (__ADC1Interrupt)?ABSOLUTE (__ADC1Interrupt):ABSOLUTE (__DefaultInterrupt)
                  0x000030          0x4 LONG 0xb2c DEFINED (__DMA1Interrupt)?ABSOLUTE (__DMA1Interrupt):ABSOLUTE (__DefaultInterrupt)
                  0x000032          0x4 LONG 0xb2c DEFINED (__Interrupt15)?ABSOLUTE (__Interrupt15):ABSOLUTE (__DefaultInterrupt)
                  0x000034          0x4 LONG 0x49c DEFINED (__SI2C1Interrupt)?ABSOLUTE (__SI2C1Interrupt):ABSOLUTE (__DefaultInterrupt)
                  0x000036          0x4 LONG 0x432 DEFINED (__MI2C1Interrupt)?ABSOLUTE (__MI2C1Interrupt):ABSOLUTE (__DefaultInterrupt)
                  0x000038          0x4 LONG 0xb2c DEFINED (__CMPInterrupt)?ABSOLUTE (__CMPInterrupt):ABSOLUTE (__DefaultInterrupt)
                  0x00003a          0x4 LONG 0x712 DEFINED (__CNInterrupt)?ABSOLUTE (__CNInterrupt):ABSOLUTE (__DefaultInterrupt)
                  0x00003c          0x4 LONG 0x4a4 DEFINED (__INT1Interrupt)?ABSOLUTE (__INT1Interrupt):ABSOLUTE (__DefaultInterrupt)
                  0x00003e          0x4 LONG 0xb2c DEFINED (__Interrupt21)?ABSOLUTE (__Interrupt21):ABSOLUTE (__DefaultInterrupt)
                  0x000040          0x4 LONG 0xb2c DEFINED (__IC7Interrupt)?ABSOLUTE (__IC7Interrupt):ABSOLUTE (__DefaultInterrupt)
                  0x000042          0x4 LONG 0xb2c DEFINED (__IC8Interrupt)?ABSOLUTE (__IC8Interrupt):ABSOLUTE (__DefaultInterrupt)
                  0x000044          0x4 LONG 0xb2c DEFINED (__DMA2Interrupt)?ABSOLUTE (__DMA2Interrupt):ABSOLUTE (__DefaultInterrupt)
                  0x000046          0x4 LONG 0xb2c DEFINED (__OC3Interrupt)?ABSOLUTE (__OC3Interrupt):ABSOLUTE (__DefaultInterrupt)
                  0x000048          0x4 LONG 0xb2c DEFINED (__OC4Interrupt)?ABSOLUTE (__OC4Interrupt):ABSOLUTE (__DefaultInterrupt)
                  0x00004a          0x4 LONG 0xb2c DEFINED (__T4Interrupt)?ABSOLUTE (__T4Interrupt):ABSOLUTE (__DefaultInterrupt)
                  0x00004c          0x4 LONG 0xb2c DEFINED (__T5Interrupt)?ABSOLUTE (__T5Interrupt):ABSOLUTE (__DefaultInterrupt)
                  0x00004e          0x4 LONG 0x29c DEFINED (__INT2Interrupt)?ABSOLUTE (__INT2Interrupt):ABSOLUTE (__DefaultInterrupt)
                  0x000050          0x4 LONG 0xb2c DEFINED (__U2RXInterrupt)?ABSOLUTE (__U2RXInterrupt):ABSOLUTE (__DefaultInterrupt)
                  0x000052          0x4 LONG 0xb2c DEFINED (__U2TXInterrupt)?ABSOLUTE (__U2TXInterrupt):ABSOLUTE (__DefaultInterrupt)
                  0x000054          0x4 LONG 0xb2c DEFINED (__SPI2ErrInterrupt)?ABSOLUTE (__SPI2ErrInterrupt):ABSOLUTE (__DefaultInterrupt)
                  0x000056          0x4 LONG 0xb2c DEFINED (__SPI2Interrupt)?ABSOLUTE (__SPI2Interrupt):ABSOLUTE (__DefaultInterrupt)
                  0x000058          0x4 LONG 0xb2c DEFINED (__Interrupt34)?ABSOLUTE (__Interrupt34):ABSOLUTE (__DefaultInterrupt)
                  0x00005a          0x4 LONG 0xb2c DEFINED (__Interrupt35)?ABSOLUTE (__Interrupt35):ABSOLUTE (__DefaultInterrupt)
                  0x00005c          0x4 LONG 0xb2c DEFINED (__DMA3Interrupt)?ABSOLUTE (__DMA3Interrupt):ABSOLUTE (__DefaultInterrupt)
                  0x00005e          0x4 LONG 0xb2c DEFINED (__Interrupt37)?ABSOLUTE (__Interrupt37):ABSOLUTE (__DefaultInterrupt)
                  0x000060          0x4 LONG 0xb2c DEFINED (__Interrupt38)?ABSOLUTE (__Interrupt38):ABSOLUTE (__DefaultInterrupt)
                  0x000062          0x4 LONG 0xb2c DEFINED (__Interrupt39)?ABSOLUTE (__Interrupt39):ABSOLUTE (__DefaultInterrupt)
                  0x000064          0x4 LONG 0xb2c DEFINED (__Interrupt40)?ABSOLUTE (__Interrupt40):ABSOLUTE (__DefaultInterrupt)
                  0x000066          0x4 LONG 0xb2c DEFINED (__Interrupt41)?ABSOLUTE (__Interrupt41):ABSOLUTE (__DefaultInterrupt)
                  0x000068          0x4 LONG 0xb2c DEFINED (__Interrupt42)?ABSOLUTE (__Interrupt42):ABSOLUTE (__DefaultInterrupt)
                  0x00006a          0x4 LONG 0xb2c DEFINED (__Interrupt43)?ABSOLUTE (__Interrupt43):ABSOLUTE (__DefaultInterrupt)
                  0x00006c          0x4 LONG 0xb2c DEFINED (__Interrupt44)?ABSOLUTE (__Interrupt44):ABSOLUTE (__DefaultInterrupt)
                  0x00006e          0x4 LONG 0xb2c DEFINED (__PMPInterrupt)?ABSOLUTE (__PMPInterrupt):ABSOLUTE (__DefaultInterrupt)
                  0x000070          0x4 LONG 0xb2c DEFINED (__DMA4Interrupt)?ABSOLUTE (__DMA4Interrupt):ABSOLUTE (__DefaultInterrupt)
                  0x000072          0x4 LONG 0xb2c DEFINED (__Interrupt47)?ABSOLUTE (__Interrupt47):ABSOLUTE (__DefaultInterrupt)
                  0x000074          0x4 LONG 0xb2c DEFINED (__Interrupt48)?ABSOLUTE (__Interrupt48):ABSOLUTE (__DefaultInterrupt)
                  0x000076          0x4 LONG 0xb2c DEFINED (__Interrupt49)?ABSOLUTE (__Interrupt49):ABSOLUTE (__DefaultInterrupt)
                  0x000078          0x4 LONG 0xb2c DEFINED (__Interrupt50)?ABSOLUTE (__Interrupt50):ABSOLUTE (__DefaultInterrupt)
                  0x00007a          0x4 LONG 0xb2c DEFINED (__Interrupt51)?ABSOLUTE (__Interrupt51):ABSOLUTE (__DefaultInterrupt)
                  0x00007c          0x4 LONG 0xb2c DEFINED (__Interrupt52)?ABSOLUTE (__Interrupt52):ABSOLUTE (__DefaultInterrupt)
                  0x00007e          0x4 LONG 0xb2c DEFINED (__Interrupt53)?ABSOLUTE (__Interrupt53):ABSOLUTE (__DefaultInterrupt)
                  0x000080          0x4 LONG 0xb2c DEFINED (__Interrupt54)?ABSOLUTE (__Interrupt54):ABSOLUTE (__DefaultInterrupt)
                  0x000082          0x4 LONG 0xb2c DEFINED (__Interrupt55)?ABSOLUTE (__Interrupt55):ABSOLUTE (__DefaultInterrupt)
                  0x000084          0x4 LONG 0xb2c DEFINED (__Interrupt56)?ABSOLUTE (__Interrupt56):ABSOLUTE (__DefaultInterrupt)
                  0x000086          0x4 LONG 0xb2c DEFINED (__Interrupt57)?ABSOLUTE (__Interrupt57):ABSOLUTE (__DefaultInterrupt)
                  0x000088          0x4 LONG 0xb2c DEFINED (__Interrupt58)?ABSOLUTE (__Interrupt58):ABSOLUTE (__DefaultInterrupt)
                  0x00008a          0x4 LONG 0xb2c DEFINED (__Interrupt59)?ABSOLUTE (__Interrupt59):ABSOLUTE (__DefaultInterrupt)
                  0x00008c          0x4 LONG 0xb2c DEFINED (__Interrupt60)?ABSOLUTE (__Interrupt60):ABSOLUTE (__DefaultInterrupt)
                  0x00008e          0x4 LONG 0xb2c DEFINED (__DMA5Interrupt)?ABSOLUTE (__DMA5Interrupt):ABSOLUTE (__DefaultInterrupt)
                  0x000090          0x4 LONG 0xaac DEFINED (__RTCCInterrupt)?ABSOLUTE (__RTCCInterrupt):ABSOLUTE (__DefaultInterrupt)
                  0x000092          0x4 LONG 0xb2c DEFINED (__Interrupt63)?ABSOLUTE (__Interrupt63):ABSOLUTE (__DefaultInterrupt)
                  0x000094          0x4 LONG 0xb2c DEFINED (__Interrupt64)?ABSOLUTE (__Interrupt64):ABSOLUTE (__DefaultInterrupt)
                  0x000096          0x4 LONG 0xb2c DEFINED (__U1ErrInterrupt)?ABSOLUTE (__U1ErrInterrupt):ABSOLUTE (__DefaultInterrupt)
                  0x000098          0x4 LONG 0xb2c DEFINED (__U2ErrInterrupt)?ABSOLUTE (__U2ErrInterrupt):ABSOLUTE (__DefaultInterrupt)
                  0x00009a          0x4 LONG 0xb2c DEFINED (__CRCInterrupt)?ABSOLUTE (__CRCInterrupt):ABSOLUTE (__DefaultInterrupt)
                  0x00009c          0x4 LONG 0xb2c DEFINED (__DMA6Interrupt)?ABSOLUTE (__DMA6Interrupt):ABSOLUTE (__DefaultInterrupt)
                  0x00009e          0x4 LONG 0xb2c DEFINED (__DMA7Interrupt)?ABSOLUTE (__DMA7Interrupt):ABSOLUTE (__DefaultInterrupt)
                  0x0000a0          0x4 LONG 0xb2c DEFINED (__Interrupt70)?ABSOLUTE (__Interrupt70):ABSOLUTE (__DefaultInterrupt)
                  0x0000a2          0x4 LONG 0xb2c DEFINED (__Interrupt71)?ABSOLUTE (__Interrupt71):ABSOLUTE (__DefaultInterrupt)
                  0x0000a4          0x4 LONG 0xb2c DEFINED (__Interrupt72)?ABSOLUTE (__Interrupt72):ABSOLUTE (__DefaultInterrupt)
                  0x0000a6          0x4 LONG 0xb2c DEFINED (__Interrupt73)?ABSOLUTE (__Interrupt73):ABSOLUTE (__DefaultInterrupt)
                  0x0000a8          0x4 LONG 0xb2c DEFINED (__Interrupt74)?ABSOLUTE (__Interrupt74):ABSOLUTE (__DefaultInterrupt)
                  0x0000aa          0x4 LONG 0xb2c DEFINED (__Interrupt75)?ABSOLUTE (__Interrupt75):ABSOLUTE (__DefaultInterrupt)
                  0x0000ac          0x4 LONG 0xb2c DEFINED (__Interrupt76)?ABSOLUTE (__Interrupt76):ABSOLUTE (__DefaultInterrupt)
                  0x0000ae          0x4 LONG 0xb2c DEFINED (__Interrupt77)?ABSOLUTE (__Interrupt77):ABSOLUTE (__DefaultInterrupt)
                  0x0000b0          0x4 LONG 0xb2c DEFINED (__Interrupt78)?ABSOLUTE (__Interrupt78):ABSOLUTE (__DefaultInterrupt)
                  0x0000b2          0x4 LONG 0xb2c DEFINED (__Interrupt79)?ABSOLUTE (__Interrupt79):ABSOLUTE (__DefaultInterrupt)
                  0x0000b4          0x4 LONG 0xb2c DEFINED (__Interrupt80)?ABSOLUTE (__Interrupt80):ABSOLUTE (__DefaultInterrupt)
                  0x0000b6          0x4 LONG 0xb2c DEFINED (__Interrupt81)?ABSOLUTE (__Interrupt81):ABSOLUTE (__DefaultInterrupt)
                  0x0000b8          0x4 LONG 0xb2c DEFINED (__Interrupt82)?ABSOLUTE (__Interrupt82):ABSOLUTE (__DefaultInterrupt)
                  0x0000ba          0x4 LONG 0xb2c DEFINED (__Interrupt83)?ABSOLUTE (__Interrupt83):ABSOLUTE (__DefaultInterrupt)
                  0x0000bc          0x4 LONG 0xb2c DEFINED (__Interrupt84)?ABSOLUTE (__Interrupt84):ABSOLUTE (__DefaultInterrupt)
                  0x0000be          0x4 LONG 0xb2c DEFINED (__Interrupt85)?ABSOLUTE (__Interrupt85):ABSOLUTE (__DefaultInterrupt)
                  0x0000c0          0x4 LONG 0xb2c DEFINED (__Interrupt86)?ABSOLUTE (__Interrupt86):ABSOLUTE (__DefaultInterrupt)
                  0x0000c2          0x4 LONG 0xb2c DEFINED (__Interrupt87)?ABSOLUTE (__Interrupt87):ABSOLUTE (__DefaultInterrupt)
                  0x0000c4          0x4 LONG 0xb2c DEFINED (__Interrupt88)?ABSOLUTE (__Interrupt88):ABSOLUTE (__DefaultInterrupt)
                  0x0000c6          0x4 LONG 0xb2c DEFINED (__Interrupt89)?ABSOLUTE (__Interrupt89):ABSOLUTE (__DefaultInterrupt)
                  0x0000c8          0x4 LONG 0xb2c DEFINED (__Interrupt90)?ABSOLUTE (__Interrupt90):ABSOLUTE (__DefaultInterrupt)
                  0x0000ca          0x4 LONG 0xb2c DEFINED (__Interrupt91)?ABSOLUTE (__Interrupt91):ABSOLUTE (__DefaultInterrupt)
                  0x0000cc          0x4 LONG 0xb2c DEFINED (__Interrupt92)?ABSOLUTE (__Interrupt92):ABSOLUTE (__DefaultInterrupt)
                  0x0000ce          0x4 LONG 0xb2c DEFINED (__Interrupt93)?ABSOLUTE (__Interrupt93):ABSOLUTE (__DefaultInterrupt)
                  0x0000d0          0x4 LONG 0xb2c DEFINED (__Interrupt94)?ABSOLUTE (__Interrupt94):ABSOLUTE (__DefaultInterrupt)
                  0x0000d2          0x4 LONG 0xb2c DEFINED (__Interrupt95)?ABSOLUTE (__Interrupt95):ABSOLUTE (__DefaultInterrupt)
                  0x0000d4          0x4 LONG 0xb2c DEFINED (__Interrupt96)?ABSOLUTE (__Interrupt96):ABSOLUTE (__DefaultInterrupt)
                  0x0000d6          0x4 LONG 0xb2c DEFINED (__Interrupt97)?ABSOLUTE (__Interrupt97):ABSOLUTE (__DefaultInterrupt)
                  0x0000d8          0x4 LONG 0xb2c DEFINED (__Interrupt98)?ABSOLUTE (__Interrupt98):ABSOLUTE (__DefaultInterrupt)
                  0x0000da          0x4 LONG 0xb2c DEFINED (__Interrupt99)?ABSOLUTE (__Interrupt99):ABSOLUTE (__DefaultInterrupt)
                  0x0000dc          0x4 LONG 0xb2c DEFINED (__Interrupt100)?ABSOLUTE (__Interrupt100):ABSOLUTE (__DefaultInterrupt)
                  0x0000de          0x4 LONG 0xb2c DEFINED (__Interrupt101)?ABSOLUTE (__Interrupt101):ABSOLUTE (__DefaultInterrupt)
                  0x0000e0          0x4 LONG 0xb2c DEFINED (__Interrupt102)?ABSOLUTE (__Interrupt102):ABSOLUTE (__DefaultInterrupt)
                  0x0000e2          0x4 LONG 0xb2c DEFINED (__Interrupt103)?ABSOLUTE (__Interrupt103):ABSOLUTE (__DefaultInterrupt)
                  0x0000e4          0x4 LONG 0xb2c DEFINED (__Interrupt104)?ABSOLUTE (__Interrupt104):ABSOLUTE (__DefaultInterrupt)
                  0x0000e6          0x4 LONG 0xb2c DEFINED (__Interrupt105)?ABSOLUTE (__Interrupt105):ABSOLUTE (__DefaultInterrupt)
                  0x0000e8          0x4 LONG 0xb2c DEFINED (__Interrupt106)?ABSOLUTE (__Interrupt106):ABSOLUTE (__DefaultInterrupt)
                  0x0000ea          0x4 LONG 0xb2c DEFINED (__Interrupt107)?ABSOLUTE (__Interrupt107):ABSOLUTE (__DefaultInterrupt)
                  0x0000ec          0x4 LONG 0xb2c DEFINED (__Interrupt108)?ABSOLUTE (__Interrupt108):ABSOLUTE (__DefaultInterrupt)
                  0x0000ee          0x4 LONG 0xb2c DEFINED (__Interrupt109)?ABSOLUTE (__Interrupt109):ABSOLUTE (__DefaultInterrupt)
                  0x0000f0          0x4 LONG 0xb2c DEFINED (__Interrupt110)?ABSOLUTE (__Interrupt110):ABSOLUTE (__DefaultInterrupt)
                  0x0000f2          0x4 LONG 0xb2c DEFINED (__Interrupt111)?ABSOLUTE (__Interrupt111):ABSOLUTE (__DefaultInterrupt)
                  0x0000f4          0x4 LONG 0xb2c DEFINED (__Interrupt112)?ABSOLUTE (__Interrupt112):ABSOLUTE (__DefaultInterrupt)
                  0x0000f6          0x4 LONG 0xb2c DEFINED (__Interrupt113)?ABSOLUTE (__Interrupt113):ABSOLUTE (__DefaultInterrupt)
                  0x0000f8          0x4 LONG 0xb2c DEFINED (__Interrupt114)?ABSOLUTE (__Interrupt114):ABSOLUTE (__DefaultInterrupt)
                  0x0000fa          0x4 LONG 0xb2c DEFINED (__Interrupt115)?ABSOLUTE (__Interrupt115):ABSOLUTE (__DefaultInterrupt)
                  0x0000fc          0x4 LONG 0xb2c DEFINED (__Interrupt116)?ABSOLUTE (__Interrupt116):ABSOLUTE (__DefaultInterrupt)
                  0x0000fe          0x4 LONG 0xb2c DEFINED (__Interrupt117)?ABSOLUTE (__Interrupt117):ABSOLUTE (__DefaultInterrupt)

.aivt             0x000104         0xfc
                  0x000104          0x4 LONG 0xb2c DEFINED (__AltReservedTrap0)?ABSOLUTE (__AltReservedTrap0):DEFINED (__ReservedTrap0)?ABSOLUTE (__ReservedTrap0):ABSOLUTE (__DefaultInterrupt)
                  0x000106          0x4 LONG 0xb2c DEFINED (__AltOscillatorFail)?ABSOLUTE (__AltOscillatorFail):DEFINED (__OscillatorFail)?ABSOLUTE (__OscillatorFail):ABSOLUTE (__DefaultInterrupt)
                  0x000108          0x4 LONG 0xb2c DEFINED (__AltAddressError)?ABSOLUTE (__AltAddressError):DEFINED (__AddressError)?ABSOLUTE (__AddressError):ABSOLUTE (__DefaultInterrupt)
                  0x00010a          0x4 LONG 0xb2c DEFINED (__AltStackError)?ABSOLUTE (__AltStackError):DEFINED (__StackError)?ABSOLUTE (__StackError):ABSOLUTE (__DefaultInterrupt)
                  0x00010c          0x4 LONG 0xb2c DEFINED (__AltMathError)?ABSOLUTE (__AltMathError):DEFINED (__MathError)?ABSOLUTE (__MathError):ABSOLUTE (__DefaultInterrupt)
                  0x00010e          0x4 LONG 0xb2c DEFINED (__AltDMACError)?ABSOLUTE (__AltDMACError):DEFINED (__DMACError)?ABSOLUTE (__DMACError):ABSOLUTE (__DefaultInterrupt)
                  0x000110          0x4 LONG 0xb2c DEFINED (__AltReservedTrap6)?ABSOLUTE (__AltReservedTrap6):DEFINED (__ReservedTrap6)?ABSOLUTE (__ReservedTrap6):ABSOLUTE (__DefaultInterrupt)
                  0x000112          0x4 LONG 0xb2c DEFINED (__AltReservedTrap7)?ABSOLUTE (__AltReservedTrap7):DEFINED (__ReservedTrap7)?ABSOLUTE (__ReservedTrap7):ABSOLUTE (__DefaultInterrupt)
                  0x000114          0x4 LONG 0xb2c DEFINED (__AltINT0Interrupt)?ABSOLUTE (__AltINT0Interrupt):DEFINED (__INT0Interrupt)?ABSOLUTE (__INT0Interrupt):ABSOLUTE (__DefaultInterrupt)
                  0x000116          0x4 LONG 0xb2c DEFINED (__AltIC1Interrupt)?ABSOLUTE (__AltIC1Interrupt):DEFINED (__IC1Interrupt)?ABSOLUTE (__IC1Interrupt):ABSOLUTE (__DefaultInterrupt)
                  0x000118          0x4 LONG 0xb2c DEFINED (__AltOC1Interrupt)?ABSOLUTE (__AltOC1Interrupt):DEFINED (__OC1Interrupt)?ABSOLUTE (__OC1Interrupt):ABSOLUTE (__DefaultInterrupt)
                  0x00011a          0x4 LONG 0xa72 DEFINED (__AltT1Interrupt)?ABSOLUTE (__AltT1Interrupt):DEFINED (__T1Interrupt)?ABSOLUTE (__T1Interrupt):ABSOLUTE (__DefaultInterrupt)
                  0x00011c          0x4 LONG 0xb2c DEFINED (__AltDMA0Interrupt)?ABSOLUTE (__AltDMA0Interrupt):DEFINED (__DMA0Interrupt)?ABSOLUTE (__DMA0Interrupt):ABSOLUTE (__DefaultInterrupt)
                  0x00011e          0x4 LONG 0xb2c DEFINED (__AltIC2Interrupt)?ABSOLUTE (__AltIC2Interrupt):DEFINED (__IC2Interrupt)?ABSOLUTE (__IC2Interrupt):ABSOLUTE (__DefaultInterrupt)
                  0x000120          0x4 LONG 0xb2c DEFINED (__AltOC2Interrupt)?ABSOLUTE (__AltOC2Interrupt):DEFINED (__OC2Interrupt)?ABSOLUTE (__OC2Interrupt):ABSOLUTE (__DefaultInterrupt)
                  0x000122          0x4 LONG 0xb2c DEFINED (__AltT2Interrupt)?ABSOLUTE (__AltT2Interrupt):DEFINED (__T2Interrupt)?ABSOLUTE (__T2Interrupt):ABSOLUTE (__DefaultInterrupt)
                  0x000124          0x4 LONG 0x6e2 DEFINED (__AltT3Interrupt)?ABSOLUTE (__AltT3Interrupt):DEFINED (__T3Interrupt)?ABSOLUTE (__T3Interrupt):ABSOLUTE (__DefaultInterrupt)
                  0x000126          0x4 LONG 0xb2c DEFINED (__AltSPI1ErrInterrupt)?ABSOLUTE (__AltSPI1ErrInterrupt):DEFINED (__SPI1ErrInterrupt)?ABSOLUTE (__SPI1ErrInterrupt):ABSOLUTE (__DefaultInterrupt)
                  0x000128          0x4 LONG 0xb2c DEFINED (__AltSPI1Interrupt)?ABSOLUTE (__AltSPI1Interrupt):DEFINED (__SPI1Interrupt)?ABSOLUTE (__SPI1Interrupt):ABSOLUTE (__DefaultInterrupt)
                  0x00012a          0x4 LONG 0xb2c DEFINED (__AltU1RXInterrupt)?ABSOLUTE (__AltU1RXInterrupt):DEFINED (__U1RXInterrupt)?ABSOLUTE (__U1RXInterrupt):ABSOLUTE (__DefaultInterrupt)
                  0x00012c          0x4 LONG 0xad6 DEFINED (__AltU1TXInterrupt)?ABSOLUTE (__AltU1TXInterrupt):DEFINED (__U1TXInterrupt)?ABSOLUTE (__U1TXInterrupt):ABSOLUTE (__DefaultInterrupt)
                  0x00012e          0x4 LONG 0xb2c DEFINED (__AltADC1Interrupt)?ABSOLUTE (__AltADC1Interrupt):DEFINED (__ADC1Interrupt)?ABSOLUTE (__ADC1Interrupt):ABSOLUTE (__DefaultInterrupt)
                  0x000130          0x4 LONG 0xb2c DEFINED (__AltDMA1Interrupt)?ABSOLUTE (__AltDMA1Interrupt):DEFINED (__DMA1Interrupt)?ABSOLUTE (__DMA1Interrupt):ABSOLUTE (__DefaultInterrupt)
                  0x000132          0x4 LONG 0xb2c DEFINED (__AltInterrupt15)?ABSOLUTE (__AltInterrupt15):DEFINED (__Interrupt15)?ABSOLUTE (__Interrupt15):ABSOLUTE (__DefaultInterrupt)
                  0x000134          0x4 LONG 0x49c DEFINED (__AltSI2C1Interrupt)?ABSOLUTE (__AltSI2C1Interrupt):DEFINED (__SI2C1Interrupt)?ABSOLUTE (__SI2C1Interrupt):ABSOLUTE (__DefaultInterrupt)
                  0x000136          0x4 LONG 0x432 DEFINED (__AltMI2C1Interrupt)?ABSOLUTE (__AltMI2C1Interrupt):DEFINED (__MI2C1Interrupt)?ABSOLUTE (__MI2C1Interrupt):ABSOLUTE (__DefaultInterrupt)
                  0x000138          0x4 LONG 0xb2c DEFINED (__AltCMPInterrupt)?ABSOLUTE (__AltCMPInterrupt):DEFINED (__CMPInterrupt)?ABSOLUTE (__CMPInterrupt):ABSOLUTE (__DefaultInterrupt)
                  0x00013a          0x4 LONG 0x712 DEFINED (__AltCNInterrupt)?ABSOLUTE (__AltCNInterrupt):DEFINED (__CNInterrupt)?ABSOLUTE (__CNInterrupt):ABSOLUTE (__DefaultInterrupt)
                  0x00013c          0x4 LONG 0x4a4 DEFINED (__AltINT1Interrupt)?ABSOLUTE (__AltINT1Interrupt):DEFINED (__INT1Interrupt)?ABSOLUTE (__INT1Interrupt):ABSOLUTE (__DefaultInterrupt)
                  0x00013e          0x4 LONG 0xb2c DEFINED (__AltInterrupt21)?ABSOLUTE (__AltInterrupt21):DEFINED (__Interrupt21)?ABSOLUTE (__Interrupt21):ABSOLUTE (__DefaultInterrupt)
                  0x000140          0x4 LONG 0xb2c DEFINED (__AltIC7Interrupt)?ABSOLUTE (__AltIC7Interrupt):DEFINED (__IC7Interrupt)?ABSOLUTE (__IC7Interrupt):ABSOLUTE (__DefaultInterrupt)
                  0x000142          0x4 LONG 0xb2c DEFINED (__AltIC8Interrupt)?ABSOLUTE (__AltIC8Interrupt):DEFINED (__IC8Interrupt)?ABSOLUTE (__IC8Interrupt):ABSOLUTE (__DefaultInterrupt)
                  0x000144          0x4 LONG 0xb2c DEFINED (__AltDMA2Interrupt)?ABSOLUTE (__AltDMA2Interrupt):DEFINED (__DMA2Interrupt)?ABSOLUTE (__DMA2Interrupt):ABSOLUTE (__DefaultInterrupt)
                  0x000146          0x4 LONG 0xb2c DEFINED (__AltOC3Interrupt)?ABSOLUTE (__AltOC3Interrupt):DEFINED (__OC3Interrupt)?ABSOLUTE (__OC3Interrupt):ABSOLUTE (__DefaultInterrupt)
                  0x000148          0x4 LONG 0xb2c DEFINED (__AltOC4Interrupt)?ABSOLUTE (__AltOC4Interrupt):DEFINED (__OC4Interrupt)?ABSOLUTE (__OC4Interrupt):ABSOLUTE (__DefaultInterrupt)
                  0x00014a          0x4 LONG 0xb2c DEFINED (__AltT4Interrupt)?ABSOLUTE (__AltT4Interrupt):DEFINED (__T4Interrupt)?ABSOLUTE (__T4Interrupt):ABSOLUTE (__DefaultInterrupt)
                  0x00014c          0x4 LONG 0xb2c DEFINED (__AltT5Interrupt)?ABSOLUTE (__AltT5Interrupt):DEFINED (__T5Interrupt)?ABSOLUTE (__T5Interrupt):ABSOLUTE (__DefaultInterrupt)
                  0x00014e          0x4 LONG 0x29c DEFINED (__AltINT2Interrupt)?ABSOLUTE (__AltINT2Interrupt):DEFINED (__INT2Interrupt)?ABSOLUTE (__INT2Interrupt):ABSOLUTE (__DefaultInterrupt)
                  0x000150          0x4 LONG 0xb2c DEFINED (__AltU2RXInterrupt)?ABSOLUTE (__AltU2RXInterrupt):DEFINED (__U2RXInterrupt)?ABSOLUTE (__U2RXInterrupt):ABSOLUTE (__DefaultInterrupt)
                  0x000152          0x4 LONG 0xb2c DEFINED (__AltU2TXInterrupt)?ABSOLUTE (__AltU2TXInterrupt):DEFINED (__U2TXInterrupt)?ABSOLUTE (__U2TXInterrupt):ABSOLUTE (__DefaultInterrupt)
                  0x000154          0x4 LONG 0xb2c DEFINED (__AltSPI2ErrInterrupt)?ABSOLUTE (__AltSPI2ErrInterrupt):DEFINED (__SPI2ErrInterrupt)?ABSOLUTE (__SPI2ErrInterrupt):ABSOLUTE (__DefaultInterrupt)
                  0x000156          0x4 LONG 0xb2c DEFINED (__AltSPI2Interrupt)?ABSOLUTE (__AltSPI2Interrupt):DEFINED (__SPI2Interrupt)?ABSOLUTE (__SPI2Interrupt):ABSOLUTE (__DefaultInterrupt)
                  0x000158          0x4 LONG 0xb2c DEFINED (__AltInterrupt34)?ABSOLUTE (__AltInterrupt34):DEFINED (__Interrupt34)?ABSOLUTE (__Interrupt34):ABSOLUTE (__DefaultInterrupt)
                  0x00015a          0x4 LONG 0xb2c DEFINED (__AltInterrupt35)?ABSOLUTE (__AltInterrupt35):DEFINED (__Interrupt35)?ABSOLUTE (__Interrupt35):ABSOLUTE (__DefaultInterrupt)
                  0x00015c          0x4 LONG 0xb2c DEFINED (__AltDMA3Interrupt)?ABSOLUTE (__AltDMA3Interrupt):DEFINED (__DMA3Interrupt)?ABSOLUTE (__DMA3Interrupt):ABSOLUTE (__DefaultInterrupt)
                  0x00015e          0x4 LONG 0xb2c DEFINED (__AltInterrupt37)?ABSOLUTE (__AltInterrupt37):DEFINED (__Interrupt37)?ABSOLUTE (__Interrupt37):ABSOLUTE (__DefaultInterrupt)
                  0x000160          0x4 LONG 0xb2c DEFINED (__AltInterrupt38)?ABSOLUTE (__AltInterrupt38):DEFINED (__Interrupt38)?ABSOLUTE (__Interrupt38):ABSOLUTE (__DefaultInterrupt)
                  0x000162          0x4 LONG 0xb2c DEFINED (__AltInterrupt39)?ABSOLUTE (__AltInterrupt39):DEFINED (__Interrupt39)?ABSOLUTE (__Interrupt39):ABSOLUTE (__DefaultInterrupt)
                  0x000164          0x4 LONG 0xb2c DEFINED (__AltInterrupt40)?ABSOLUTE (__AltInterrupt40):DEFINED (__Interrupt40)?ABSOLUTE (__Interrupt40):ABSOLUTE (__DefaultInterrupt)
                  0x000166          0x4 LONG 0xb2c DEFINED (__AltInterrupt41)?ABSOLUTE (__AltInterrupt41):DEFINED (__Interrupt41)?ABSOLUTE (__Interrupt41):ABSOLUTE (__DefaultInterrupt)
                  0x000168          0x4 LONG 0xb2c DEFINED (__AltInterrupt42)?ABSOLUTE (__AltInterrupt42):DEFINED (__Interrupt42)?ABSOLUTE (__Interrupt42):ABSOLUTE (__DefaultInterrupt)
                  0x00016a          0x4 LONG 0xb2c DEFINED (__AltInterrupt43)?ABSOLUTE (__AltInterrupt43):DEFINED (__Interrupt43)?ABSOLUTE (__Interrupt43):ABSOLUTE (__DefaultInterrupt)
                  0x00016c          0x4 LONG 0xb2c DEFINED (__AltInterrupt44)?ABSOLUTE (__AltInterrupt44):DEFINED (__Interrupt44)?ABSOLUTE (__Interrupt44):ABSOLUTE (__DefaultInterrupt)
                  0x00016e          0x4 LONG 0xb2c DEFINED (__AltPMPInterrupt)?ABSOLUTE (__AltPMPInterrupt):DEFINED (__PMPInterrupt)?ABSOLUTE (__PMPInterrupt):ABSOLUTE (__DefaultInterrupt)
                  0x000170          0x4 LONG 0xb2c DEFINED (__AltDMA4Interrupt)?ABSOLUTE (__AltDMA4Interrupt):DEFINED (__DMA4Interrupt)?ABSOLUTE (__DMA4Interrupt):ABSOLUTE (__DefaultInterrupt)
                  0x000172          0x4 LONG 0xb2c DEFINED (__AltInterrupt47)?ABSOLUTE (__AltInterrupt47):DEFINED (__Interrupt47)?ABSOLUTE (__Interrupt47):ABSOLUTE (__DefaultInterrupt)
                  0x000174          0x4 LONG 0xb2c DEFINED (__AltInterrupt48)?ABSOLUTE (__AltInterrupt48):DEFINED (__Interrupt48)?ABSOLUTE (__Interrupt48):ABSOLUTE (__DefaultInterrupt)
                  0x000176          0x4 LONG 0xb2c DEFINED (__AltInterrupt49)?ABSOLUTE (__AltInterrupt49):DEFINED (__Interrupt49)?ABSOLUTE (__Interrupt49):ABSOLUTE (__DefaultInterrupt)
                  0x000178          0x4 LONG 0xb2c DEFINED (__AltInterrupt50)?ABSOLUTE (__AltInterrupt50):DEFINED (__Interrupt50)?ABSOLUTE (__Interrupt50):ABSOLUTE (__DefaultInterrupt)
                  0x00017a          0x4 LONG 0xb2c DEFINED (__AltInterrupt51)?ABSOLUTE (__AltInterrupt51):DEFINED (__Interrupt51)?ABSOLUTE (__Interrupt51):ABSOLUTE (__DefaultInterrupt)
                  0x00017c          0x4 LONG 0xb2c DEFINED (__AltInterrupt52)?ABSOLUTE (__AltInterrupt52):DEFINED (__Interrupt52)?ABSOLUTE (__Interrupt52):ABSOLUTE (__DefaultInterrupt)
                  0x00017e          0x4 LONG 0xb2c DEFINED (__AltInterrupt53)?ABSOLUTE (__AltInterrupt53):DEFINED (__Interrupt53)?ABSOLUTE (__Interrupt53):ABSOLUTE (__DefaultInterrupt)
                  0x000180          0x4 LONG 0xb2c DEFINED (__AltInterrupt54)?ABSOLUTE (__AltInterrupt54):DEFINED (__Interrupt54)?ABSOLUTE (__Interrupt54):ABSOLUTE (__DefaultInterrupt)
                  0x000182          0x4 LONG 0xb2c DEFINED (__AltInterrupt55)?ABSOLUTE (__AltInterrupt55):DEFINED (__Interrupt55)?ABSOLUTE (__Interrupt55):ABSOLUTE (__DefaultInterrupt)
                  0x000184          0x4 LONG 0xb2c DEFINED (__AltInterrupt56)?ABSOLUTE (__AltInterrupt56):DEFINED (__Interrupt56)?ABSOLUTE (__Interrupt56):ABSOLUTE (__DefaultInterrupt)
                  0x000186          0x4 LONG 0xb2c DEFINED (__AltInterrupt57)?ABSOLUTE (__AltInterrupt57):DEFINED (__Interrupt57)?ABSOLUTE (__Interrupt57):ABSOLUTE (__DefaultInterrupt)
                  0x000188          0x4 LONG 0xb2c DEFINED (__AltInterrupt58)?ABSOLUTE (__AltInterrupt58):DEFINED (__Interrupt58)?ABSOLUTE (__Interrupt58):ABSOLUTE (__DefaultInterrupt)
                  0x00018a          0x4 LONG 0xb2c DEFINED (__AltInterrupt59)?ABSOLUTE (__AltInterrupt59):DEFINED (__Interrupt59)?ABSOLUTE (__Interrupt59):ABSOLUTE (__DefaultInterrupt)
                  0x00018c          0x4 LONG 0xb2c DEFINED (__AltInterrupt60)?ABSOLUTE (__AltInterrupt60):DEFINED (__Interrupt60)?ABSOLUTE (__Interrupt60):ABSOLUTE (__DefaultInterrupt)
                  0x00018e          0x4 LONG 0xb2c DEFINED (__AltDMA5Interrupt)?ABSOLUTE (__AltDMA5Interrupt):DEFINED (__DMA5Interrupt)?ABSOLUTE (__DMA5Interrupt):ABSOLUTE (__DefaultInterrupt)
                  0x000190          0x4 LONG 0xaac DEFINED (__AltRTCCInterrupt)?ABSOLUTE (__AltRTCCInterrupt):DEFINED (__RTCCInterrupt)?ABSOLUTE (__RTCCInterrupt):ABSOLUTE (__DefaultInterrupt)
                  0x000192          0x4 LONG 0xb2c DEFINED (__AltInterrupt63)?ABSOLUTE (__AltInterrupt63):DEFINED (__Interrupt63)?ABSOLUTE (__Interrupt63):ABSOLUTE (__DefaultInterrupt)
                  0x000194          0x4 LONG 0xb2c DEFINED (__AltInterrupt64)?ABSOLUTE (__AltInterrupt64):DEFINED (__Interrupt64)?ABSOLUTE (__Interrupt64):ABSOLUTE (__DefaultInterrupt)
                  0x000196          0x4 LONG 0xb2c DEFINED (__AltU1ErrInterrupt)?ABSOLUTE (__AltU1ErrInterrupt):DEFINED (__U1ErrInterrupt)?ABSOLUTE (__U1ErrInterrupt):ABSOLUTE (__DefaultInterrupt)
                  0x000198          0x4 LONG 0xb2c DEFINED (__AltU2ErrInterrupt)?ABSOLUTE (__AltU2ErrInterrupt):DEFINED (__U2ErrInterrupt)?ABSOLUTE (__U2ErrInterrupt):ABSOLUTE (__DefaultInterrupt)
                  0x00019a          0x4 LONG 0xb2c DEFINED (__AltCRCInterrupt)?ABSOLUTE (__AltCRCInterrupt):DEFINED (__CRCInterrupt)?ABSOLUTE (__CRCInterrupt):ABSOLUTE (__DefaultInterrupt)
                  0x00019c          0x4 LONG 0xb2c DEFINED (__AltDMA6Interrupt)?ABSOLUTE (__AltDMA6Interrupt):DEFINED (__DMA6Interrupt)?ABSOLUTE (__DMA6Interrupt):ABSOLUTE (__DefaultInterrupt)
                  0x00019e          0x4 LONG 0xb2c DEFINED (__AltDMA7Interrupt)?ABSOLUTE (__AltDMA7Interrupt):DEFINED (__DMA7Interrupt)?ABSOLUTE (__DMA7Interrupt):ABSOLUTE (__DefaultInterrupt)
                  0x0001a0          0x4 LONG 0xb2c DEFINED (__AltInterrupt70)?ABSOLUTE (__AltInterrupt70):DEFINED (__Interrupt70)?ABSOLUTE (__Interrupt70):ABSOLUTE (__DefaultInterrupt)
                  0x0001a2          0x4 LONG 0xb2c DEFINED (__AltInterrupt71)?ABSOLUTE (__AltInterrupt71):DEFINED (__Interrupt71)?ABSOLUTE (__Interrupt71):ABSOLUTE (__DefaultInterrupt)
                  0x0001a4          0x4 LONG 0xb2c DEFINED (__AltInterrupt72)?ABSOLUTE (__AltInterrupt72):DEFINED (__Interrupt72)?ABSOLUTE (__Interrupt72):ABSOLUTE (__DefaultInterrupt)
                  0x0001a6          0x4 LONG 0xb2c DEFINED (__AltInterrupt73)?ABSOLUTE (__AltInterrupt73):DEFINED (__Interrupt73)?ABSOLUTE (__Interrupt73):ABSOLUTE (__DefaultInterrupt)
                  0x0001a8          0x4 LONG 0xb2c DEFINED (__AltInterrupt74)?ABSOLUTE (__AltInterrupt74):DEFINED (__Interrupt74)?ABSOLUTE (__Interrupt74):ABSOLUTE (__DefaultInterrupt)
                  0x0001aa          0x4 LONG 0xb2c DEFINED (__AltInterrupt75)?ABSOLUTE (__AltInterrupt75):DEFINED (__Interrupt75)?ABSOLUTE (__Interrupt75):ABSOLUTE (__DefaultInterrupt)
                  0x0001ac          0x4 LONG 0xb2c DEFINED (__AltInterrupt76)?ABSOLUTE (__AltInterrupt76):DEFINED (__Interrupt76)?ABSOLUTE (__Interrupt76):ABSOLUTE (__DefaultInterrupt)
                  0x0001ae          0x4 LONG 0xb2c DEFINED (__AltInterrupt77)?ABSOLUTE (__AltInterrupt77):DEFINED (__Interrupt77)?ABSOLUTE (__Interrupt77):ABSOLUTE (__DefaultInterrupt)
                  0x0001b0          0x4 LONG 0xb2c DEFINED (__AltInterrupt78)?ABSOLUTE (__AltInterrupt78):DEFINED (__Interrupt78)?ABSOLUTE (__Interrupt78):ABSOLUTE (__DefaultInterrupt)
                  0x0001b2          0x4 LONG 0xb2c DEFINED (__AltInterrupt79)?ABSOLUTE (__AltInterrupt79):DEFINED (__Interrupt79)?ABSOLUTE (__Interrupt79):ABSOLUTE (__DefaultInterrupt)
                  0x0001b4          0x4 LONG 0xb2c DEFINED (__AltInterrupt80)?ABSOLUTE (__AltInterrupt80):DEFINED (__Interrupt80)?ABSOLUTE (__Interrupt80):ABSOLUTE (__DefaultInterrupt)
                  0x0001b6          0x4 LONG 0xb2c DEFINED (__AltInterrupt81)?ABSOLUTE (__AltInterrupt81):DEFINED (__Interrupt81)?ABSOLUTE (__Interrupt81):ABSOLUTE (__DefaultInterrupt)
                  0x0001b8          0x4 LONG 0xb2c DEFINED (__AltInterrupt82)?ABSOLUTE (__AltInterrupt82):DEFINED (__Interrupt82)?ABSOLUTE (__Interrupt82):ABSOLUTE (__DefaultInterrupt)
                  0x0001ba          0x4 LONG 0xb2c DEFINED (__AltInterrupt83)?ABSOLUTE (__AltInterrupt83):DEFINED (__Interrupt83)?ABSOLUTE (__Interrupt83):ABSOLUTE (__DefaultInterrupt)
                  0x0001bc          0x4 LONG 0xb2c DEFINED (__AltInterrupt84)?ABSOLUTE (__AltInterrupt84):DEFINED (__Interrupt84)?ABSOLUTE (__Interrupt84):ABSOLUTE (__DefaultInterrupt)
                  0x0001be          0x4 LONG 0xb2c DEFINED (__AltInterrupt85)?ABSOLUTE (__AltInterrupt85):DEFINED (__Interrupt85)?ABSOLUTE (__Interrupt85):ABSOLUTE (__DefaultInterrupt)
                  0x0001c0          0x4 LONG 0xb2c DEFINED (__AltInterrupt86)?ABSOLUTE (__AltInterrupt86):DEFINED (__Interrupt86)?ABSOLUTE (__Interrupt86):ABSOLUTE (__DefaultInterrupt)
                  0x0001c2          0x4 LONG 0xb2c DEFINED (__AltInterrupt87)?ABSOLUTE (__AltInterrupt87):DEFINED (__Interrupt87)?ABSOLUTE (__Interrupt87):ABSOLUTE (__DefaultInterrupt)
                  0x0001c4          0x4 LONG 0xb2c DEFINED (__AltInterrupt88)?ABSOLUTE (__AltInterrupt88):DEFINED (__Interrupt88)?ABSOLUTE (__Interrupt88):ABSOLUTE (__DefaultInterrupt)
                  0x0001c6          0x4 LONG 0xb2c DEFINED (__AltInterrupt89)?ABSOLUTE (__AltInterrupt89):DEFINED (__Interrupt89)?ABSOLUTE (__Interrupt89):ABSOLUTE (__DefaultInterrupt)
                  0x0001c8          0x4 LONG 0xb2c DEFINED (__AltInterrupt90)?ABSOLUTE (__AltInterrupt90):DEFINED (__Interrupt90)?ABSOLUTE (__Interrupt90):ABSOLUTE (__DefaultInterrupt)
                  0x0001ca          0x4 LONG 0xb2c DEFINED (__AltInterrupt91)?ABSOLUTE (__AltInterrupt91):DEFINED (__Interrupt91)?ABSOLUTE (__Interrupt91):ABSOLUTE (__DefaultInterrupt)
                  0x0001cc          0x4 LONG 0xb2c DEFINED (__AltInterrupt92)?ABSOLUTE (__AltInterrupt92):DEFINED (__Interrupt92)?ABSOLUTE (__Interrupt92):ABSOLUTE (__DefaultInterrupt)
                  0x0001ce          0x4 LONG 0xb2c DEFINED (__AltInterrupt93)?ABSOLUTE (__AltInterrupt93):DEFINED (__Interrupt93)?ABSOLUTE (__Interrupt93):ABSOLUTE (__DefaultInterrupt)
                  0x0001d0          0x4 LONG 0xb2c DEFINED (__AltInterrupt94)?ABSOLUTE (__AltInterrupt94):DEFINED (__Interrupt94)?ABSOLUTE (__Interrupt94):ABSOLUTE (__DefaultInterrupt)
                  0x0001d2          0x4 LONG 0xb2c DEFINED (__AltInterrupt95)?ABSOLUTE (__AltInterrupt95):DEFINED (__Interrupt95)?ABSOLUTE (__Interrupt95):ABSOLUTE (__DefaultInterrupt)
                  0x0001d4          0x4 LONG 0xb2c DEFINED (__AltInterrupt96)?ABSOLUTE (__AltInterrupt96):DEFINED (__Interrupt96)?ABSOLUTE (__Interrupt96):ABSOLUTE (__DefaultInterrupt)
                  0x0001d6          0x4 LONG 0xb2c DEFINED (__AltInterrupt97)?ABSOLUTE (__AltInterrupt97):DEFINED (__Interrupt97)?ABSOLUTE (__Interrupt97):ABSOLUTE (__DefaultInterrupt)
                  0x0001d8          0x4 LONG 0xb2c DEFINED (__AltInterrupt98)?ABSOLUTE (__AltInterrupt98):DEFINED (__Interrupt98)?ABSOLUTE (__Interrupt98):ABSOLUTE (__DefaultInterrupt)
                  0x0001da          0x4 LONG 0xb2c DEFINED (__AltInterrupt99)?ABSOLUTE (__AltInterrupt99):DEFINED (__Interrupt99)?ABSOLUTE (__Interrupt99):ABSOLUTE (__DefaultInterrupt)
                  0x0001dc          0x4 LONG 0xb2c DEFINED (__AltInterrupt100)?ABSOLUTE (__AltInterrupt100):DEFINED (__Interrupt100)?ABSOLUTE (__Interrupt100):ABSOLUTE (__DefaultInterrupt)
                  0x0001de          0x4 LONG 0xb2c DEFINED (__AltInterrupt101)?ABSOLUTE (__AltInterrupt101):DEFINED (__Interrupt101)?ABSOLUTE (__Interrupt101):ABSOLUTE (__DefaultInterrupt)
                  0x0001e0          0x4 LONG 0xb2c DEFINED (__AltInterrupt102)?ABSOLUTE (__AltInterrupt102):DEFINED (__Interrupt102)?ABSOLUTE (__Interrupt102):ABSOLUTE (__DefaultInterrupt)
                  0x0001e2          0x4 LONG 0xb2c DEFINED (__AltInterrupt103)?ABSOLUTE (__AltInterrupt103):DEFINED (__Interrupt103)?ABSOLUTE (__Interrupt103):ABSOLUTE (__DefaultInterrupt)
                  0x0001e4          0x4 LONG 0xb2c DEFINED (__AltInterrupt104)?ABSOLUTE (__AltInterrupt104):DEFINED (__Interrupt104)?ABSOLUTE (__Interrupt104):ABSOLUTE (__DefaultInterrupt)
                  0x0001e6          0x4 LONG 0xb2c DEFINED (__AltInterrupt105)?ABSOLUTE (__AltInterrupt105):DEFINED (__Interrupt105)?ABSOLUTE (__Interrupt105):ABSOLUTE (__DefaultInterrupt)
                  0x0001e8          0x4 LONG 0xb2c DEFINED (__AltInterrupt106)?ABSOLUTE (__AltInterrupt106):DEFINED (__Interrupt106)?ABSOLUTE (__Interrupt106):ABSOLUTE (__DefaultInterrupt)
                  0x0001ea          0x4 LONG 0xb2c DEFINED (__AltInterrupt107)?ABSOLUTE (__AltInterrupt107):DEFINED (__Interrupt107)?ABSOLUTE (__Interrupt107):ABSOLUTE (__DefaultInterrupt)
                  0x0001ec          0x4 LONG 0xb2c DEFINED (__AltInterrupt108)?ABSOLUTE (__AltInterrupt108):DEFINED (__Interrupt108)?ABSOLUTE (__Interrupt108):ABSOLUTE (__DefaultInterrupt)
                  0x0001ee          0x4 LONG 0xb2c DEFINED (__AltInterrupt109)?ABSOLUTE (__AltInterrupt109):DEFINED (__Interrupt109)?ABSOLUTE (__Interrupt109):ABSOLUTE (__DefaultInterrupt)
                  0x0001f0          0x4 LONG 0xb2c DEFINED (__AltInterrupt110)?ABSOLUTE (__AltInterrupt110):DEFINED (__Interrupt110)?ABSOLUTE (__Interrupt110):ABSOLUTE (__DefaultInterrupt)
                  0x0001f2          0x4 LONG 0xb2c DEFINED (__AltInterrupt111)?ABSOLUTE (__AltInterrupt111):DEFINED (__Interrupt111)?ABSOLUTE (__Interrupt111):ABSOLUTE (__DefaultInterrupt)
                  0x0001f4          0x4 LONG 0xb2c DEFINED (__AltInterrupt112)?ABSOLUTE (__AltInterrupt112):DEFINED (__Interrupt112)?ABSOLUTE (__Interrupt112):ABSOLUTE (__DefaultInterrupt)
                  0x0001f6          0x4 LONG 0xb2c DEFINED (__AltInterrupt113)?ABSOLUTE (__AltInterrupt113):DEFINED (__Interrupt113)?ABSOLUTE (__Interrupt113):ABSOLUTE (__DefaultInterrupt)
                  0x0001f8          0x4 LONG 0xb2c DEFINED (__AltInterrupt114)?ABSOLUTE (__AltInterrupt114):DEFINED (__Interrupt114)?ABSOLUTE (__Interrupt114):ABSOLUTE (__DefaultInterrupt)
                  0x0001fa          0x4 LONG 0xb2c DEFINED (__AltInterrupt115)?ABSOLUTE (__AltInterrupt115):DEFINED (__Interrupt115)?ABSOLUTE (__Interrupt115):ABSOLUTE (__DefaultInterrupt)
                  0x0001fc          0x4 LONG 0xb2c DEFINED (__AltInterrupt116)?ABSOLUTE (__AltInterrupt116):DEFINED (__Interrupt116)?ABSOLUTE (__Interrupt116):ABSOLUTE (__DefaultInterrupt)
                  0x0001fe          0x4 LONG 0xb2c DEFINED (__AltInterrupt117)?ABSOLUTE (__AltInterrupt117):DEFINED (__Interrupt117)?ABSOLUTE (__Interrupt117):ABSOLUTE (__DefaultInterrupt)
                    0x0000                  WREG0 = 0x0
                    0x0000                  _WREG0 = 0x0
                    0x0002                  WREG1 = 0x2
                    0x0002                  _WREG1 = 0x2
                    0x0004                  WREG2 = 0x4
                    0x0004                  _WREG2 = 0x4
                    0x0006                  WREG3 = 0x6
                    0x0006                  _WREG3 = 0x6
                    0x0008                  WREG4 = 0x8
                    0x0008                  _WREG4 = 0x8
                    0x000a                  WREG5 = 0xa
                    0x000a                  _WREG5 = 0xa
                    0x000c                  WREG6 = 0xc
                    0x000c                  _WREG6 = 0xc
                    0x000e                  WREG7 = 0xe
                    0x000e                  _WREG7 = 0xe
                    0x0010                  WREG8 = 0x10
                    0x0010                  _WREG8 = 0x10
                    0x0012                  WREG9 = 0x12
                    0x0012                  _WREG9 = 0x12
                    0x0014                  WREG10 = 0x14
                    0x0014                  _WREG10 = 0x14
                    0x0016                  WREG11 = 0x16
                    0x0016                  _WREG11 = 0x16
                    0x0018                  WREG12 = 0x18
                    0x0018                  _WREG12 = 0x18
                    0x001a                  WREG13 = 0x1a
                    0x001a                  _WREG13 = 0x1a
                    0x001c                  WREG14 = 0x1c
                    0x001c                  _WREG14 = 0x1c
                    0x001e                  WREG15 = 0x1e
                    0x001e                  _WREG15 = 0x1e
                    0x0020                  SPLIM = 0x20
                    0x0020                  _SPLIM = 0x20
                    0x002e                  PCL = 0x2e
                    0x002e                  _PCL = 0x2e
                    0x0030                  PCH = 0x30
                    0x0030                  _PCH = 0x30
                    0x0032                  TBLPAG = 0x32
                    0x0032                  _TBLPAG = 0x32
                    0x0034                  PSVPAG = 0x34
                    0x0034                  _PSVPAG = 0x34
                    0x0036                  RCOUNT = 0x36
                    0x0036                  _RCOUNT = 0x36
                    0x0042                  SR = 0x42
                    0x0042                  _SR = 0x42
                    0x0042                  _SRbits = 0x42
                    0x0044                  CORCON = 0x44
                    0x0044                  _CORCON = 0x44
                    0x0044                  _CORCONbits = 0x44
                    0x0052                  DISICNT = 0x52
                    0x0052                  _DISICNT = 0x52
                    0x0060                  CNEN1 = 0x60
                    0x0060                  _CNEN1 = 0x60
                    0x0060                  _CNEN1bits = 0x60
                    0x0062                  CNEN2 = 0x62
                    0x0062                  _CNEN2 = 0x62
                    0x0062                  _CNEN2bits = 0x62
                    0x0068                  CNPU1 = 0x68
                    0x0068                  _CNPU1 = 0x68
                    0x0068                  _CNPU1bits = 0x68
                    0x006a                  CNPU2 = 0x6a
                    0x006a                  _CNPU2 = 0x6a
                    0x006a                  _CNPU2bits = 0x6a
                    0x0080                  INTCON1 = 0x80
                    0x0080                  _INTCON1 = 0x80
                    0x0080                  _INTCON1bits = 0x80
                    0x0082                  INTCON2 = 0x82
                    0x0082                  _INTCON2 = 0x82
                    0x0082                  _INTCON2bits = 0x82
                    0x0084                  IFS0 = 0x84
                    0x0084                  _IFS0 = 0x84
                    0x0084                  _IFS0bits = 0x84
                    0x0086                  IFS1 = 0x86
                    0x0086                  _IFS1 = 0x86
                    0x0086                  _IFS1bits = 0x86
                    0x0088                  IFS2 = 0x88
                    0x0088                  _IFS2 = 0x88
                    0x0088                  _IFS2bits = 0x88
                    0x008a                  IFS3 = 0x8a
                    0x008a                  _IFS3 = 0x8a
                    0x008a                  _IFS3bits = 0x8a
                    0x008c                  IFS4 = 0x8c
                    0x008c                  _IFS4 = 0x8c
                    0x008c                  _IFS4bits = 0x8c
                    0x0094                  IEC0 = 0x94
                    0x0094                  _IEC0 = 0x94
                    0x0094                  _IEC0bits = 0x94
                    0x0096                  IEC1 = 0x96
                    0x0096                  _IEC1 = 0x96
                    0x0096                  _IEC1bits = 0x96
                    0x0098                  IEC2 = 0x98
                    0x0098                  _IEC2 = 0x98
                    0x0098                  _IEC2bits = 0x98
                    0x009a                  IEC3 = 0x9a
                    0x009a                  _IEC3 = 0x9a
                    0x009a                  _IEC3bits = 0x9a
                    0x009c                  IEC4 = 0x9c