Microchip Technology Inc, vȄr

Tool Name:
  c:\program files (x86)\microchip\xc16\v1.21\bin\bin\..\bin/elf-ld.exe

Command:
  -p24HJ128GP204 \
  -o \
  dist/default/production/91-QCM_Altimetry.production.elf \
  -Lc:/program files (x86)/microchip/xc16/v1.21/bin/bin/.. \
  -Lc:/program files (x86)/microchip/xc16/v1.21/bin/bin/../../lib \
  -Lc:/program files (x86)/microchip/xc16/v1.21/bin/bin/../../lib/PIC24E \
  -Lc:/program files (x86)/microchip/xc16/v1.21/bin/bin/../../support/PIC24E/gld \
  -Lc:/program files (x86)/microchip/xc16/v1.21/bin/bin/../../lib/PIC24F \
  -Lc:/program files (x86)/microchip/xc16/v1.21/bin/bin/../../support/PIC24F/gld \
  -Lc:/program files (x86)/microchip/xc16/v1.21/bin/bin/../../lib/PIC24H \
  -Lc:/program files (x86)/microchip/xc16/v1.21/bin/bin/../../support/PIC24H/gld \
  -Lc:/program files (x86)/microchip/xc16/v1.21/bin/bin/../../lib/dsPIC30F \
  -Lc:/program files (x86)/microchip/xc16/v1.21/bin/bin/../../support/dsPIC30F/gld \
  -Lc:/program files (x86)/microchip/xc16/v1.21/bin/bin/../../lib/dsPIC33E \
  -Lc:/program files (x86)/microchip/xc16/v1.21/bin/bin/../../support/dsPIC33E/gld \
  -Lc:/program files (x86)/microchip/xc16/v1.21/bin/bin/../../lib/dsPIC33F \
  -Lc:/program files (x86)/microchip/xc16/v1.21/bin/bin/../../support/dsPIC33F/gld \
  build/default/production/_ext/261188026/ADC.o \
  build/default/production/_ext/261188026/ADCInit.o \
  build/default/production/_ext/261188026/ADCISR.o \
  build/default/production/_ext/261188026/ADCLocal.o \
  build/default/production/_ext/1359123779/Altimeter.o \
  build/default/production/_ext/261189241/BLI.o \
  build/default/production/_ext/261189241/BLIInit.o \
  build/default/production/_ext/261189241/BLILocal.o \
  build/default/production/_ext/261189241/BLIMorse.o \
  build/default/production/_ext/261190851/DBG.o \
  build/default/production/_ext/261190888/DCM.o \
  build/default/production/_ext/261190888/DCMBaseVectors.o \
  build/default/production/_ext/261190888/DCMConstructors.o \
  build/default/production/_ext/261190888/DCMLocal.o \
  build/default/production/_ext/261190888/DCMMethods.o \
  build/default/production/_ext/1219465957/HMCMAG_Async.o \
  build/default/production/_ext/1219465957/HMCMAG_Init.o \
  build/default/production/_ext/1219465957/HMCMAG_Local.o \
  build/default/production/_ext/1219465957/HMCMAG_Mgmt.o \
  build/default/production/_ext/1219465957/HMCMAG_Sync.o \
  build/default/production/_ext/1219465957/HMCMAG_ISR.o \
  build/default/production/_ext/261195156/I2C_Async.o \
  build/default/production/_ext/261195156/I2C_Init.o \
  build/default/production/_ext/261195156/I2C_ISR.o \
  build/default/production/_ext/261195156/I2C_Local.o \
  build/default/production/_ext/261195156/I2C_Sync.o \
  build/default/production/_ext/261195156/I2C_SyncRead.o \
  build/default/production/_ext/261195156/I2C_SyncWrite.o \
  build/default/production/_ext/261196011/IMU.o \
  build/default/production/_ext/261196011/IMUReset.o \
  build/default/production/_ext/492825802/Init.o \
  build/default/production/_ext/261199537/MCM.o \
  build/default/production/_ext/261199537/MCMInit.o \
  build/default/production/_ext/261199537/MCMLocal.o \
  build/default/production/_ext/1087220677/MPL3115_Async.o \
  build/default/production/_ext/1087220677/MPL3115_ISR.o \
  build/default/production/_ext/1087220677/MPL3115_Init.o \
  build/default/production/_ext/1087220677/MPL3115_Local.o \
  build/default/production/_ext/1087220677/MPL3115_Mgmt.o \
  build/default/production/_ext/1087220677/MPL3115_Sync.o \
  build/default/production/_ext/1095620897/MPU6050_Async.o \
  build/default/production/_ext/1095620897/MPU6050_Init.o \
  build/default/production/_ext/1095620897/MPU6050_ISR_INT1.o \
  build/default/production/_ext/1095620897/MPU6050_Local.o \
  build/default/production/_ext/1095620897/MPU6050_Mgmt.o \
  build/default/production/_ext/1095620897/MPU6050_Reset.o \
  build/default/production/_ext/1095620897/MPU6050_Sync.o \
  build/default/production/_ext/261203381/QCMBatteryMgmt.o \
  build/default/production/_ext/261203381/QCMConst.o \
  build/default/production/_ext/261203381/QCMNormalize.o \
  build/default/production/_ext/261203381/QCMPerformStep.o \
  build/default/production/_ext/1099952713/RC.o \
  build/default/production/_ext/1099952713/RCInit.o \
  build/default/production/_ext/1099952713/RCLocal.o \
  build/default/production/_ext/1099952713/RC_ISR.o \
  build/default/production/_ext/492556631/SR04.o \
  build/default/production/_ext/492556631/SR04_ISR.o \
  build/default/production/_ext/492556631/SR04_Init.o \
  build/default/production/_ext/492556631/SR04_Local.o \
  build/default/production/_ext/261206579/TMR.o \
  build/default/production/_ext/261206579/TMRInit.o \
  build/default/production/_ext/261206579/TMRLocal.o \
  build/default/production/_ext/261206579/TMR_ISR.o \
  build/default/production/_ext/492512300/UART_TX_API.o \
  build/default/production/_ext/492512300/UART_TX_Init.o \
[...]
Memory Configuration

Name             Origin             Length             Attributes
data             0x000800           0x002000           a !xr
reset            0x000000           0x000004  
ivt              0x000004           0x0000fc  
_reserved        0x000100           0x000004  
aivt             0x000104           0x0000fc  
program          0x000200           0x0155fe           xr
FBS              0xf80000           0x000002  
FSS              0xf80002           0x000002  
FGS              0xf80004           0x000002  
FOSCSEL          0xf80006           0x000002  
FOSC             0xf80008           0x000002  
FWDT             0xf8000a           0x000002  
FPOR             0xf8000c           0x000002  
FICD             0xf8000e           0x000002  
FUID0            0xf80010           0x000002  
FUID1            0xf80012           0x000002  
FUID2            0xf80014           0x000002  
FUID3            0xf80016           0x000002  
*default*        0x000000           0xffffffff  

Linker script and memory map

LOAD build/default/production/_ext/261188026/ADC.o
LOAD build/default/production/_ext/261188026/ADCInit.o
LOAD build/default/production/_ext/261188026/ADCISR.o
LOAD build/default/production/_ext/261188026/ADCLocal.o
LOAD build/default/production/_ext/1359123779/Altimeter.o
LOAD build/default/production/_ext/261189241/BLI.o
LOAD build/default/production/_ext/261189241/BLIInit.o
LOAD build/default/production/_ext/261189241/BLILocal.o
LOAD build/default/production/_ext/261189241/BLIMorse.o
LOAD build/default/production/_ext/261190851/DBG.o
LOAD build/default/production/_ext/261190888/DCM.o
LOAD build/default/production/_ext/261190888/DCMBaseVectors.o
LOAD build/default/production/_ext/261190888/DCMConstructors.o
LOAD build/default/production/_ext/261190888/DCMLocal.o
LOAD build/default/production/_ext/261190888/DCMMethods.o
LOAD build/default/production/_ext/1219465957/HMCMAG_Async.o
LOAD build/default/production/_ext/1219465957/HMCMAG_Init.o
LOAD build/default/production/_ext/1219465957/HMCMAG_Local.o
LOAD build/default/production/_ext/1219465957/HMCMAG_Mgmt.o
LOAD build/default/production/_ext/1219465957/HMCMAG_Sync.o
LOAD build/default/production/_ext/1219465957/HMCMAG_ISR.o
LOAD build/default/production/_ext/261195156/I2C_Async.o
LOAD build/default/production/_ext/261195156/I2C_Init.o
LOAD build/default/production/_ext/261195156/I2C_ISR.o
LOAD build/default/production/_ext/261195156/I2C_Local.o
LOAD build/default/production/_ext/261195156/I2C_Sync.o
LOAD build/default/production/_ext/261195156/I2C_SyncRead.o
LOAD build/default/production/_ext/261195156/I2C_SyncWrite.o
LOAD build/default/production/_ext/261196011/IMU.o
LOAD build/default/production/_ext/261196011/IMUReset.o
LOAD build/default/production/_ext/492825802/Init.o
LOAD build/default/production/_ext/261199537/MCM.o
LOAD build/default/production/_ext/261199537/MCMInit.o
LOAD build/default/production/_ext/261199537/MCMLocal.o
LOAD build/default/production/_ext/1087220677/MPL3115_Async.o
LOAD build/default/production/_ext/1087220677/MPL3115_ISR.o
LOAD build/default/production/_ext/1087220677/MPL3115_Init.o
LOAD build/default/production/_ext/1087220677/MPL3115_Local.o
LOAD build/default/production/_ext/1087220677/MPL3115_Mgmt.o
LOAD build/default/production/_ext/1087220677/MPL3115_Sync.o
LOAD build/default/production/_ext/1095620897/MPU6050_Async.o
LOAD build/default/production/_ext/1095620897/MPU6050_Init.o
LOAD build/default/production/_ext/1095620897/MPU6050_ISR_INT1.o
LOAD build/default/production/_ext/1095620897/MPU6050_Local.o
LOAD build/default/production/_ext/1095620897/MPU6050_Mgmt.o
LOAD build/default/production/_ext/1095620897/MPU6050_Reset.o
LOAD build/default/production/_ext/1095620897/MPU6050_Sync.o
LOAD build/default/production/_ext/261203381/QCMBatteryMgmt.o
LOAD build/default/production/_ext/261203381/QCMConst.o
LOAD build/default/production/_ext/261203381/QCMNormalize.o
LOAD build/default/production/_ext/261203381/QCMPerformStep.o
LOAD build/default/production/_ext/1099952713/RC.o
LOAD build/default/production/_ext/1099952713/RCInit.o
LOAD build/default/production/_ext/1099952713/RCLocal.o
LOAD build/default/production/_ext/1099952713/RC_ISR.o
LOAD build/default/production/_ext/492556631/SR04.o
LOAD build/default/production/_ext/492556631/SR04_ISR.o
LOAD build/default/production/_ext/492556631/SR04_Init.o
LOAD build/default/production/_ext/492556631/SR04_Local.o
LOAD build/default/production/_ext/261206579/TMR.o
LOAD build/default/production/_ext/261206579/TMRInit.o
LOAD build/default/production/_ext/261206579/TMRLocal.o
LOAD build/default/production/_ext/261206579/TMR_ISR.o
LOAD build/default/production/_ext/492512300/UART_TX_API.o
LOAD build/default/production/_ext/492512300/UART_TX_Init.o
LOAD build/default/production/_ext/492512300/UART_TX_ISR.o
LOAD build/default/production/_ext/492512300/UART_TX_Local.o
LOAD build/default/production/main.o
                    0x0001                  __MPLAB_BUILD = 0x1
LOAD c:/program files (x86)/microchip/xc16/v1.21/bin/bin/../../lib/PIC24H\libp24HJ128GP204-elf.a
                    0xf80000                  __FBS = 0xf80000
                    0xf80002                  __FSS = 0xf80002
                    0xf80004                  __FGS = 0xf80004
                    0xf80006                  __FOSCSEL = 0xf80006
                    0xf80008                  __FOSC = 0xf80008
                    0xf8000a                  __FWDT = 0xf8000a
                    0xf8000c                  __FPOR = 0xf8000c
                    0xf8000e                  __FICD = 0xf8000e
                    0xf80010                  __FUID0 = 0xf80010
                    0xf80012                  __FUID1 = 0xf80012
                    0xf80014                  __FUID2 = 0xf80014
                    0xf80016                  __FUID3 = 0xf80016
                    0x0004                  __IVT_BASE = 0x4
                    0x0104                  __AIVT_BASE = 0x104
                    0x0800                  __DATA_BASE = 0x800
                    0x2000                  __DATA_LENGTH = 0x2000
                    0x2000                  __DMA_BASE = 0x2000
                    0x27ff                  __DMA_END = 0x27ff
                    0x0200                  __CODE_BASE = 0x200
                    0x15600                  __CODE_LENGTH = 0x15600

.reset            0x000000          0x4
                  0x000000          0x2 SHORT 0x200 ABSOLUTE (__reset)
                  0x000001          0x2 SHORT 0x4
                  0x000002          0x2 SHORT 0x0 ((ABSOLUTE (__reset) >> 0x10) & 0x7f)
                  0x000003          0x2 SHORT 0x0

.text             0x000200       0x25a4
 *(.init)
 .init            0x000200         0x36 c:/program files (x86)/microchip/xc16/v1.21/bin/bin/../../lib\libpic30-elf.a(crt0_standard.o)
                  0x000200                  __resetPRI
                  0x000200                  __reset
                  0x000226                  __psv_init
 .init            0x000236         0x5e c:/program files (x86)/microchip/xc16/v1.21/bin/bin/../../lib\libpic30-elf.a(data_init_standard.o)
                  0x000236                  __data_init_standard
                  0x000236                  __data_init
 *(.user_init)
 *(.handle)
 .handle          0x000294         0x10 jump_table
 *(.isr*)
 .isr.text        0x0002a4         0x98 build/default/production/_ext/261188026/ADCISR.o
                  0x0002a4                  __ADC1Interrupt
 .isr.text        0x00033c        0x1a4 build/default/production/_ext/1219465957/HMCMAG_ISR.o
                  0x00033c                  __IC2Interrupt
                  0x00036a                  __HMCCallBack
 .isr.text        0x0004e0         0x8c build/default/production/_ext/261195156/I2C_ISR.o
                  0x0004e0                  __MI2C1Interrupt
                  0x000564                  __SI2C1Interrupt
 .isr.text        0x00056c        0x230 build/default/production/_ext/1087220677/MPL3115_ISR.o
                  0x00056c                  __IC1Interrupt
                  0x0005a4                  __MPLCallBack
 .isr.text        0x00079c        0x25e build/default/production/_ext/1095620897/MPU6050_ISR_INT1.o
                  0x00079c                  __INT1Interrupt
                  0x0007ca                  __MPUCallBack
 .isr.text        0x0009fa        0x3b2 build/default/production/_ext/1099952713/RC_ISR.o
                  0x0009fa                  __T3Interrupt
                  0x000a2a                  __CNInterrupt
 .isr.text        0x000dac         0x9a build/default/production/_ext/492556631/SR04_ISR.o
                  0x000dac                  __IC7Interrupt
 .isr.text        0x000e46         0x64 build/default/production/_ext/261206579/TMR_ISR.o
                  0x000e46                  __T1Interrupt
                  0x000e80                  __RTCCInterrupt
 .isr.text        0x000eaa         0x56 build/default/production/_ext/492512300/UART_TX_ISR.o
                  0x000eaa                  __U1TXInterrupt
 .isr             0x000f00          0x4 default_isr
                  0x000f00                  __DefaultInterrupt
 *(.libc)
 *(.libm)
 *(.libdsp)
 *(.lib*)
 .libm.atanf      0x000f04         0x3a c:/program files (x86)/microchip/xc16/v1.21/bin/bin/../../lib\libfastm-elf.a(atan2f.eo)
                  0x000f04                  _atan2f
 .libm.eqsf2      0x000f3e          0x4 c:/program files (x86)/microchip/xc16/v1.21/bin/bin/../../lib\libfastm-elf.a(feqltle.eo)
                  0x000f3e                  ___eqsf2
                  0x000f3e                  ___ltsf2
                  0x000f3e                  ___lesf2
 .libm.gtsf2      0x000f42          0x4 c:/program files (x86)/microchip/xc16/v1.21/bin/bin/../../lib\libfastm-elf.a(fgtge.eo)
                  0x000f42                  ___gesf2
                  0x000f42                  ___gtsf2
 .libm.fixunssfsi
                  0x000f46         0x36 c:/program files (x86)/microchip/xc16/v1.21/bin/bin/../../lib\libfastm-elf.a(fixunssfsi.eo)
                  0x000f46                  ___fixunssfsi
 .libm.floatsisf
                  0x000f7c          0x6 c:/program files (x86)/microchip/xc16/v1.21/bin/bin/../../lib\libfastm-elf.a(floatsisf.eo)
                  0x000f7c                  ___floatsisf
 .libm.floatunsisf
                  0x000f82          0x4 c:/program files (x86)/microchip/xc16/v1.21/bin/bin/../../lib\libfastm-elf.a(floatunsisf.eo)
                  0x000f82                  ___floatunsisf
 .libm.floorf     0x000f86         0x10 c:/program files (x86)/microchip/xc16/v1.21/bin/bin/../../lib\libfastm-elf.a(floorf.eo)
                  0x000f86                  _floorf
 .libm.nesf2      0x000f96          0x4 c:/program files (x86)/microchip/xc16/v1.21/bin/bin/../../lib\libfastm-elf.a(fne.eo)
                  0x000f96                  ___nesf2
 .libm.funpack    0x000f9a         0x2a c:/program files (x86)/microchip/xc16/v1.21/bin/bin/../../lib\libfastm-elf.a(funpack.eo)
                  0x000f9a                  __funpack
 .libm.funpack2
                  0x000fc4         0x10 c:/program files (x86)/microchip/xc16/v1.21/bin/bin/../../lib\libfastm-elf.a(funpack2.eo)
                  0x000fc4                  __funpack2
 .libm.fPropagateNaN
                  0x000fd4         0x12 c:/program files (x86)/microchip/xc16/v1.21/bin/bin/../../lib\libfastm-elf.a(futil.eo)
                  0x000fd4                  __fPropagateNaN
 .libm.fbobExit
                  0x000fe6          0x8 c:/program files (x86)/microchip/xc16/v1.21/bin/bin/../../lib\libfastm-elf.a(futil.eo)
                  0x000fe6                  __fbopExit
 .libm.fbopReturnNaN
                  0x000fee          0x6 c:/program files (x86)/microchip/xc16/v1.21/bin/bin/../../lib\libfastm-elf.a(futil.eo)
                  0x000fee                  __fbopReturnNaN
 .libm.powf       0x000ff4        0x1c6 c:/program files (x86)/microchip/xc16/v1.21/bin/bin/../../lib\libfastm-elf.a(powf.eo)
                  0x000ff4                  _powf
 .libmx           0x0011ba        0x112 c:/program files (x86)/microchip/xc16/v1.21/bin/bin/../../lib\libfastm-elf.a(logfx.eo)
                  0x0011ba                  _log10fx
                  0x0011ba                  _log10f
                  0x0011be                  _logf
                  0x0011be                  _logfx
 .libmx           0x0012cc        0x15c c:/program files (x86)/microchip/xc16/v1.21/bin/bin/../../lib\libfastm-elf.a(sinfx.eo)
                  0x0012cc                  _sinf
                  0x0012cc                  _sinfx
                  0x00138e                  _cosf
                  0x00138e                  _cosfx
 .libmx           0x001428         0x34 c:/program files (x86)/microchip/xc16/v1.21/bin/bin/../../lib\libfastm-elf.a(typefx.eo)
                  0x001428                  __typef
 .libmx           0x00145c        0x1dc c:/program files (x86)/microchip/xc16/v1.21/bin/bin/../../lib\libfastm-elf.a(addsf3x.eo)
                  0x00145c                  ___subsf3x
                  0x00145c                  ___subsf3
                  0x00146e                  ___addsf3x
                  0x00146e                  ___addsf3
 .libmx           0x001638        0x10c c:/program files (x86)/microchip/xc16/v1.21/bin/bin/../../lib\libfastm-elf.a(mulsf3x.eo)
                  0x001638                  ___mulsf3x
                  0x001638                  ___mulsf3
 .libmx           0x001744         0x86 c:/program files (x86)/microchip/xc16/v1.21/bin/bin/../../lib\libfastm-elf.a(spolyfbx.eo)
                  0x001744                  __spolyfb
 .libmx           0x0017ca        0x16c c:/program files (x86)/microchip/xc16/v1.21/bin/bin/../../lib\libfastm-elf.a(asinfx.eo)
                  0x0017ca                  _asinf
                  0x0017ca                  _asinfx
                  0x001872                  __asinredf
                  0x001906                  __sasinf
 .libmx           0x001936         0x48 c:/program files (x86)/microchip/xc16/v1.21/bin/bin/../../lib\libfastm-elf.a(norm3sx.eo)
                  0x001936                  __norm3s
 .libmx           0x00197e         0x3a c:/program files (x86)/microchip/xc16/v1.21/bin/bin/../../lib\libfastm-elf.a(slmulx.eo)
                  0x00197e                  __slmul
 .libmx           0x0019b8        0x11e c:/program files (x86)/microchip/xc16/v1.21/bin/bin/../../lib\libfastm-elf.a(atanfx.eo)
                  0x0019b8                  _atanfx
                  0x0019b8                  _atanf
 .libmx           0x001ad6        0x130 c:/program files (x86)/microchip/xc16/v1.21/bin/bin/../../lib\libfastm-elf.a(smaddfx.eo)
                  0x001ad6                  __srmsubf
                  0x001adc                  __smsubf
                  0x001ae0                  __smaddf
 .libmx           0x001c06         0x1c c:/program files (x86)/microchip/xc16/v1.21/bin/bin/../../lib\libfastm-elf.a(spolyfx.eo)
                  0x001c06                  __spolyf
 .libmx           0x001c22         0x5e c:/program files (x86)/microchip/xc16/v1.21/bin/bin/../../lib\libfastm-elf.a(unpackdnrmfx.eo)
                  0x001c22                  __unpackdnrmf
 .libmx           0x001c80        0x1be c:/program files (x86)/microchip/xc16/v1.21/bin/bin/../../lib\libfastm-elf.a(divsf3x.eo)
                  0x001c80                  ___divsf3x
                  0x001c80                  ___divsf3
                  0x001e12                  __sdivf
 .libmx           0x001e3e         0x12 c:/program files (x86)/microchip/xc16/v1.21/bin/bin/../../lib\libfastm-elf.a(propnanfx.eo)
                  0x001e3e                  __propnanf
 .libmx           0x001e50         0x56 c:/program files (x86)/microchip/xc16/v1.21/bin/bin/../../lib\libfastm-elf.a(smulfx.eo)
                  0x001e50                  __smulf
 .libmx           0x001ea6         0x7c c:/program files (x86)/microchip/xc16/v1.21/bin/bin/../../lib\libfastm-elf.a(sqrtfx.eo)
                  0x001ea6                  _sqrtf
                  0x001ea6                  _sqrtfx
 .libmx           0x001f22         0x66 c:/program files (x86)/microchip/xc16/v1.21/bin/bin/../../lib\libfastm-elf.a(unpackfx.eo)
                  0x001f22                  __unpackf
 .libmx           0x001f88         0x54 c:/program files (x86)/microchip/xc16/v1.21/bin/bin/../../lib\libfastm-elf.a(dnrmpackfx.eo)
                  0x001f88                  __dnrmpackf
 .libmx           0x001fdc         0xa0 c:/program files (x86)/microchip/xc16/v1.21/bin/bin/../../lib\libfastm-elf.a(saddfx.eo)
                  0x001fdc                  __srsubf
                  0x001fe2                  __ssubf
                  0x001fe6                  __saddf
 .libmx           0x00207c         0xa6 c:/program files (x86)/microchip/xc16/v1.21/bin/bin/../../lib\libfastm-elf.a(spackfx.eo)
                  0x00207c                  __spackf
 .libmx           0x002122         0xd6 c:/program files (x86)/microchip/xc16/v1.21/bin/bin/../../lib\libfastm-elf.a(ssqrtfx.eo)
                  0x002122                  __ssqrtf
 .libmx           0x0021f8        0x12c c:/program files (x86)/microchip/xc16/v1.21/bin/bin/../../lib\libfastm-elf.a(expfx.eo)
                  0x0021f8                  _expfx
                  0x0021f8                  _expf
                  0x002294                  __sexpf
 .libmx           0x002324         0x54 c:/program files (x86)/microchip/xc16/v1.21/bin/bin/../../lib\libfastm-elf.a(sfloatfsix.eo)
                  0x002324                  __sfloatfsi
 .libmx           0x002378         0x46 c:/program files (x86)/microchip/xc16/v1.21/bin/bin/../../lib\libfastm-elf.a(spolyf0x.eo)
                  0x002378                  __spolyf0
 .libmx           0x0023be         0x8c c:/program files (x86)/microchip/xc16/v1.21/bin/bin/../../lib\libfastm-elf.a(strigredfx.eo)
                  0x0023be                  __strigredf
 .libm.frexpf     0x00244a         0x1a c:/program files (x86)/microchip/xc16/v1.21/bin/bin/../../lib\libfastm-elf.a(_frexpf.eo)
                  0x00244a                  __frexpf
 .libm.fchop      0x002464         0x4e c:/program files (x86)/microchip/xc16/v1.21/bin/bin/../../lib\libfastm-elf.a(fchop.eo)
                  0x002464                  __fchop
 .libm.fcompare
                  0x0024b2         0x36 c:/program files (x86)/microchip/xc16/v1.21/bin/bin/../../lib\libfastm-elf.a(fcompare.eo)
                  0x0024b2                  __fcompare
 .libm.fixsfsi    0x0024e8         0x42 c:/program files (x86)/microchip/xc16/v1.21/bin/bin/../../lib\libfastm-elf.a(fixsfsi.eo)
                  0x0024e8                  _(float, int, long long, short, float, short, int)
 .libm.floatdisf
                  0x00252a         0x20 c:/program files (x86)/microchip/xc16/v1.21/bin/bin/../../lib\libfastm-elf.a(floatdisf.eo)
                  0x00252a                  ___floatdisf
 .libm.floatundisf
                  0x00254a         0x5e c:/program files (x86)/microchip/xc16/v1.21/bin/bin/../../lib\libfastm-elf.a(floatundisf.eo)
                  0x00254a                  ___floatundisf
 .libm.fpack      0x0025a8         0x4c c:/program files (x86)/microchip/xc16/v1.21/bin/bin/../../lib\libfastm-elf.a(fpack.eo)
                  0x0025a8                  __fpack
 .libm.ldexpf     0x0025f4         0x44 c:/program files (x86)/microchip/xc16/v1.21/bin/bin/../../lib\libfastm-elf.a(ldexpf.eo)
                  0x0025f4                  _ldexpf
 .libmx           0x002638         0x4a c:/program files (x86)/microchip/xc16/v1.21/bin/bin/../../lib\libfastm-elf.a(spolyf1x.eo)
                  0x002638                  __spolyf1
 .libmx           0x002682         0x62 c:/program files (x86)/microchip/xc16/v1.21/bin/bin/../../lib\libfastm-elf.a(sintrndfx.eo)
                  0x002682                  __sintrndf
 .libmx           0x0026e4         0x4c c:/program files (x86)/microchip/xc16/v1.21/bin/bin/../../lib\libfastm-elf.a(spolyfm1x.eo)
                  0x0026e4                  __spolyfm1
 .libmx           0x002730         0x74 c:/program files (x86)/microchip/xc16/v1.21/bin/bin/../../lib\libfastm-elf.a(norm4sx.eo)
                  0x002730                  __norm4s

usercode
 *(usercode)

__FBS
 *(__FBS.sec*)

__FSS
 *(__FSS.sec*)

__FGS
 *(__FGS.sec*)

__FOSCSEL         0xf80006          0x2
 *(__FOSCSEL.sec*)
 __FOSCSEL.sec    0xf80006          0x2 build/default/production/_ext/492825802/Init.o

__FOSC            0xf80008          0x2
 *(__FOSC.sec*)
 __FOSC.sec       0xf80008          0x2 build/default/production/_ext/492825802/Init.o

__FWDT            0xf8000a          0x2
 *(__FWDT.sec*)
 __FWDT.sec       0xf8000a          0x2 build/default/production/_ext/492825802/Init.o

__FPOR            0xf8000c          0x2
 *(__FPOR.sec*)
 __FPOR.sec       0xf8000c          0x2 build/default/production/_ext/492825802/Init.o

__FICD            0xf8000e          0x2
 *(__FICD.sec*)
 __FICD.sec       0xf8000e          0x2 build/default/production/_ext/492825802/Init.o

__FUID0
 *(__FUID0.sec*)

__FUID1
 *(__FUID1.sec*)

__FUID2
 *(__FUID2.sec*)

__FUID3
 *(__FUID3.sec*)

.comment
 *(.comment)

.debug_info       0x000000      0x23140
 *(.debug_info)
 .debug_info      0x000000        0x2c1 build/default/production/_ext/261188026/ADC.o
 .debug_info      0x0002c1        0xfc1 build/default/production/_ext/261188026/ADCInit.o
 .debug_info      0x001282        0x50b build/default/production/_ext/261188026/ADCISR.o
 .debug_info      0x00178d        0x270 build/default/production/_ext/261188026/ADCLocal.o
 .debug_info      0x0019fd        0x7d7 build/default/production/_ext/1359123779/Altimeter.o
 .debug_info      0x0021d4        0x551 build/default/production/_ext/261189241/BLI.o
 .debug_info      0x002725        0x503 build/default/production/_ext/261189241/BLIInit.o
 .debug_info      0x002c28        0x490 build/default/production/_ext/261189241/BLILocal.o
 .debug_info      0x0030b8        0x7a6 build/default/production/_ext/261189241/BLIMorse.o
 .debug_info      0x00385e        0x5c3 build/default/production/_ext/261190851/DBG.o
 .debug_info      0x003e21        0x8a0 build/default/production/_ext/261190888/DCM.o
 .debug_info      0x0046c1        0x6ce build/default/production/_ext/261190888/DCMBaseVectors.o
 .debug_info      0x004d8f        0x2a6 build/default/production/_ext/261190888/DCMConstructors.o
 .debug_info      0x005035        0x33f build/default/production/_ext/261190888/DCMLocal.o
 .debug_info      0x005374        0x28a build/default/production/_ext/261190888/DCMMethods.o
 .debug_info      0x0055fe        0xb06 build/default/production/_ext/1219465957/HMCMAG_Async.o
 .debug_info      0x006104        0xcb7 build/default/production/_ext/1219465957/HMCMAG_Init.o
 .debug_info      0x006dbb        0x642 build/default/production/_ext/1219465957/HMCMAG_Local.o
 .debug_info      0x0073fd        0x593 build/default/production/_ext/1219465957/HMCMAG_Mgmt.o
 .debug_info      0x007990        0x8a1 build/default/production/_ext/1219465957/HMCMAG_Sync.o
 .debug_info      0x008231        0xa27 build/default/production/_ext/1219465957/HMCMAG_ISR.o
 .debug_info      0x008c58        0xc79 build/default/production/_ext/261195156/I2C_Async.o
 .debug_info      0x0098d1        0xbca build/default/production/_ext/261195156/I2C_Init.o
 .debug_info      0x00a49b        0x874 build/default/production/_ext/261195156/I2C_ISR.o
 .debug_info      0x00ad0f        0x27a build/default/production/_ext/261195156/I2C_Local.o
 .debug_info      0x00af89        0x532 build/default/production/_ext/261195156/I2C_Sync.o
 .debug_info      0x00b4bb        0x726 build/default/production/_ext/261195156/I2C_SyncRead.o
 .debug_info      0x00bbe1        0x6ff build/default/production/_ext/261195156/I2C_SyncWrite.o
 .debug_info      0x00c2e0        0x329 build/default/production/_ext/261196011/IMU.o
 .debug_info      0x00c609        0x378 build/default/production/_ext/261196011/IMUReset.o
 .debug_info      0x00c981        0x892 build/default/production/_ext/492825802/Init.o
 .debug_info      0x00d213        0x2a4 build/default/production/_ext/261199537/MCM.o
 .debug_info      0x00d4b7       0x17f4 build/default/production/_ext/261199537/MCMInit.o
 .debug_info      0x00ecab        0x1aa build/default/production/_ext/261199537/MCMLocal.o
 .debug_info      0x00ee55        0xc83 build/default/production/_ext/1087220677/MPL3115_Async.o
 .debug_info      0x00fad8        0xd2d build/default/production/_ext/1087220677/MPL3115_ISR.o
 .debug_info      0x010805        0xfa0 build/default/production/_ext/1087220677/MPL3115_Init.o
 .debug_info      0x0117a5        0x765 build/default/production/_ext/1087220677/MPL3115_Local.o
 .debug_info      0x011f0a        0x7c7 build/default/production/_ext/1087220677/MPL3115_Mgmt.o
 .debug_info      0x0126d1        0x9a9 build/default/production/_ext/1087220677/MPL3115_Sync.o
 .debug_info      0x01307a        0xb69 build/default/production/_ext/1095620897/MPU6050_Async.o
 .debug_info      0x013be3        0x99e build/default/production/_ext/1095620897/MPU6050_Init.o
 .debug_info      0x014581        0x818 build/default/production/_ext/1095620897/MPU6050_ISR_INT1.o
 .debug_info      0x014d99        0x57a build/default/production/_ext/1095620897/MPU6050_Local.o
 .debug_info      0x015313        0x235 build/default/production/_ext/1095620897/MPU6050_Mgmt.o
 .debug_info      0x015548        0x35d build/default/production/_ext/1095620897/MPU6050_Reset.o
 .debug_info      0x0158a5        0x839 build/default/production/_ext/1095620897/MPU6050_Sync.o
 .debug_info      0x0160de        0x4e1 build/default/production/_ext/261203381/QCMBatteryMgmt.o
 .debug_info      0x0165bf        0x525 build/default/production/_ext/261203381/QCMConst.o
 .debug_info      0x016ae4        0x526 build/default/production/_ext/261203381/QCMNormalize.o
 .debug_info      0x01700a        0x7d9 build/default/production/_ext/261203381/QCMPerformStep.o
 .debug_info      0x0177e3        0x606 build/default/production/_ext/1099952713/RC.o
 .debug_info      0x017de9       0x174e build/default/production/_ext/1099952713/RCInit.o
 .debug_info      0x019537        0x60a build/default/production/_ext/1099952713/RCLocal.o
 .debug_info      0x019b41        0xf7e build/default/production/_ext/1099952713/RC_ISR.o
 .debug_info      0x01aabf        0x93d build/default/production/_ext/492556631/SR04.o
 .debug_info      0x01b3fc        0x989 build/default/production/_ext/492556631/SR04_ISR.o
 .debug_info      0x01bd85        0xd76 build/default/production/_ext/492556631/SR04_Init.o
 .debug_info      0x01cafb        0x693 build/default/production/_ext/492556631/SR04_Local.o
 .debug_info      0x01d18e        0x7a3 build/default/production/_ext/261206579/TMR.o
 .debug_info      0x01d931       0x1255 build/default/production/_ext/261206579/TMRInit.o
 .debug_info      0x01eb86        0x354 build/default/production/_ext/261206579/TMRLocal.o
 .debug_info      0x01eeda        0x540 build/default/production/_ext/261206579/TMR_ISR.o
 .debug_info      0x01f41a        0x995 build/default/production/_ext/492512300/UART_TX_API.o
 .debug_info      0x01fdaf       0x1258 build/default/production/_ext/492512300/UART_TX_Init.o
 .debug_info      0x021007        0xc37 build/default/production/_ext/492512300/UART_TX_ISR.o
 .debug_info      0x021c3e        0x790 build/default/production/_ext/492512300/UART_TX_Local.o
 .debug_info      0x0223ce        0xd72 build/default/production/main.o
 *(.gnu.linkonce.wi.*)

.debug_abbrev     0x000000       0x46c5
 *(.debug_abbrev)
 .debug_abbrev    0x000000         0x86 build/default/production/_ext/261188026/ADC.o
 .debug_abbrev    0x000086        0x123 build/default/production/_ext/261188026/ADCInit.o
 .debug_abbrev    0x0001a9        0x103 build/default/production/_ext/261188026/ADCISR.o
 .debug_abbrev    0x0002ac         0x4b build/default/production/_ext/261188026/ADCLocal.o
 .debug_abbrev    0x0002f7        0x181 build/default/production/_ext/1359123779/Altimeter.o
 .debug_abbrev    0x000478        0x13b build/default/production/_ext/261189241/BLI.o
 .debug_abbrev    0x0005b3         0xf8 build/default/production/_ext/261189241/BLIInit.o
 .debug_abbrev    0x0006ab        0x12e build/default/production/_ext/261189241/BLILocal.o
 .debug_abbrev    0x0007d9        0x123 build/default/production/_ext/261189241/BLIMorse.o
 .debug_abbrev    0x0008fc         0x7b build/default/production/_ext/261190851/DBG.o
 .debug_abbrev    0x000977        0x10a build/default/production/_ext/261190888/DCM.o
 .debug_abbrev    0x000a81         0xbf build/default/production/_ext/261190888/DCMBaseVectors.o
 .debug_abbrev    0x000b40         0x79 build/default/production/_ext/261190888/DCMConstructors.o
 .debug_abbrev    0x000bb9         0x60 build/default/production/_ext/261190888/DCMLocal.o
 .debug_abbrev    0x000c19         0x9f build/default/production/_ext/261190888/DCMMethods.o
 .debug_abbrev    0x000cb8        0x1b3 build/default/production/_ext/1219465957/HMCMAG_Async.o
 .debug_abbrev    0x000e6b        0x15c build/default/production/_ext/1219465957/HMCMAG_Init.o
 .debug_abbrev    0x000fc7         0xe5 build/default/production/_ext/1219465957/HMCMAG_Local.o
 .debug_abbrev    0x0010ac         0xd0 build/default/production/_ext/1219465957/HMCMAG_Mgmt.o
 .debug_abbrev    0x00117c        0x17f build/default/production/_ext/1219465957/HMCMAG_Sync.o
 .debug_abbrev    0x0012fb        0x172 build/default/production/_ext/1219465957/HMCMAG_ISR.o
 .debug_abbrev    0x00146d        0x193 build/default/production/_ext/261195156/I2C_Async.o
 .debug_abbrev    0x001600        0x136 build/default/production/_ext/261195156/I2C_Init.o
 .debug_abbrev    0x001736        0x139 build/default/production/_ext/261195156/I2C_ISR.o
 .debug_abbrev    0x00186f         0x7a build/default/production/_ext/261195156/I2C_Local.o
 .debug_abbrev    0x0018e9         0xca build/default/production/_ext/261195156/I2C_Sync.o
 .debug_abbrev    0x0019b3        0x15c build/default/production/_ext/261195156/I2C_SyncRead.o
 .debug_abbrev    0x001b0f        0x15c build/default/production/_ext/261195156/I2C_SyncWrite.o
 .debug_abbrev    0x001c6b         0xa0 build/default/production/_ext/261196011/IMU.o
 .debug_abbrev    0x001d0b         0x97 build/default/production/_ext/261196011/IMUReset.o
 .debug_abbrev    0x001da2         0xda build/default/production/_ext/492825802/Init.o
 .debug_abbrev    0x001e7c         0xaf build/default/production/_ext/261199537/MCM.o
 .debug_abbrev    0x001f2b        0x156 build/default/production/_ext/261199537/MCMInit.o
 .debug_abbrev    0x002081         0x3d build/default/production/_ext/261199537/MCMLocal.o
 .debug_abbrev    0x0020be        0x186 build/default/production/_ext/1087220677/MPL3115_Async.o
 .debug_abbrev    0x002244        0x140 build/default/production/_ext/1087220677/MPL3115_ISR.o
 .debug_abbrev    0x002384        0x1b1 build/default/production/_ext/1087220677/MPL3115_Init.o
 .debug_abbrev    0x002535         0xc9 build/default/production/_ext/1087220677/MPL3115_Local.o
 .debug_abbrev    0x0025fe        0x105 build/default/production/_ext/1087220677/MPL3115_Mgmt.o
 .debug_abbrev    0x002703        0x141 build/default/production/_ext/1087220677/MPL3115_Sync.o
 .debug_abbrev    0x002844        0x18c build/default/production/_ext/1095620897/MPU6050_Async.o
 .debug_abbrev    0x0029d0        0x136 build/default/production/_ext/1095620897/MPU6050_Init.o
 .debug_abbrev    0x002b06        0x15c build/default/production/_ext/1095620897/MPU6050_ISR_INT1.o
 .debug_abbrev    0x002c62         0x79 build/default/production/_ext/1095620897/MPU6050_Local.o
 .debug_abbrev    0x002cdb         0x74 build/default/production/_ext/1095620897/MPU6050_Mgmt.o
 .debug_abbrev    0x002d4f         0xac build/default/production/_ext/1095620897/MPU6050_Reset.o
 .debug_abbrev    0x002dfb        0x140 build/default/production/_ext/1095620897/MPU6050_Sync.o
 .debug_abbrev    0x002f3b         0xa0 build/default/production/_ext/261203381/QCMBatteryMgmt.o
 .debug_abbrev    0x002fdb         0x93 build/default/production/_ext/261203381/QCMConst.o
 .debug_abbrev    0x00306e         0xb8 build/default/production/_ext/261203381/QCMNormalize.o
 .debug_abbrev    0x003126        0x10f build/default/production/_ext/261203381/QCMPerformStep.o
 .debug_abbrev    0x003235        0x164 build/default/production/_ext/1099952713/RC.o
 .debug_abbrev    0x003399        0x13d build/default/production/_ext/1099952713/RCInit.o
 .debug_abbrev    0x0034d6         0xe9 build/default/production/_ext/1099952713/RCLocal.o
 .debug_abbrev    0x0035bf        0x19a build/default/production/_ext/1099952713/RC_ISR.o
 .debug_abbrev    0x003759        0x18f build/default/production/_ext/492556631/SR04.o
 .debug_abbrev    0x0038e8        0x11d build/default/production/_ext/492556631/SR04_ISR.o
 .debug_abbrev    0x003a05        0x149 build/default/production/_ext/492556631/SR04_Init.o
 .debug_abbrev    0x003b4e         0xb7 build/default/production/_ext/492556631/SR04_Local.o
 .debug_abbrev    0x003c05        0x1fb build/default/production/_ext/261206579/TMR.o
 .debug_abbrev    0x003e00        0x149 build/default/production/_ext/261206579/TMRInit.o
 .debug_abbrev    0x003f49         0xd5 build/default/production/_ext/261206579/TMRLocal.o
 .debug_abbrev    0x00401e        0x130 build/default/production/_ext/261206579/TMR_ISR.o
 .debug_abbrev    0x00414e        0x121 build/default/production/_ext/492512300/UART_TX_API.o
 .debug_abbrev    0x00426f        0x11e build/default/production/_ext/492512300/UART_TX_Init.o
 .debug_abbrev    0x00438d        0x113 build/default/production/_ext/492512300/UART_TX_ISR.o
 .debug_abbrev    0x0044a0         0xc9 build/default/production/_ext/492512300/UART_TX_Local.o
 .debug_abbrev    0x004569        0x15c build/default/production/main.o

.debug_line       0x000000       0x9d39
 *(.debug_line)
 .debug_line      0x000000        0x163 build/default/production/_ext/261188026/ADC.o
 .debug_line      0x000163        0x26d build/default/production/_ext/261188026/ADCInit.o
 .debug_line      0x0003d0        0x15c build/default/production/_ext/261188026/ADCISR.o
 .debug_line      0x00052c         0x62 build/default/production/_ext/261188026/ADCLocal.o
 .debug_line      0x00058e        0x4f4 build/default/production/_ext/1359123779/Altimeter.o
 .debug_line      0x000a82        0x25f build/default/production/_ext/261189241/BLI.o
 .debug_line      0x000ce1        0x15b build/default/production/_ext/261189241/BLIInit.o
 .debug_line      0x000e3c        0x16c build/default/production/_ext/261189241/BLILocal.o
 .debug_line      0x000fa8        0x258 build/default/production/_ext/261189241/BLIMorse.o
 .debug_line      0x001200         0xe7 build/default/production/_ext/261190851/DBG.o
 .debug_line      0x0012e7        0x4ec build/default/production/_ext/261190888/DCM.o
 .debug_line      0x0017d3        0x37a build/default/production/_ext/261190888/DCMBaseVectors.o
 .debug_line      0x001b4d        0x100 build/default/production/_ext/261190888/DCMConstructors.o
 .debug_line      0x001c4d         0xae build/default/production/_ext/261190888/DCMLocal.o
 .debug_line      0x001cfb        0x1ca build/default/production/_ext/261190888/DCMMethods.o
 .debug_line      0x001ec5        0x3cf build/default/production/_ext/1219465957/HMCMAG_Async.o
 .debug_line      0x002294        0x344 build/default/production/_ext/1219465957/HMCMAG_Init.o
 .debug_line      0x0025d8        0x120 build/default/production/_ext/1219465957/HMCMAG_Local.o
 .debug_line      0x0026f8        0x1e9 build/default/production/_ext/1219465957/HMCMAG_Mgmt.o
 .debug_line      0x0028e1        0x3ee build/default/production/_ext/1219465957/HMCMAG_Sync.o
 .debug_line      0x002ccf        0x33a build/default/production/_ext/1219465957/HMCMAG_ISR.o
 .debug_line      0x003009        0x2a3 build/default/production/_ext/261195156/I2C_Async.o
 .debug_line      0x0032ac        0x1ba build/default/production/_ext/261195156/I2C_Init.o
 .debug_line      0x003466        0x195 build/default/production/_ext/261195156/I2C_ISR.o
 .debug_line      0x0035fb         0xb7 build/default/production/_ext/261195156/I2C_Local.o
 .debug_line      0x0036b2        0x274 build/default/production/_ext/261195156/I2C_Sync.o
 .debug_line      0x003926        0x28c build/default/production/_ext/261195156/I2C_SyncRead.o
 .debug_line      0x003bb2        0x24b build/default/production/_ext/261195156/I2C_SyncWrite.o
 .debug_line      0x003dfd        0x17f build/default/production/_ext/261196011/IMU.o
 .debug_line      0x003f7c        0x244 build/default/production/_ext/261196011/IMUReset.o
 .debug_line      0x0041c0        0x171 build/default/production/_ext/492825802/Init.o
 .debug_line      0x004331        0x186 build/default/production/_ext/261199537/MCM.o
 .debug_line      0x0044b7        0x364 build/default/production/_ext/261199537/MCMInit.o
 .debug_line      0x00481b         0x62 build/default/production/_ext/261199537/MCMLocal.o
 .debug_line      0x00487d        0x317 build/default/production/_ext/1087220677/MPL3115_Async.o
 .debug_line      0x004b94        0x440 build/default/production/_ext/1087220677/MPL3115_ISR.o
 .debug_line      0x004fd4        0x47c build/default/production/_ext/1087220677/MPL3115_Init.o
 .debug_line      0x005450         0xcd build/default/production/_ext/1087220677/MPL3115_Local.o
 .debug_line      0x00551d        0x201 build/default/production/_ext/1087220677/MPL3115_Mgmt.o
 .debug_line      0x00571e        0x2c2 build/default/production/_ext/1087220677/MPL3115_Sync.o
 .debug_line      0x0059e0        0x5d8 build/default/production/_ext/1095620897/MPU6050_Async.o
 .debug_line      0x005fb8        0x197 build/default/production/_ext/1095620897/MPU6050_Init.o
 .debug_line      0x00614f        0x3d7 build/default/production/_ext/1095620897/MPU6050_ISR_INT1.o
 .debug_line      0x006526         0xa0 build/default/production/_ext/1095620897/MPU6050_Local.o
 .debug_line      0x0065c6         0xf6 build/default/production/_ext/1095620897/MPU6050_Mgmt.o
 .debug_line      0x0066bc        0x264 build/default/production/_ext/1095620897/MPU6050_Reset.o
 .debug_line      0x006920        0x51a build/default/production/_ext/1095620897/MPU6050_Sync.o
 .debug_line      0x006e3a        0x14a build/default/production/_ext/261203381/QCMBatteryMgmt.o
 .debug_line      0x006f84         0x9b build/default/production/_ext/261203381/QCMConst.o
 .debug_line      0x00701f        0x188 build/default/production/_ext/261203381/QCMNormalize.o
 .debug_line      0x0071a7        0x4d0 build/default/production/_ext/261203381/QCMPerformStep.o
 .debug_line      0x007677        0x2c0 build/default/production/_ext/1099952713/RC.o
 .debug_line      0x007937        0x213 build/default/production/_ext/1099952713/RCInit.o
 .debug_line      0x007b4a        0x102 build/default/production/_ext/1099952713/RCLocal.o
 .debug_line      0x007c4c        0x46d build/default/production/_ext/1099952713/RC_ISR.o
 .debug_line      0x0080b9        0x233 build/default/production/_ext/492556631/SR04.o
 .debug_line      0x0082ec        0x17c build/default/production/_ext/492556631/SR04_ISR.o
 .debug_line      0x008468        0x1da build/default/production/_ext/492556631/SR04_Init.o
 .debug_line      0x008642         0xc4 build/default/production/_ext/492556631/SR04_Local.o
 .debug_line      0x008706        0x306 build/default/production/_ext/261206579/TMR.o
 .debug_line      0x008a0c        0x222 build/default/production/_ext/261206579/TMRInit.o
 .debug_line      0x008c2e         0xf1 build/default/production/_ext/261206579/TMRLocal.o
 .debug_line      0x008d1f        0x174 build/default/production/_ext/261206579/TMR_ISR.o
 .debug_line      0x008e93        0x1b6 build/default/production/_ext/492512300/UART_TX_API.o
 .debug_line      0x009049        0x291 build/default/production/_ext/492512300/UART_TX_Init.o
 .debug_line      0x0092da        0x16a build/default/production/_ext/492512300/UART_TX_ISR.o
 .debug_line      0x009444         0xc7 build/default/production/_ext/492512300/UART_TX_Local.o
 .debug_line      0x00950b        0x82e build/default/production/main.o

.debug_frame      0x000000       0x1194
 *(.debug_frame)
 .debug_frame     0x000000         0x64 build/default/production/_ext/261188026/ADC.o
 .debug_frame     0x000064         0x24 build/default/production/_ext/261188026/ADCInit.o
 .debug_frame     0x000088         0x24 build/default/production/_ext/261188026/ADCISR.o
 .debug_frame     0x0000ac         0x74 build/default/production/_ext/1359123779/Altimeter.o
 .debug_frame     0x000120         0x74 build/default/production/_ext/261189241/BLI.o
 .debug_frame     0x000194         0x24 build/default/production/_ext/261189241/BLIInit.o
 .debug_frame     0x0001b8         0x24 build/default/production/_ext/261189241/BLILocal.o
 .debug_frame     0x0001dc         0x24 build/default/production/_ext/261189241/BLIMorse.o
 .debug_frame     0x000200         0x24 build/default/production/_ext/261190851/DBG.o
 .debug_frame     0x000224        0x104 build/default/production/_ext/261190888/DCM.o
 .debug_frame     0x000328        0x104 build/default/production/_ext/261190888/DCMBaseVectors.o
 .debug_frame     0x00042c         0x34 build/default/production/_ext/261190888/DCMConstructors.o
 .debug_frame     0x000460         0x34 build/default/production/_ext/261190888/DCMMethods.o
 .debug_frame     0x000494         0x94 build/default/production/_ext/1219465957/HMCMAG_Async.o
 .debug_frame     0x000528         0x44 build/default/production/_ext/1219465957/HMCMAG_Init.o
 .debug_frame     0x00056c         0x94 build/default/production/_ext/1219465957/HMCMAG_Mgmt.o
 .debug_frame     0x000600         0x74 build/default/production/_ext/1219465957/HMCMAG_Sync.o
 .debug_frame     0x000674         0x34 build/default/production/_ext/1219465957/HMCMAG_ISR.o
 .debug_frame     0x0006a8         0x54 build/default/production/_ext/261195156/I2C_Async.o
 .debug_frame     0x0006fc         0x24 build/default/production/_ext/261195156/I2C_Init.o
 .debug_frame     0x000720         0x34 build/default/production/_ext/261195156/I2C_ISR.o
 .debug_frame     0x000754         0x24 build/default/production/_ext/261195156/I2C_Local.o
 .debug_frame     0x000778         0x74 build/default/production/_ext/261195156/I2C_Sync.o
 .debug_frame     0x0007ec         0x24 build/default/production/_ext/261195156/I2C_SyncRead.o
 .debug_frame     0x000810         0x24 build/default/production/_ext/261195156/I2C_SyncWrite.o
 .debug_frame     0x000834         0x34 build/default/production/_ext/261196011/IMU.o
 .debug_frame     0x000868         0x24 build/default/production/_ext/261196011/IMUReset.o
 .debug_frame     0x00088c         0x24 build/default/production/_ext/492825802/Init.o
 .debug_frame     0x0008b0         0x24 build/default/production/_ext/261199537/MCM.o
 .debug_frame     0x0008d4         0x44 build/default/production/_ext/261199537/MCMInit.o
 .debug_frame     0x000918         0x64 build/default/production/_ext/1087220677/MPL3115_Async.o
 .debug_frame     0x00097c         0x34 build/default/production/_ext/1087220677/MPL3115_ISR.o
 .debug_frame     0x0009b0         0x64 build/default/production/_ext/1087220677/MPL3115_Init.o
 .debug_frame     0x000a14         0xb4 build/default/production/_ext/1087220677/MPL3115_Mgmt.o
 .debug_frame     0x000ac8         0x54 build/default/production/_ext/1087220677/MPL3115_Sync.o
 .debug_frame     0x000b1c         0xa4 build/default/production/_ext/1095620897/MPU6050_Async.o
 .debug_frame     0x000bc0         0x24 build/default/production/_ext/1095620897/MPU6050_Init.o
 .debug_frame     0x000be4         0x34 build/default/production/_ext/1095620897/MPU6050_ISR_INT1.o
 .debug_frame     0x000c18         0x54 build/default/production/_ext/1095620897/MPU6050_Mgmt.o
 .debug_frame     0x000c6c         0x34 build/default/production/_ext/1095620897/MPU6050_Reset.o
 .debug_frame     0x000ca0         0x74 build/default/production/_ext/1095620897/MPU6050_Sync.o
 .debug_frame     0x000d14         0x24 build/default/production/_ext/261203381/QCMBatteryMgmt.o
 .debug_frame     0x000d38         0x24 build/default/production/_ext/261203381/QCMNormalize.o
 .debug_frame     0x000d5c         0x64 build/default/production/_ext/261203381/QCMPerformStep.o
 .debug_frame     0x000dc0         0x54 build/default/production/_ext/1099952713/RC.o
 .debug_frame     0x000e14         0x24 build/default/production/_ext/1099952713/RCInit.o
 .debug_frame     0x000e38         0x34 build/default/production/_ext/1099952713/RC_ISR.o
 .debug_frame     0x000e6c         0x44 build/default/production/_ext/492556631/SR04.o
 .debug_frame     0x000eb0         0x24 build/default/production/_ext/492556631/SR04_ISR.o
 .debug_frame     0x000ed4         0x34 build/default/production/_ext/492556631/SR04_Init.o
 .debug_frame     0x000f08         0xc4 build/default/production/_ext/261206579/TMR.o
 .debug_frame     0x000fcc         0x34 build/default/production/_ext/261206579/TMRInit.o
 .debug_frame     0x001000         0x34 build/default/production/_ext/261206579/TMR_ISR.o
 .debug_frame     0x001034         0x34 build/default/production/_ext/492512300/UART_TX_API.o
 .debug_frame     0x001068         0x34 build/default/production/_ext/492512300/UART_TX_Init.o
 .debug_frame     0x00109c         0x24 build/default/production/_ext/492512300/UART_TX_ISR.o
 .debug_frame     0x0010c0         0xd4 build/default/production/main.o

.debug_str        0x000000       0x1950
 *(.debug_str)
 .debug_str       0x000000         0x45 build/default/production/_ext/261188026/ADC.o
 .debug_str       0x000045         0xb8 build/default/production/_ext/261188026/ADCInit.o
 .debug_str       0x0000fd         0x3c build/default/production/_ext/261188026/ADCISR.o
 .debug_str       0x000139         0x67 build/default/production/_ext/1359123779/Altimeter.o
 .debug_str       0x0001a0         0x4c build/default/production/_ext/261189241/BLI.o
 .debug_str       0x0001ec         0x30 build/default/production/_ext/261189241/BLIInit.o
 .debug_str       0x00021c         0x43 build/default/production/_ext/261189241/BLILocal.o
 .debug_str       0x00025f        0x14b build/default/production/_ext/261189241/BLIMorse.o
 .debug_str       0x0003aa         0x20 build/default/production/_ext/261190851/DBG.o
 .debug_str       0x0003ca         0x80 build/default/production/_ext/261190888/DCM.o
 .debug_str       0x00044a          0xe build/default/production/_ext/261190888/DCMBaseVectors.o
 .debug_str       0x000458         0xb6 build/default/production/_ext/1219465957/HMCMAG_Async.o
 .debug_str       0x00050e         0x6a build/default/production/_ext/1219465957/HMCMAG_Init.o
 .debug_str       0x000578         0x15 build/default/production/_ext/1219465957/HMCMAG_Local.o
 .debug_str       0x00058d         0x15 build/default/production/_ext/1219465957/HMCMAG_Mgmt.o
 .debug_str       0x0005a2         0x96 build/default/production/_ext/1219465957/HMCMAG_Sync.o
 .debug_str       0x000638         0x92 build/default/production/_ext/1219465957/HMCMAG_ISR.o
 .debug_str       0x0006ca         0x9f build/default/production/_ext/261195156/I2C_Async.o
 .debug_str       0x000769         0x4c build/default/production/_ext/261195156/I2C_Init.o
 .debug_str       0x0007b5         0x6c build/default/production/_ext/261195156/I2C_ISR.o
 .debug_str       0x000821         0x19 build/default/production/_ext/261195156/I2C_Sync.o
 .debug_str       0x00083a         0x45 build/default/production/_ext/261195156/I2C_SyncRead.o
 .debug_str       0x00087f         0x45 build/default/production/_ext/261195156/I2C_SyncWrite.o
 .debug_str       0x0008c4         0x1f build/default/production/_ext/261196011/IMU.o
 .debug_str       0x0008e3          0xa build/default/production/_ext/261196011/IMUReset.o
 .debug_str       0x0008ed         0x21 build/default/production/_ext/492825802/Init.o
 .debug_str       0x00090e         0x19 build/default/production/_ext/261199537/MCM.o
 .debug_str       0x000927         0xf1 build/default/production/_ext/261199537/MCMInit.o
 .debug_str       0x000a18         0x96 build/default/production/_ext/1087220677/MPL3115_Async.o
 .debug_str       0x000aae         0xb5 build/default/production/_ext/1087220677/MPL3115_ISR.o
 .debug_str       0x000b63         0x7f build/default/production/_ext/1087220677/MPL3115_Init.o
 .debug_str       0x000be2         0x22 build/default/production/_ext/1087220677/MPL3115_Local.o
 .debug_str       0x000c04         0x37 build/default/production/_ext/1087220677/MPL3115_Mgmt.o
 .debug_str       0x000c3b         0x6d build/default/production/_ext/1087220677/MPL3115_Sync.o
 .debug_str       0x000ca8        0x1c9 build/default/production/_ext/1095620897/MPU6050_Async.o
 .debug_str       0x000e71         0x46 build/default/production/_ext/1095620897/MPU6050_Init.o
 .debug_str       0x000eb7         0x7d build/default/production/_ext/1095620897/MPU6050_ISR_INT1.o
 .debug_str       0x000f34         0x15 build/default/production/_ext/1095620897/MPU6050_Reset.o
 .debug_str       0x000f49        0x18b build/default/production/_ext/1095620897/MPU6050_Sync.o
 .debug_str       0x0010d4         0x42 build/default/production/_ext/261203381/QCMBatteryMgmt.o
 .debug_str       0x001116         0x42 build/default/production/_ext/261203381/QCMConst.o
 .debug_str       0x001158         0x53 build/default/production/_ext/261203381/QCMNormalize.o
 .debug_str       0x0011ab         0xab build/default/production/_ext/261203381/QCMPerformStep.o
 .debug_str       0x001256         0x9d build/default/production/_ext/1099952713/RC.o
 .debug_str       0x0012f3         0xa6 build/default/production/_ext/1099952713/RCInit.o
 .debug_str       0x001399         0x14 build/default/production/_ext/1099952713/RCLocal.o
 .debug_str       0x0013ad         0xfe build/default/production/_ext/1099952713/RC_ISR.o
 .debug_str       0x0014ab         0x70 build/default/production/_ext/492556631/SR04.o
 .debug_str       0x00151b         0x63 build/default/production/_ext/492556631/SR04_ISR.o
 .debug_str       0x00157e         0x5c build/default/production/_ext/492556631/SR04_Init.o
 .debug_str       0x0015da         0x23 build/default/production/_ext/492556631/SR04_Local.o
 .debug_str       0x0015fd         0x6c build/default/production/_ext/261206579/TMR.o
 .debug_str       0x001669         0x8c build/default/production/_ext/261206579/TMRInit.o
 .debug_str       0x0016f5         0x14 build/default/production/_ext/261206579/TMRLocal.o
 .debug_str       0x001709         0x4e build/default/production/_ext/261206579/TMR_ISR.o
 .debug_str       0x001757         0x82 build/default/production/_ext/492512300/UART_TX_API.o
 .debug_str       0x0017d9         0x7b build/default/production/_ext/492512300/UART_TX_Init.o
 .debug_str       0x001854         0x94 build/default/production/_ext/492512300/UART_TX_ISR.o
 .debug_str       0x0018e8         0x2d build/default/production/_ext/492512300/UART_TX_Local.o
 .debug_str       0x001915         0x3b build/default/production/main.o

.debug_loc
 *(.debug_loc)

.debug_macinfo
 *(.debug_macinfo)

.debug_pubnames
                  0x000000       0x1bb9
 *(.debug_pubnames)
 .debug_pubnames
                  0x000000         0x87 build/default/production/_ext/261188026/ADC.o
 .debug_pubnames
                  0x000087         0x1e build/default/production/_ext/261188026/ADCInit.o
 .debug_pubnames
                  0x0000a5         0x25 build/default/production/_ext/261188026/ADCISR.o
 .debug_pubnames
                  0x0000ca         0xb1 build/default/production/_ext/261188026/ADCLocal.o
 .debug_pubnames
                  0x00017b         0xab build/default/production/_ext/1359123779/Altimeter.o
 .debug_pubnames
                  0x000226         0x78 build/default/production/_ext/261189241/BLI.o
 .debug_pubnames
                  0x00029e         0x1e build/default/production/_ext/261189241/BLIInit.o
 .debug_pubnames
                  0x0002bc         0x6d build/default/production/_ext/261189241/BLILocal.o
 .debug_pubnames
                  0x000329        0x1a5 build/default/production/_ext/261189241/BLIMorse.o
 .debug_pubnames
                  0x0004ce         0x1e build/default/production/_ext/261190851/DBG.o
 .debug_pubnames
                  0x0004ec         0x44 build/default/production/_ext/261190888/DCM.o
 .debug_pubnames
                  0x000530         0x6a build/default/production/_ext/261190888/DCMBaseVectors.o
 .debug_pubnames
                  0x00059a         0x35 build/default/production/_ext/261190888/DCMConstructors.o
 .debug_pubnames
                  0x0005cf         0xc2 build/default/production/_ext/261190888/DCMLocal.o
 .debug_pubnames
                  0x000691         0x35 build/default/production/_ext/261190888/DCMMethods.o
 .debug_pubnames
                  0x0006c6         0x8a build/default/production/_ext/1219465957/HMCMAG_Async.o
 .debug_pubnames
                  0x000750         0x2b build/default/production/_ext/1219465957/HMCMAG_Init.o
 .debug_pubnames
                  0x00077b        0x119 build/default/production/_ext/1219465957/HMCMAG_Local.o
 .debug_pubnames
                  0x000894         0x8c build/default/production/_ext/1219465957/HMCMAG_Mgmt.o
 .debug_pubnames
                  0x000920         0x53 build/default/production/_ext/1219465957/HMCMAG_Sync.o
 .debug_pubnames
                  0x000973         0x35 build/default/production/_ext/1219465957/HMCMAG_ISR.o
 .debug_pubnames
                  0x0009a8         0x63 build/default/production/_ext/261195156/I2C_Async.o
 .debug_pubnames
                  0x000a0b         0x1e build/default/production/_ext/261195156/I2C_Init.o
 .debug_pubnames
                  0x000a29         0x3a build/default/production/_ext/261195156/I2C_ISR.o
 .debug_pubnames
                  0x000a63         0xa3 build/default/production/_ext/261195156/I2C_Local.o
 .debug_pubnames
                  0x000b06         0x73 build/default/production/_ext/261195156/I2C_Sync.o
 .debug_pubnames
                  0x000b79         0x22 build/default/production/_ext/261195156/I2C_SyncRead.o
 .debug_pubnames
                  0x000b9b         0x23 build/default/production/_ext/261195156/I2C_SyncWrite.o
 .debug_pubnames
                  0x000bbe         0x3d build/default/production/_ext/261196011/IMU.o
 .debug_pubnames
                  0x000bfb         0x2d build/default/production/_ext/261196011/IMUReset.o
 .debug_pubnames
                  0x000c28         0x50 build/default/production/_ext/492825802/Init.o
 .debug_pubnames
                  0x000c78         0x1d build/default/production/_ext/261199537/MCM.o
 .debug_pubnames
                  0x000c95         0x3d build/default/production/_ext/261199537/MCMInit.o
 .debug_pubnames
                  0x000cd2         0x52 build/default/production/_ext/261199537/MCMLocal.o
 .debug_pubnames
                  0x000d24         0x79 build/default/production/_ext/1087220677/MPL3115_Async.o
 .debug_pubnames
                  0x000d9d         0x35 build/default/production/_ext/1087220677/MPL3115_ISR.o
 .debug_pubnames
                  0x000dd2         0x50 build/default/production/_ext/1087220677/MPL3115_Init.o
 .debug_pubnames
                  0x000e22         0xe7 build/default/production/_ext/1087220677/MPL3115_Local.o
 .debug_pubnames
                  0x000f09         0xad build/default/production/_ext/1087220677/MPL3115_Mgmt.o
 .debug_pubnames
                  0x000fb6         0x53 build/default/production/_ext/1087220677/MPL3115_Sync.o
 .debug_pubnames
                  0x001009         0xbc build/default/production/_ext/1095620897/MPU6050_Async.o
 .debug_pubnames
                  0x0010c5         0x1e build/default/production/_ext/1095620897/MPU6050_Init.o
 .debug_pubnames
                  0x0010e3         0x36 build/default/production/_ext/1095620897/MPU6050_ISR_INT1.o
 .debug_pubnames
                  0x001119        0x24c build/default/production/_ext/1095620897/MPU6050_Local.o
 .debug_pubnames
                  0x001365         0x4d build/default/production/_ext/1095620897/MPU6050_Mgmt.o
 .debug_pubnames
                  0x0013b2         0x30 build/default/production/_ext/1095620897/MPU6050_Reset.o
 .debug_pubnames
                  0x0013e2         0x69 build/default/production/_ext/1095620897/MPU6050_Sync.o
 .debug_pubnames
                  0x00144b         0x25 build/default/production/_ext/261203381/QCMBatteryMgmt.o
 .debug_pubnames
                  0x001470         0xfd build/default/production/_ext/261203381/QCMConst.o
 .debug_pubnames
                  0x00156d         0x23 build/default/production/_ext/261203381/QCMNormalize.o
 .debug_pubnames
                  0x001590         0x32 build/default/production/_ext/261203381/QCMPerformStep.o
 .debug_pubnames
                  0x0015c2         0x5e build/default/production/_ext/1099952713/RC.o
 .debug_pubnames
                  0x001620         0x1d build/default/production/_ext/1099952713/RCInit.o
 .debug_pubnames
                  0x00163d        0x145 build/default/production/_ext/1099952713/RCLocal.o
 .debug_pubnames
                  0x001782         0x34 build/default/production/_ext/1099952713/RC_ISR.o
 .debug_pubnames
                  0x0017b6         0x47 build/default/production/_ext/492556631/SR04.o
 .debug_pubnames
                  0x0017fd         0x24 build/default/production/_ext/492556631/SR04_ISR.o
 .debug_pubnames
                  0x001821         0x1f build/default/production/_ext/492556631/SR04_Init.o
 .debug_pubnames
                  0x001840         0x85 build/default/production/_ext/492556631/SR04_Local.o
 .debug_pubnames
                  0x0018c5         0xbf build/default/production/_ext/261206579/TMR.o
 .debug_pubnames
                  0x001984         0x31 build/default/production/_ext/261206579/TMRInit.o
 .debug_pubnames
                  0x0019b5         0x72 build/default/production/_ext/261206579/TMRLocal.o
 .debug_pubnames
                  0x001a27         0x36 build/default/production/_ext/261206579/TMR_ISR.o
 .debug_pubnames
                  0x001a5d         0x3c build/default/production/_ext/492512300/UART_TX_API.o
 .debug_pubnames
                  0x001a99         0x21 build/default/production/_ext/492512300/UART_TX_Init.o
 .debug_pubnames
                  0x001aba         0x25 build/default/production/_ext/492512300/UART_TX_ISR.o
 .debug_pubnames
                  0x001adf         0x91 build/default/production/_ext/492512300/UART_TX_Local.o
 .debug_pubnames
                  0x001b70         0x49 build/default/production/main.o

.debug_ranges
 *(.debug_ranges)

.debug_aranges    0x000000        0x558
 *(.debug_aranges)
 .debug_aranges
                  0x000000         0x18 build/default/production/_ext/261188026/ADC.o
 .debug_aranges
                  0x000018         0x18 build/default/production/_ext/261188026/ADCInit.o
 .debug_aranges
                  0x000030         0x18 build/default/production/_ext/261188026/ADCISR.o
 .debug_aranges
                  0x000048         0x18 build/default/production/_ext/1359123779/Altimeter.o
 .debug_aranges
                  0x000060         0x18 build/default/production/_ext/261189241/BLI.o
 .debug_aranges
                  0x000078         0x18 build/default/production/_ext/261189241/BLIInit.o
 .debug_aranges
                  0x000090         0x18 build/default/production/_ext/261189241/BLILocal.o
 .debug_aranges
                  0x0000a8         0x18 build/default/production/_ext/261189241/BLIMorse.o
 .debug_aranges
                  0x0000c0         0x18 build/default/production/_ext/261190851/DBG.o
 .debug_aranges
                  0x0000d8         0x18 build/default/production/_ext/261190888/DCM.o
 .debug_aranges
                  0x0000f0         0x18 build/default/production/_ext/261190888/DCMBaseVectors.o
 .debug_aranges
                  0x000108         0x18 build/default/production/_ext/261190888/DCMConstructors.o
 .debug_aranges
                  0x000120         0x18 build/default/production/_ext/261190888/DCMMethods.o
 .debug_aranges
                  0x000138         0x18 build/default/production/_ext/1219465957/HMCMAG_Async.o
 .debug_aranges
                  0x000150         0x18 build/default/production/_ext/1219465957/HMCMAG_Init.o
 .debug_aranges
                  0x000168         0x18 build/default/production/_ext/1219465957/HMCMAG_Mgmt.o
 .debug_aranges
                  0x000180         0x18 build/default/production/_ext/1219465957/HMCMAG_Sync.o
 .debug_aranges
                  0x000198         0x18 build/default/production/_ext/1219465957/HMCMAG_ISR.o
 .debug_aranges
                  0x0001b0         0x18 build/default/production/_ext/261195156/I2C_Async.o
 .debug_aranges
                  0x0001c8         0x18 build/default/production/_ext/261195156/I2C_Init.o
 .debug_aranges
                  0x0001e0         0x18 build/default/production/_ext/261195156/I2C_ISR.o
 .debug_aranges
                  0x0001f8         0x18 build/default/production/_ext/261195156/I2C_Local.o
 .debug_aranges
                  0x000210         0x18 build/default/production/_ext/261195156/I2C_Sync.o
 .debug_aranges
                  0x000228         0x18 build/default/production/_ext/261195156/I2C_SyncRead.o
 .debug_aranges
                  0x000240         0x18 build/default/production/_ext/261195156/I2C_SyncWrite.o
 .debug_aranges
                  0x000258         0x18 build/default/production/_ext/261196011/IMU.o
 .debug_aranges
                  0x000270         0x18 build/default/production/_ext/261196011/IMUReset.o
 .debug_aranges
                  0x000288         0x18 build/default/production/_ext/492825802/Init.o
 .debug_aranges
                  0x0002a0         0x18 build/default/production/_ext/261199537/MCM.o
 .debug_aranges
                  0x0002b8         0x18 build/default/production/_ext/261199537/MCMInit.o
 .debug_aranges
                  0x0002d0         0x18 build/default/production/_ext/1087220677/MPL3115_Async.o
 .debug_aranges
                  0x0002e8         0x18 build/default/production/_ext/1087220677/MPL3115_ISR.o
 .debug_aranges
                  0x000300         0x18 build/default/production/_ext/1087220677/MPL3115_Init.o
 .debug_aranges
                  0x000318         0x18 build/default/production/_ext/1087220677/MPL3115_Mgmt.o
 .debug_aranges
                  0x000330         0x18 build/default/production/_ext/1087220677/MPL3115_Sync.o
 .debug_aranges
                  0x000348         0x18 build/default/production/_ext/1095620897/MPU6050_Async.o
 .debug_aranges
                  0x000360         0x18 build/default/production/_ext/1095620897/MPU6050_Init.o
 .debug_aranges
                  0x000378         0x18 build/default/production/_ext/1095620897/MPU6050_ISR_INT1.o
 .debug_aranges
                  0x000390         0x18 build/default/production/_ext/1095620897/MPU6050_Mgmt.o
 .debug_aranges
                  0x0003a8         0x18 build/default/production/_ext/1095620897/MPU6050_Reset.o
 .debug_aranges
                  0x0003c0         0x18 build/default/production/_ext/1095620897/MPU6050_Sync.o
 .debug_aranges
                  0x0003d8         0x18 build/default/production/_ext/261203381/QCMBatteryMgmt.o
 .debug_aranges
                  0x0003f0         0x18 build/default/production/_ext/261203381/QCMNormalize.o
 .debug_aranges
                  0x000408         0x18 build/default/production/_ext/261203381/QCMPerformStep.o
 .debug_aranges
                  0x000420         0x18 build/default/production/_ext/1099952713/RC.o
 .debug_aranges
                  0x000438         0x18 build/default/production/_ext/1099952713/RCInit.o
 .debug_aranges
                  0x000450         0x18 build/default/production/_ext/1099952713/RC_ISR.o
 .debug_aranges
                  0x000468         0x18 build/default/production/_ext/492556631/SR04.o
 .debug_aranges
                  0x000480         0x18 build/default/production/_ext/492556631/SR04_ISR.o
 .debug_aranges
                  0x000498         0x18 build/default/production/_ext/492556631/SR04_Init.o
 .debug_aranges
                  0x0004b0         0x18 build/default/production/_ext/261206579/TMR.o
 .debug_aranges
                  0x0004c8         0x18 build/default/production/_ext/261206579/TMRInit.o
 .debug_aranges
                  0x0004e0         0x18 build/default/production/_ext/261206579/TMR_ISR.o
 .debug_aranges
                  0x0004f8         0x18 build/default/production/_ext/492512300/UART_TX_API.o
 .debug_aranges
                  0x000510         0x18 build/default/production/_ext/492512300/UART_TX_Init.o
 .debug_aranges
                  0x000528         0x18 build/default/production/_ext/492512300/UART_TX_ISR.o
 .debug_aranges
                  0x000540         0x18 build/default/production/main.o

.ivt              0x000004         0xfc
                  0x000004          0x4 LONG 0xf00 DEFINED (__ReservedTrap0)?ABSOLUTE (__ReservedTrap0):ABSOLUTE (__DefaultInterrupt)
                  0x000006          0x4 LONG 0xf00 DEFINED (__OscillatorFail)?ABSOLUTE (__OscillatorFail):ABSOLUTE (__DefaultInterrupt)
                  0x000008          0x4 LONG 0xf00 DEFINED (__AddressError)?ABSOLUTE (__AddressError):ABSOLUTE (__DefaultInterrupt)
                  0x00000a          0x4 LONG 0xf00 DEFINED (__StackError)?ABSOLUTE (__StackError):ABSOLUTE (__DefaultInterrupt)
                  0x00000c          0x4 LONG 0xf00 DEFINED (__MathError)?ABSOLUTE (__MathError):ABSOLUTE (__DefaultInterrupt)
                  0x00000e          0x4 LONG 0xf00 DEFINED (__DMACError)?ABSOLUTE (__DMACError):ABSOLUTE (__DefaultInterrupt)
                  0x000010          0x4 LONG 0xf00 DEFINED (__ReservedTrap6)?ABSOLUTE (__ReservedTrap6):ABSOLUTE (__DefaultInterrupt)
                  0x000012          0x4 LONG 0xf00 DEFINED (__ReservedTrap7)?ABSOLUTE (__ReservedTrap7):ABSOLUTE (__DefaultInterrupt)
                  0x000014          0x4 LONG 0xf00 DEFINED (__INT0Interrupt)?ABSOLUTE (__INT0Interrupt):ABSOLUTE (__DefaultInterrupt)
                  0x000016          0x4 LONG 0x56c DEFINED (__IC1Interrupt)?ABSOLUTE (__IC1Interrupt):ABSOLUTE (__DefaultInterrupt)
                  0x000018          0x4 LONG 0xf00 DEFINED (__OC1Interrupt)?ABSOLUTE (__OC1Interrupt):ABSOLUTE (__DefaultInterrupt)
                  0x00001a          0x4 LONG 0xe46 DEFINED (__T1Interrupt)?ABSOLUTE (__T1Interrupt):ABSOLUTE (__DefaultInterrupt)
                  0x00001c          0x4 LONG 0xf00 DEFINED (__DMA0Interrupt)?ABSOLUTE (__DMA0Interrupt):ABSOLUTE (__DefaultInterrupt)
                  0x00001e          0x4 LONG 0x33c DEFINED (__IC2Interrupt)?ABSOLUTE (__IC2Interrupt):ABSOLUTE (__DefaultInterrupt)
                  0x000020          0x4 LONG 0xf00 DEFINED (__OC2Interrupt)?ABSOLUTE (__OC2Interrupt):ABSOLUTE (__DefaultInterrupt)
                  0x000022          0x4 LONG 0xf00 DEFINED (__T2Interrupt)?ABSOLUTE (__T2Interrupt):ABSOLUTE (__DefaultInterrupt)
                  0x000024          0x4 LONG 0x9fa DEFINED (__T3Interrupt)?ABSOLUTE (__T3Interrupt):ABSOLUTE (__DefaultInterrupt)
                  0x000026          0x4 LONG 0xf00 DEFINED (__SPI1ErrInterrupt)?ABSOLUTE (__SPI1ErrInterrupt):ABSOLUTE (__DefaultInterrupt)
                  0x000028          0x4 LONG 0xf00 DEFINED (__SPI1Interrupt)?ABSOLUTE (__SPI1Interrupt):ABSOLUTE (__DefaultInterrupt)
                  0x00002a          0x4 LONG 0xf00 DEFINED (__U1RXInterrupt)?ABSOLUTE (__U1RXInterrupt):ABSOLUTE (__DefaultInterrupt)
                  0x00002c          0x4 LONG 0xeaa DEFINED (__U1TXInterrupt)?ABSOLUTE (__U1TXInterrupt):ABSOLUTE (__DefaultInterrupt)
                  0x00002e          0x4 LONG 0x2a4 DEFINED (__ADC1Interrupt)?ABSOLUTE (__ADC1Interrupt):ABSOLUTE (__DefaultInterrupt)
                  0x000030          0x4 LONG 0xf00 DEFINED (__DMA1Interrupt)?ABSOLUTE (__DMA1Interrupt):ABSOLUTE (__DefaultInterrupt)
                  0x000032          0x4 LONG 0xf00 DEFINED (__Interrupt15)?ABSOLUTE (__Interrupt15):ABSOLUTE (__DefaultInterrupt)
                  0x000034          0x4 LONG 0x564 DEFINED (__SI2C1Interrupt)?ABSOLUTE (__SI2C1Interrupt):ABSOLUTE (__DefaultInterrupt)
                  0x000036          0x4 LONG 0x4e0 DEFINED (__MI2C1Interrupt)?ABSOLUTE (__MI2C1Interrupt):ABSOLUTE (__DefaultInterrupt)
                  0x000038          0x4 LONG 0xf00 DEFINED (__CMPInterrupt)?ABSOLUTE (__CMPInterrupt):ABSOLUTE (__DefaultInterrupt)
                  0x00003a          0x4 LONG 0xa2a DEFINED (__CNInterrupt)?ABSOLUTE (__CNInterrupt):ABSOLUTE (__DefaultInterrupt)
                  0x00003c          0x4 LONG 0x79c DEFINED (__INT1Interrupt)?ABSOLUTE (__INT1Interrupt):ABSOLUTE (__DefaultInterrupt)
                  0x00003e          0x4 LONG 0xf00 DEFINED (__Interrupt21)?ABSOLUTE (__Interrupt21):ABSOLUTE (__DefaultInterrupt)
                  0x000040          0x4 LONG 0xdac DEFINED (__IC7Interrupt)?ABSOLUTE (__IC7Interrupt):ABSOLUTE (__DefaultInterrupt)
                  0x000042          0x4 LONG 0xf00 DEFINED (__IC8Interrupt)?ABSOLUTE (__IC8Interrupt):ABSOLUTE (__DefaultInterrupt)
                  0x000044          0x4 LONG 0xf00 DEFINED (__DMA2Interrupt)?ABSOLUTE (__DMA2Interrupt):ABSOLUTE (__DefaultInterrupt)
                  0x000046          0x4 LONG 0xf00 DEFINED (__OC3Interrupt)?ABSOLUTE (__OC3Interrupt):ABSOLUTE (__DefaultInterrupt)
                  0x000048          0x4 LONG 0xf00 DEFINED (__OC4Interrupt)?ABSOLUTE (__OC4Interrupt):ABSOLUTE (__DefaultInterrupt)
                  0x00004a          0x4 LONG 0xf00 DEFINED (__T4Interrupt)?ABSOLUTE (__T4Interrupt):ABSOLUTE (__DefaultInterrupt)
                  0x00004c          0x4 LONG 0xf00 DEFINED (__T5Interrupt)?ABSOLUTE (__T5Interrupt):ABSOLUTE (__DefaultInterrupt)
                  0x00004e          0x4 LONG 0xf00 DEFINED (__INT2Interrupt)?ABSOLUTE (__INT2Interrupt):ABSOLUTE (__DefaultInterrupt)
                  0x000050          0x4 LONG 0xf00 DEFINED (__U2RXInterrupt)?ABSOLUTE (__U2RXInterrupt):ABSOLUTE (__DefaultInterrupt)
                  0x000052          0x4 LONG 0xf00 DEFINED (__U2TXInterrupt)?ABSOLUTE (__U2TXInterrupt):ABSOLUTE (__DefaultInterrupt)
                  0x000054          0x4 LONG 0xf00 DEFINED (__SPI2ErrInterrupt)?ABSOLUTE (__SPI2ErrInterrupt):ABSOLUTE (__DefaultInterrupt)
                  0x000056          0x4 LONG 0xf00 DEFINED (__SPI2Interrupt)?ABSOLUTE (__SPI2Interrupt):ABSOLUTE (__DefaultInterrupt)
                  0x000058          0x4 LONG 0xf00 DEFINED (__Interrupt34)?ABSOLUTE (__Interrupt34):ABSOLUTE (__DefaultInterrupt)
                  0x00005a          0x4 LONG 0xf00 DEFINED (__Interrupt35)?ABSOLUTE (__Interrupt35):ABSOLUTE (__DefaultInterrupt)
                  0x00005c          0x4 LONG 0xf00 DEFINED (__DMA3Interrupt)?ABSOLUTE (__DMA3Interrupt):ABSOLUTE (__DefaultInterrupt)
                  0x00005e          0x4 LONG 0xf00 DEFINED (__Interrupt37)?ABSOLUTE (__Interrupt37):ABSOLUTE (__DefaultInterrupt)
                  0x000060          0x4 LONG 0xf00 DEFINED (__Interrupt38)?ABSOLUTE (__Interrupt38):ABSOLUTE (__DefaultInterrupt)
                  0x000062          0x4 LONG 0xf00 DEFINED (__Interrupt39)?ABSOLUTE (__Interrupt39):ABSOLUTE (__DefaultInterrupt)
                  0x000064          0x4 LONG 0xf00 DEFINED (__Interrupt40)?ABSOLUTE (__Interrupt40):ABSOLUTE (__DefaultInterrupt)
                  0x000066          0x4 LONG 0xf00 DEFINED (__Interrupt41)?ABSOLUTE (__Interrupt41):ABSOLUTE (__DefaultInterrupt)
                  0x000068          0x4 LONG 0xf00 DEFINED (__Interrupt42)?ABSOLUTE (__Interrupt42):ABSOLUTE (__DefaultInterrupt)
                  0x00006a          0x4 LONG 0xf00 DEFINED (__Interrupt43)?ABSOLUTE (__Interrupt43):ABSOLUTE (__DefaultInterrupt)
                  0x00006c          0x4 LONG 0xf00 DEFINED (__Interrupt44)?ABSOLUTE (__Interrupt44):ABSOLUTE (__DefaultInterrupt)
                  0x00006e          0x4 LONG 0xf00 DEFINED (__PMPInterrupt)?ABSOLUTE (__PMPInterrupt):ABSOLUTE (__DefaultInterrupt)
                  0x000070          0x4 LONG 0xf00 DEFINED (__DMA4Interrupt)?ABSOLUTE (__DMA4Interrupt):ABSOLUTE (__DefaultInterrupt)
                  0x000072          0x4 LONG 0xf00 DEFINED (__Interrupt47)?ABSOLUTE (__Interrupt47):ABSOLUTE (__DefaultInterrupt)
                  0x000074          0x4 LONG 0xf00 DEFINED (__Interrupt48)?ABSOLUTE (__Interrupt48):ABSOLUTE (__DefaultInterrupt)
                  0x000076          0x4 LONG 0xf00 DEFINED (__Interrupt49)?ABSOLUTE (__Interrupt49):ABSOLUTE (__DefaultInterrupt)
                  0x000078          0x4 LONG 0xf00 DEFINED (__Interrupt50)?ABSOLUTE (__Interrupt50):ABSOLUTE (__DefaultInterrupt)
                  0x00007a          0x4 LONG 0xf00 DEFINED (__Interrupt51)?ABSOLUTE (__Interrupt51):ABSOLUTE (__DefaultInterrupt)
                  0x00007c          0x4 LONG 0xf00 DEFINED (__Interrupt52)?ABSOLUTE (__Interrupt52):ABSOLUTE (__DefaultInterrupt)
                  0x00007e          0x4 LONG 0xf00 DEFINED (__Interrupt53)?ABSOLUTE (__Interrupt53):ABSOLUTE (__DefaultInterrupt)
                  0x000080          0x4 LONG 0xf00 DEFINED (__Interrupt54)?ABSOLUTE (__Interrupt54):ABSOLUTE (__DefaultInterrupt)
                  0x000082          0x4 LONG 0xf00 DEFINED (__Interrupt55)?ABSOLUTE (__Interrupt55):ABSOLUTE (__DefaultInterrupt)
                  0x000084          0x4 LONG 0xf00 DEFINED (__Interrupt56)?ABSOLUTE (__Interrupt56):ABSOLUTE (__DefaultInterrupt)
                  0x000086          0x4 LONG 0xf00 DEFINED (__Interrupt57)?ABSOLUTE (__Interrupt57):ABSOLUTE (__DefaultInterrupt)
                  0x000088          0x4 LONG 0xf00 DEFINED (__Interrupt58)?ABSOLUTE (__Interrupt58):ABSOLUTE (__DefaultInterrupt)
                  0x00008a          0x4 LONG 0xf00 DEFINED (__Interrupt59)?ABSOLUTE (__Interrupt59):ABSOLUTE (__DefaultInterrupt)
                  0x00008c          0x4 LONG 0xf00 DEFINED (__Interrupt60)?ABSOLUTE (__Interrupt60):ABSOLUTE (__DefaultInterrupt)
                  0x00008e          0x4 LONG 0xf00 DEFINED (__DMA5Interrupt)?ABSOLUTE (__DMA5Interrupt):ABSOLUTE (__DefaultInterrupt)
                  0x000090          0x4 LONG 0xe80 DEFINED (__RTCCInterrupt)?ABSOLUTE (__RTCCInterrupt):ABSOLUTE (__DefaultInterrupt)
                  0x000092          0x4 LONG 0xf00 DEFINED (__Interrupt63)?ABSOLUTE (__Interrupt63):ABSOLUTE (__DefaultInterrupt)
                  0x000094          0x4 LONG 0xf00 DEFINED (__Interrupt64)?ABSOLUTE (__Interrupt64):ABSOLUTE (__DefaultInterrupt)
                  0x000096          0x4 LONG 0xf00 DEFINED (__U1ErrInterrupt)?ABSOLUTE (__U1ErrInterrupt):ABSOLUTE (__DefaultInterrupt)
                  0x000098          0x4 LONG 0xf00 DEFINED (__U2ErrInterrupt)?ABSOLUTE (__U2ErrInterrupt):ABSOLUTE (__DefaultInterrupt)
                  0x00009a          0x4 LONG 0xf00 DEFINED (__CRCInterrupt)?ABSOLUTE (__CRCInterrupt):ABSOLUTE (__DefaultInterrupt)
                  0x00009c          0x4 LONG 0xf00 DEFINED (__DMA6Interrupt)?ABSOLUTE (__DMA6Interrupt):ABSOLUTE (__DefaultInterrupt)
                  0x00009e          0x4 LONG 0xf00 DEFINED (__DMA7Interrupt)?ABSOLUTE (__DMA7Interrupt):ABSOLUTE (__DefaultInterrupt)
                  0x0000a0          0x4 LONG 0xf00 DEFINED (__Interrupt70)?ABSOLUTE (__Interrupt70):ABSOLUTE (__DefaultInterrupt)
                  0x0000a2          0x4 LONG 0xf00 DEFINED (__Interrupt71)?ABSOLUTE (__Interrupt71):ABSOLUTE (__DefaultInterrupt)
                  0x0000a4          0x4 LONG 0xf00 DEFINED (__Interrupt72)?ABSOLUTE (__Interrupt72):ABSOLUTE (__DefaultInterrupt)
                  0x0000a6          0x4 LONG 0xf00 DEFINED (__Interrupt73)?ABSOLUTE (__Interrupt73):ABSOLUTE (__DefaultInterrupt)
                  0x0000a8          0x4 LONG 0xf00 DEFINED (__Interrupt74)?ABSOLUTE (__Interrupt74):ABSOLUTE (__DefaultInterrupt)
                  0x0000aa          0x4 LONG 0xf00 DEFINED (__Interrupt75)?ABSOLUTE (__Interrupt75):ABSOLUTE (__DefaultInterrupt)
                  0x0000ac          0x4 LONG 0xf00 DEFINED (__Interrupt76)?ABSOLUTE (__Interrupt76):ABSOLUTE (__DefaultInterrupt)
                  0x0000ae          0x4 LONG 0xf00 DEFINED (__Interrupt77)?ABSOLUTE (__Interrupt77):ABSOLUTE (__DefaultInterrupt)
                  0x0000b0          0x4 LONG 0xf00 DEFINED (__Interrupt78)?ABSOLUTE (__Interrupt78):ABSOLUTE (__DefaultInterrupt)
                  0x0000b2          0x4 LONG 0xf00 DEFINED (__Interrupt79)?ABSOLUTE (__Interrupt79):ABSOLUTE (__DefaultInterrupt)
                  0x0000b4          0x4 LONG 0xf00 DEFINED (__Interrupt80)?ABSOLUTE (__Interrupt80):ABSOLUTE (__DefaultInterrupt)
                  0x0000b6          0x4 LONG 0xf00 DEFINED (__Interrupt81)?ABSOLUTE (__Interrupt81):ABSOLUTE (__DefaultInterrupt)
                  0x0000b8          0x4 LONG 0xf00 DEFINED (__Interrupt82)?ABSOLUTE (__Interrupt82):ABSOLUTE (__DefaultInterrupt)
                  0x0000ba          0x4 LONG 0xf00 DEFINED (__Interrupt83)?ABSOLUTE (__Interrupt83):ABSOLUTE (__DefaultInterrupt)
                  0x0000bc          0x4 LONG 0xf00 DEFINED (__Interrupt84)?ABSOLUTE (__Interrupt84):ABSOLUTE (__DefaultInterrupt)
                  0x0000be          0x4 LONG 0xf00 DEFINED (__Interrupt85)?ABSOLUTE (__Interrupt85):ABSOLUTE (__DefaultInterrupt)
                  0x0000c0          0x4 LONG 0xf00 DEFINED (__Interrupt86)?ABSOLUTE (__Interrupt86):ABSOLUTE (__DefaultInterrupt)
                  0x0000c2          0x4 LONG 0xf00 DEFINED (__Interrupt87)?ABSOLUTE (__Interrupt87):ABSOLUTE (__DefaultInterrupt)
                  0x0000c4          0x4 LONG 0xf00 DEFINED (__Interrupt88)?ABSOLUTE (__Interrupt88):ABSOLUTE (__DefaultInterrupt)
                  0x0000c6          0x4 LONG 0xf00 DEFINED (__Interrupt89)?ABSOLUTE (__Interrupt89):ABSOLUTE (__DefaultInterrupt)
                  0x0000c8          0x4 LONG 0xf00 DEFINED (__Interrupt90)?ABSOLUTE (__Interrupt90):ABSOLUTE (__DefaultInterrupt)
                  0x0000ca          0x4 LONG 0xf00 DEFINED (__Interrupt91)?ABSOLUTE (__Interrupt91):ABSOLUTE (__DefaultInterrupt)
                  0x0000cc          0x4 LONG 0xf00 DEFINED (__Interrupt92)?ABSOLUTE (__Interrupt92):ABSOLUTE (__DefaultInterrupt)
                  0x0000ce          0x4 LONG 0xf00 DEFINED (__Interrupt93)?ABSOLUTE (__Interrupt93):ABSOLUTE (__DefaultInterrupt)
                  0x0000d0          0x4 LONG 0xf00 DEFINED (__Interrupt94)?ABSOLUTE (__Interrupt94):ABSOLUTE (__DefaultInterrupt)
                  0x0000d2          0x4 LONG 0xf00 DEFINED (__Interrupt95)?ABSOLUTE (__Interrupt95):ABSOLUTE (__DefaultInterrupt)
                  0x0000d4          0x4 LONG 0xf00 DEFINED (__Interrupt96)?ABSOLUTE (__Interrupt96):ABSOLUTE (__DefaultInterrupt)
                  0x0000d6          0x4 LONG 0xf00 DEFINED (__Interrupt97)?ABSOLUTE (__Interrupt97):ABSOLUTE (__DefaultInterrupt)
                  0x0000d8          0x4 LONG 0xf00 DEFINED (__Interrupt98)?ABSOLUTE (__Interrupt98):ABSOLUTE (__DefaultInterrupt)
                  0x0000da          0x4 LONG 0xf00 DEFINED (__Interrupt99)?ABSOLUTE (__Interrupt99):ABSOLUTE (__DefaultInterrupt)
                  0x0000dc          0x4 LONG 0xf00 DEFINED (__Interrupt100)?ABSOLUTE (__Interrupt100):ABSOLUTE (__DefaultInterrupt)
                  0x0000de          0x4 LONG 0xf00 DEFINED (__Interrupt101)?ABSOLUTE (__Interrupt101):ABSOLUTE (__DefaultInterrupt)
                  0x0000e0          0x4 LONG 0xf00 DEFINED (__Interrupt102)?ABSOLUTE (__Interrupt102):ABSOLUTE (__DefaultInterrupt)
                  0x0000e2          0x4 LONG 0xf00 DEFINED (__Interrupt103)?ABSOLUTE (__Interrupt103):ABSOLUTE (__DefaultInterrupt)
                  0x0000e4          0x4 LONG 0xf00 DEFINED (__Interrupt104)?ABSOLUTE (__Interrupt104):ABSOLUTE (__DefaultInterrupt)
                  0x0000e6          0x4 LONG 0xf00 DEFINED (__Interrupt105)?ABSOLUTE (__Interrupt105):ABSOLUTE (__DefaultInterrupt)
                  0x0000e8          0x4 LONG 0xf00 DEFINED (__Interrupt106)?ABSOLUTE (__Interrupt106):ABSOLUTE (__DefaultInterrupt)
                  0x0000ea          0x4 LONG 0xf00 DEFINED (__Interrupt107)?ABSOLUTE (__Interrupt107):ABSOLUTE (__DefaultInterrupt)
                  0x0000ec          0x4 LONG 0xf00 DEFINED (__Interrupt108)?ABSOLUTE (__Interrupt108):ABSOLUTE (__DefaultInterrupt)
                  0x0000ee          0x4 LONG 0xf00 DEFINED (__Interrupt109)?ABSOLUTE (__Interrupt109):ABSOLUTE (__DefaultInterrupt)
                  0x0000f0          0x4 LONG 0xf00 DEFINED (__Interrupt110)?ABSOLUTE (__Interrupt110):ABSOLUTE (__DefaultInterrupt)
                  0x0000f2          0x4 LONG 0xf00 DEFINED (__Interrupt111)?ABSOLUTE (__Interrupt111):ABSOLUTE (__DefaultInterrupt)
                  0x0000f4          0x4 LONG 0xf00 DEFINED (__Interrupt112)?ABSOLUTE (__Interrupt112):ABSOLUTE (__DefaultInterrupt)
                  0x0000f6          0x4 LONG 0xf00 DEFINED (__Interrupt113)?ABSOLUTE (__Interrupt113):ABSOLUTE (__DefaultInterrupt)
                  0x0000f8          0x4 LONG 0xf00 DEFINED (__Interrupt114)?ABSOLUTE (__Interrupt114):ABSOLUTE (__DefaultInterrupt)
                  0x0000fa          0x4 LONG 0xf00 DEFINED (__Interrupt115)?ABSOLUTE (__Interrupt115):ABSOLUTE (__DefaultInterrupt)
                  0x0000fc          0x4 LONG 0xf00 DEFINED (__Interrupt116)?ABSOLUTE (__Interrupt116):ABSOLUTE (__DefaultInterrupt)
                  0x0000fe          0x4 LONG 0xf00 DEFINED (__Interrupt117)?ABSOLUTE (__Interrupt117):ABSOLUTE (__DefaultInterrupt)

.aivt             0x000104         0xfc
                  0x000104          0x4 LONG 0xf00 DEFINED (__AltReservedTrap0)?ABSOLUTE (__AltReservedTrap0):DEFINED (__ReservedTrap0)?ABSOLUTE (__ReservedTrap0):ABSOLUTE (__DefaultInterrupt)
                  0x000106          0x4 LONG 0xf00 DEFINED (__AltOscillatorFail)?ABSOLUTE (__AltOscillatorFail):DEFINED (__OscillatorFail)?ABSOLUTE (__OscillatorFail):ABSOLUTE (__DefaultInterrupt)
                  0x000108          0x4 LONG 0xf00 DEFINED (__AltAddressError)?ABSOLUTE (__AltAddressError):DEFINED (__AddressError)?ABSOLUTE (__AddressError):ABSOLUTE (__DefaultInterrupt)
                  0x00010a          0x4 LONG 0xf00 DEFINED (__AltStackError)?ABSOLUTE (__AltStackError):DEFINED (__StackError)?ABSOLUTE (__StackError):ABSOLUTE (__DefaultInterrupt)
                  0x00010c          0x4 LONG 0xf00 DEFINED (__AltMathError)?ABSOLUTE (__AltMathError):DEFINED (__MathError)?ABSOLUTE (__MathError):ABSOLUTE (__DefaultInterrupt)
                  0x00010e          0x4 LONG 0xf00 DEFINED (__AltDMACError)?ABSOLUTE (__AltDMACError):DEFINED (__DMACError)?ABSOLUTE (__DMACError):ABSOLUTE (__DefaultInterrupt)
                  0x000110          0x4 LONG 0xf00 DEFINED (__AltReservedTrap6)?ABSOLUTE (__AltReservedTrap6):DEFINED (__ReservedTrap6)?ABSOLUTE (__ReservedTrap6):ABSOLUTE (__DefaultInterrupt)
                  0x000112          0x4 LONG 0xf00 DEFINED (__AltReservedTrap7)?ABSOLUTE (__AltReservedTrap7):DEFINED (__ReservedTrap7)?ABSOLUTE (__ReservedTrap7):ABSOLUTE (__DefaultInterrupt)
                  0x000114          0x4 LONG 0xf00 DEFINED (__AltINT0Interrupt)?ABSOLUTE (__AltINT0Interrupt):DEFINED (__INT0Interrupt)?ABSOLUTE (__INT0Interrupt):ABSOLUTE (__DefaultInterrupt)
                  0x000116          0x4 LONG 0x56c DEFINED (__AltIC1Interrupt)?ABSOLUTE (__AltIC1Interrupt):DEFINED (__IC1Interrupt)?ABSOLUTE (__IC1Interrupt):ABSOLUTE (__DefaultInterrupt)
                  0x000118          0x4 LONG 0xf00 DEFINED (__AltOC1Interrupt)?ABSOLUTE (__AltOC1Interrupt):DEFINED (__OC1Interrupt)?ABSOLUTE (__OC1Interrupt):ABSOLUTE (__DefaultInterrupt)
                  0x00011a          0x4 LONG 0xe46 DEFINED (__AltT1Interrupt)?ABSOLUTE (__AltT1Interrupt):DEFINED (__T1Interrupt)?ABSOLUTE (__T1Interrupt):ABSOLUTE (__DefaultInterrupt)
                  0x00011c          0x4 LONG 0xf00 DEFINED (__AltDMA0Interrupt)?ABSOLUTE (__AltDMA0Interrupt):DEFINED (__DMA0Interrupt)?ABSOLUTE (__DMA0Interrupt):ABSOLUTE (__DefaultInterrupt)
                  0x00011e          0x4 LONG 0x33c DEFINED (__AltIC2Interrupt)?ABSOLUTE (__AltIC2Interrupt):DEFINED (__IC2Interrupt)?ABSOLUTE (__IC2Interrupt):ABSOLUTE (__DefaultInterrupt)
                  0x000120          0x4 LONG 0xf00 DEFINED (__AltOC2Interrupt)?ABSOLUTE (__AltOC2Interrupt):DEFINED (__OC2Interrupt)?ABSOLUTE (__OC2Interrupt):ABSOLUTE (__DefaultInterrupt)
                  0x000122          0x4 LONG 0xf00 DEFINED (__AltT2Interrupt)?ABSOLUTE (__AltT2Interrupt):DEFINED (__T2Interrupt)?ABSOLUTE (__T2Interrupt):ABSOLUTE (__DefaultInterrupt)
                  0x000124          0x4 LONG 0x9fa DEFINED (__AltT3Interrupt)?ABSOLUTE (__AltT3Interrupt):DEFINED (__T3Interrupt)?ABSOLUTE (__T3Interrupt):ABSOLUTE (__DefaultInterrupt)
                  0x000126          0x4 LONG 0xf00 DEFINED (__AltSPI1ErrInterrupt)?ABSOLUTE (__AltSPI1ErrInterrupt):DEFINED (__SPI1ErrInterrupt)?ABSOLUTE (__SPI1ErrInterrupt):ABSOLUTE (__DefaultInterrupt)
                  0x000128          0x4 LONG 0xf00 DEFINED (__AltSPI1Interrupt)?ABSOLUTE (__AltSPI1Interrupt):DEFINED (__SPI1Interrupt)?ABSOLUTE (__SPI1Interrupt):ABSOLUTE (__DefaultInterrupt)
                  0x00012a          0x4 LONG 0xf00 DEFINED (__AltU1RXInterrupt)?ABSOLUTE (__AltU1RXInterrupt):DEFINED (__U1RXInterrupt)?ABSOLUTE (__U1RXInterrupt):ABSOLUTE (__DefaultInterrupt)
                  0x00012c          0x4 LONG 0xeaa DEFINED (__AltU1TXInterrupt)?ABSOLUTE (__AltU1TXInterrupt):DEFINED (__U1TXInterrupt)?ABSOLUTE (__U1TXInterrupt):ABSOLUTE (__DefaultInterrupt)
                  0x00012e          0x4 LONG 0x2a4 DEFINED (__AltADC1Interrupt)?ABSOLUTE (__AltADC1Interrupt):DEFINED (__ADC1Interrupt)?ABSOLUTE (__ADC1Interrupt):ABSOLUTE (__DefaultInterrupt)
                  0x000130          0x4 LONG 0xf00 DEFINED (__AltDMA1Interrupt)?ABSOLUTE (__AltDMA1Interrupt):DEFINED (__DMA1Interrupt)?ABSOLUTE (__DMA1Interrupt):ABSOLUTE (__DefaultInterrupt)
                  0x000132          0x4 LONG 0xf00 DEFINED (__AltInterrupt15)?ABSOLUTE (__AltInterrupt15):DEFINED (__Interrupt15)?ABSOLUTE (__Interrupt15):ABSOLUTE (__DefaultInterrupt)
                  0x000134          0x4 LONG 0x564 DEFINED (__AltSI2C1Interrupt)?ABSOLUTE (__AltSI2C1Interrupt):DEFINED (__SI2C1Interrupt)?ABSOLUTE (__SI2C1Interrupt):ABSOLUTE (__DefaultInterrupt)
                  0x000136          0x4 LONG 0x4e0 DEFINED (__AltMI2C1Interrupt)?ABSOLUTE (__AltMI2C1Interrupt):DEFINED (__MI2C1Interrupt)?ABSOLUTE (__MI2C1Interrupt):ABSOLUTE (__DefaultInterrupt)
                  0x000138          0x4 LONG 0xf00 DEFINED (__AltCMPInterrupt)?ABSOLUTE (__AltCMPInterrupt):DEFINED (__CMPInterrupt)?ABSOLUTE (__CMPInterrupt):ABSOLUTE (__DefaultInterrupt)
                  0x00013a          0x4 LONG 0xa2a DEFINED (__AltCNInterrupt)?ABSOLUTE (__AltCNInterrupt):DEFINED (__CNInterrupt)?ABSOLUTE (__CNInterrupt):ABSOLUTE (__DefaultInterrupt)
                  0x00013c          0x4 LONG 0x79c DEFINED (__AltINT1Interrupt)?ABSOLUTE (__AltINT1Interrupt):DEFINED (__INT1Interrupt)?ABSOLUTE (__INT1Interrupt):ABSOLUTE (__DefaultInterrupt)
                  0x00013e          0x4 LONG 0xf00 DEFINED (__AltInterrupt21)?ABSOLUTE (__AltInterrupt21):DEFINED (__Interrupt21)?ABSOLUTE (__Interrupt21):ABSOLUTE (__DefaultInterrupt)
                  0x000140          0x4 LONG 0xdac DEFINED (__AltIC7Interrupt)?ABSOLUTE (__AltIC7Interrupt):DEFINED (__IC7Interrupt)?ABSOLUTE (__IC7Interrupt):ABSOLUTE (__DefaultInterrupt)
                  0x000142          0x4 LONG 0xf00 DEFINED (__AltIC8Interrupt)?ABSOLUTE (__AltIC8Interrupt):DEFINED (__IC8Interrupt)?ABSOLUTE (__IC8Interrupt):ABSOLUTE (__DefaultInterrupt)
                  0x000144          0x4 LONG 0xf00 DEFINED (__AltDMA2Interrupt)?ABSOLUTE (__AltDMA2Interrupt):DEFINED (__DMA2Interrupt)?ABSOLUTE (__DMA2Interrupt):ABSOLUTE (__DefaultInterrupt)
                  0x000146          0x4 LONG 0xf00 DEFINED (__AltOC3Interrupt)?ABSOLUTE (__AltOC3Interrupt):DEFINED (__OC3Interrupt)?ABSOLUTE (__OC3Interrupt):ABSOLUTE (__DefaultInterrupt)
                  0x000148          0x4 LONG 0xf00 DEFINED (__AltOC4Interrupt)?ABSOLUTE (__AltOC4Interrupt):DEFINED (__OC4Interrupt)?ABSOLUTE (__OC4Interrupt):ABSOLUTE (__DefaultInterrupt)
                  0x00014a          0x4 LONG 0xf00 DEFINED (__AltT4Interrupt)?ABSOLUTE (__AltT4Interrupt):DEFINED (__T4Interrupt)?ABSOLUTE (__T4Interrupt):ABSOLUTE (__DefaultInterrupt)
                  0x00014c          0x4 LONG 0xf00 DEFINED (__AltT5Interrupt)?ABSOLUTE (__AltT5Interrupt):DEFINED (__T5Interrupt)?ABSOLUTE (__T5Interrupt):ABSOLUTE (__DefaultInterrupt)
                  0x00014e          0x4 LONG 0xf00 DEFINED (__AltINT2Interrupt)?ABSOLUTE (__AltINT2Interrupt):DEFINED (__INT2Interrupt)?ABSOLUTE (__INT2Interrupt):ABSOLUTE (__DefaultInterrupt)
                  0x000150          0x4 LONG 0xf00 DEFINED (__AltU2RXInterrupt)?ABSOLUTE (__AltU2RXInterrupt):DEFINED (__U2RXInterrupt)?ABSOLUTE (__U2RXInterrupt):ABSOLUTE (__DefaultInterrupt)
                  0x000152          0x4 LONG 0xf00 DEFINED (__AltU2TXInterrupt)?ABSOLUTE (__AltU2TXInterrupt):DEFINED (__U2TXInterrupt)?ABSOLUTE (__U2TXInterrupt):ABSOLUTE (__DefaultInterrupt)
                  0x000154          0x4 LONG 0xf00 DEFINED (__AltSPI2ErrInterrupt)?ABSOLUTE (__AltSPI2ErrInterrupt):DEFINED (__SPI2ErrInterrupt)?ABSOLUTE (__SPI2ErrInterrupt):ABSOLUTE (__DefaultInterrupt)
                  0x000156          0x4 LONG 0xf00 DEFINED (__AltSPI2Interrupt)?ABSOLUTE (__AltSPI2Interrupt):DEFINED (__SPI2Interrupt)?ABSOLUTE (__SPI2Interrupt):ABSOLUTE (__DefaultInterrupt)
                  0x000158          0x4 LONG 0xf00 DEFINED (__AltInterrupt34)?ABSOLUTE (__AltInterrupt34):DEFINED (__Interrupt34)?ABSOLUTE (__Interrupt34):ABSOLUTE (__DefaultInterrupt)
                  0x00015a          0x4 LONG 0xf00 DEFINED (__AltInterrupt35)?ABSOLUTE (__AltInterrupt35):DEFINED (__Interrupt35)?ABSOLUTE (__Interrupt35):ABSOLUTE (__DefaultInterrupt)
                  0x00015c          0x4 LONG 0xf00 DEFINED (__AltDMA3Interrupt)?ABSOLUTE (__AltDMA3Interrupt):DEFINED (__DMA3Interrupt)?ABSOLUTE (__DMA3Interrupt):ABSOLUTE (__DefaultInterrupt)
                  0x00015e          0x4 LONG 0xf00 DEFINED (__AltInterrupt37)?ABSOLUTE (__AltInterrupt37):DEFINED (__Interrupt37)?ABSOLUTE (__Interrupt37):ABSOLUTE (__DefaultInterrupt)
                  0x000160          0x4 LONG 0xf00 DEFINED (__AltInterrupt38)?ABSOLUTE (__AltInterrupt38):DEFINED (__Interrupt38)?ABSOLUTE (__Interrupt38):ABSOLUTE (__DefaultInterrupt)
                  0x000162          0x4 LONG 0xf00 DEFINED (__AltInterrupt39)?ABSOLUTE (__AltInterrupt39):DEFINED (__Interrupt39)?ABSOLUTE (__Interrupt39):ABSOLUTE (__DefaultInterrupt)
                  0x000164          0x4 LONG 0xf00 DEFINED (__AltInterrupt40)?ABSOLUTE (__AltInterrupt40):DEFINED (__Interrupt40)?ABSOLUTE (__Interrupt40):ABSOLUTE (__DefaultInterrupt)
                  0x000166          0x4 LONG 0xf00 DEFINED (__AltInterrupt41)?ABSOLUTE (__AltInterrupt41):DEFINED (__Interrupt41)?ABSOLUTE (__Interrupt41):ABSOLUTE (__DefaultInterrupt)
                  0x000168          0x4 LONG 0xf00 DEFINED (__AltInterrupt42)?ABSOLUTE (__AltInterrupt42):DEFINED (__Interrupt42)?ABSOLUTE (__Interrupt42):ABSOLUTE (__DefaultInterrupt)
                  0x00016a          0x4 LONG 0xf00 DEFINED (__AltInterrupt43)?ABSOLUTE (__AltInterrupt43):DEFINED (__Interrupt43)?ABSOLUTE (__Interrupt43):ABSOLUTE (__DefaultInterrupt)
                  0x00016c          0x4 LONG 0xf00 DEFINED (__AltInterrupt44)?ABSOLUTE (__AltInterrupt44):DEFINED (__Interrupt44)?ABSOLUTE (__Interrupt44):ABSOLUTE (__DefaultInterrupt)
                  0x00016e          0x4 LONG 0xf00 DEFINED (__AltPMPInterrupt)?ABSOLUTE (__AltPMPInterrupt):DEFINED (__PMPInterrupt)?ABSOLUTE (__PMPInterrupt):ABSOLUTE (__DefaultInterrupt)
                  0x000170          0x4 LONG 0xf00 DEFINED (__AltDMA4Interrupt)?ABSOLUTE (__AltDMA4Interrupt):DEFINED (__DMA4Interrupt)?ABSOLUTE (__DMA4Interrupt):ABSOLUTE (__DefaultInterrupt)
                  0x000172          0x4 LONG 0xf00 DEFINED (__AltInterrupt47)?ABSOLUTE (__AltInterrupt47):DEFINED (__Interrupt47)?ABSOLUTE (__Interrupt47):ABSOLUTE (__DefaultInterrupt)
                  0x000174          0x4 LONG 0xf00 DEFINED (__AltInterrupt48)?ABSOLUTE (__AltInterrupt48):DEFINED (__Interrupt48)?ABSOLUTE (__Interrupt48):ABSOLUTE (__DefaultInterrupt)
                  0x000176          0x4 LONG 0xf00 DEFINED (__AltInterrupt49)?ABSOLUTE (__AltInterrupt49):DEFINED (__Interrupt49)?ABSOLUTE (__Interrupt49):ABSOLUTE (__DefaultInterrupt)
                  0x000178          0x4 LONG 0xf00 DEFINED (__AltInterrupt50)?ABSOLUTE (__AltInterrupt50):DEFINED (__Interrupt50)?ABSOLUTE (__Interrupt50):ABSOLUTE (__DefaultInterrupt)
                  0x00017a          0x4 LONG 0xf00 DEFINED (__AltInterrupt51)?ABSOLUTE (__AltInterrupt51):DEFINED (__Interrupt51)?ABSOLUTE (__Interrupt51):ABSOLUTE (__DefaultInterrupt)
                  0x00017c          0x4 LONG 0xf00 DEFINED (__AltInterrupt52)?ABSOLUTE (__AltInterrupt52):DEFINED (__Interrupt52)?ABSOLUTE (__Interrupt52):ABSOLUTE (__DefaultInterrupt)
                  0x00017e          0x4 LONG 0xf00 DEFINED (__AltInterrupt53)?ABSOLUTE (__AltInterrupt53):DEFINED (__Interrupt53)?ABSOLUTE (__Interrupt53):ABSOLUTE (__DefaultInterrupt)
                  0x000180          0x4 LONG 0xf00 DEFINED (__AltInterrupt54)?ABSOLUTE (__AltInterrupt54):DEFINED (__Interrupt54)?ABSOLUTE (__Interrupt54):ABSOLUTE (__DefaultInterrupt)
                  0x000182          0x4 LONG 0xf00 DEFINED (__AltInterrupt55)?ABSOLUTE (__AltInterrupt55):DEFINED (__Interrupt55)?ABSOLUTE (__Interrupt55):ABSOLUTE (__DefaultInterrupt)
                  0x000184          0x4 LONG 0xf00 DEFINED (__AltInterrupt56)?ABSOLUTE (__AltInterrupt56):DEFINED (__Interrupt56)?ABSOLUTE (__Interrupt56):ABSOLUTE (__DefaultInterrupt)
                  0x000186          0x4 LONG 0xf00 DEFINED (__AltInterrupt57)?ABSOLUTE (__AltInterrupt57):DEFINED (__Interrupt57)?ABSOLUTE (__Interrupt57):ABSOLUTE (__DefaultInterrupt)
                  0x000188          0x4 LONG 0xf00 DEFINED (__AltInterrupt58)?ABSOLUTE (__AltInterrupt58):DEFINED (__Interrupt58)?ABSOLUTE (__Interrupt58):ABSOLUTE (__DefaultInterrupt)
                  0x00018a          0x4 LONG 0xf00 DEFINED (__AltInterrupt59)?ABSOLUTE (__AltInterrupt59):DEFINED (__Interrupt59)?ABSOLUTE (__Interrupt59):ABSOLUTE (__DefaultInterrupt)
                  0x00018c          0x4 LONG 0xf00 DEFINED (__AltInterrupt60)?ABSOLUTE (__AltInterrupt60):DEFINED (__Interrupt60)?ABSOLUTE (__Interrupt60):ABSOLUTE (__DefaultInterrupt)
                  0x00018e          0x4 LONG 0xf00 DEFINED (__AltDMA5Interrupt)?ABSOLUTE (__AltDMA5Interrupt):DEFINED (__DMA5Interrupt)?ABSOLUTE (__DMA5Interrupt):ABSOLUTE (__DefaultInterrupt)